<html>
<body>
<pre>
<h1>µVision Build Log</h1>
<h2>Project:</h2>
C:\Users\Brendan\Documents\College\UMICH Dearborn\ECE 473\Final Project\Github\TIVA_CAN_Bus_Project\Tx\EvalBoards\TI\Tiva C Launchpad EK-TM4C123GXL\OS2\KeilMDK\OS2.uvproj
Project File Date:  11/06/2014

<h2>Output:</h2>
Rebuild target 'FLASH'
compiling app.c...
..\..\BSP\inc/hw_ints.h(224): warning:  #47-D: incompatible redefinition of macro "INT_ADC0SS0" (declared at line 62 of "..\..\BSP\inc/tm4c123gh6pm.h")
  #define INT_ADC0SS0             INT_CONCAT(INT_ADC0SS0_, INT_DEVICE_CLASS)
..\..\BSP\inc/hw_ints.h(225): warning:  #47-D: incompatible redefinition of macro "INT_ADC0SS1" (declared at line 63 of "..\..\BSP\inc/tm4c123gh6pm.h")
  #define INT_ADC0SS1             INT_CONCAT(INT_ADC0SS1_, INT_DEVICE_CLASS)
..\..\BSP\inc/hw_ints.h(226): warning:  #47-D: incompatible redefinition of macro "INT_ADC0SS2" (declared at line 64 of "..\..\BSP\inc/tm4c123gh6pm.h")
  #define INT_ADC0SS2             INT_CONCAT(INT_ADC0SS2_, INT_DEVICE_CLASS)
..\..\BSP\inc/hw_ints.h(227): warning:  #47-D: incompatible redefinition of macro "INT_ADC0SS3" (declared at line 65 of "..\..\BSP\inc/tm4c123gh6pm.h")
  #define INT_ADC0SS3             INT_CONCAT(INT_ADC0SS3_, INT_DEVICE_CLASS)
..\..\BSP\inc/hw_ints.h(228): warning:  #47-D: incompatible redefinition of macro "INT_ADC1SS0" (declared at line 92 of "..\..\BSP\inc/tm4c123gh6pm.h")
  #define INT_ADC1SS0             INT_CONCAT(INT_ADC1SS0_, INT_DEVICE_CLASS)
..\..\BSP\inc/hw_ints.h(229): warning:  #47-D: incompatible redefinition of macro "INT_ADC1SS1" (declared at line 93 of "..\..\BSP\inc/tm4c123gh6pm.h")
  #define INT_ADC1SS1             INT_CONCAT(INT_ADC1SS1_, INT_DEVICE_CLASS)
..\..\BSP\inc/hw_ints.h(230): warning:  #47-D: incompatible redefinition of macro "INT_ADC1SS2" (declared at line 94 of "..\..\BSP\inc/tm4c123gh6pm.h")
  #define INT_ADC1SS2             INT_CONCAT(INT_ADC1SS2_, INT_DEVICE_CLASS)
..\..\BSP\inc/hw_ints.h(231): warning:  #47-D: incompatible redefinition of macro "INT_ADC1SS3" (declared at line 95 of "..\..\BSP\inc/tm4c123gh6pm.h")
  #define INT_ADC1SS3             INT_CONCAT(INT_ADC1SS3_, INT_DEVICE_CLASS)
..\..\BSP\inc/hw_ints.h(232): warning:  #47-D: incompatible redefinition of macro "INT_CAN0" (declared at line 85 of "..\..\BSP\inc/tm4c123gh6pm.h")
  #define INT_CAN0                INT_CONCAT(INT_CAN0_, INT_DEVICE_CLASS)
..\..\BSP\inc/hw_ints.h(233): warning:  #47-D: incompatible redefinition of macro "INT_CAN1" (declared at line 86 of "..\..\BSP\inc/tm4c123gh6pm.h")
  #define INT_CAN1                INT_CONCAT(INT_CAN1_, INT_DEVICE_CLASS)
..\..\BSP\inc/hw_ints.h(234): warning:  #47-D: incompatible redefinition of macro "INT_COMP0" (declared at line 73 of "..\..\BSP\inc/tm4c123gh6pm.h")
  #define INT_COMP0               INT_CONCAT(INT_COMP0_, INT_DEVICE_CLASS)
..\..\BSP\inc/hw_ints.h(235): warning:  #47-D: incompatible redefinition of macro "INT_COMP1" (declared at line 74 of "..\..\BSP\inc/tm4c123gh6pm.h")
  #define INT_COMP1               INT_CONCAT(INT_COMP1_, INT_DEVICE_CLASS)
..\..\BSP\inc/hw_ints.h(237): warning:  #47-D: incompatible redefinition of macro "INT_FLASH" (declared at line 76 of "..\..\BSP\inc/tm4c123gh6pm.h")
  #define INT_FLASH               INT_CONCAT(INT_FLASH_, INT_DEVICE_CLASS)
..\..\BSP\inc/hw_ints.h(238): warning:  #47-D: incompatible redefinition of macro "INT_GPIOA" (declared at line 48 of "..\..\BSP\inc/tm4c123gh6pm.h")
  #define INT_GPIOA               INT_CONCAT(INT_GPIOA_, INT_DEVICE_CLASS)
..\..\BSP\inc/hw_ints.h(239): warning:  #47-D: incompatible redefinition of macro "INT_GPIOB" (declared at line 49 of "..\..\BSP\inc/tm4c123gh6pm.h")
  #define INT_GPIOB               INT_CONCAT(INT_GPIOB_, INT_DEVICE_CLASS)
..\..\BSP\inc/hw_ints.h(240): warning:  #47-D: incompatible redefinition of macro "INT_GPIOC" (declared at line 50 of "..\..\BSP\inc/tm4c123gh6pm.h")
  #define INT_GPIOC               INT_CONCAT(INT_GPIOC_, INT_DEVICE_CLASS)
..\..\BSP\inc/hw_ints.h(241): warning:  #47-D: incompatible redefinition of macro "INT_GPIOD" (declared at line 51 of "..\..\BSP\inc/tm4c123gh6pm.h")
  #define INT_GPIOD               INT_CONCAT(INT_GPIOD_, INT_DEVICE_CLASS)
..\..\BSP\inc/hw_ints.h(242): warning:  #47-D: incompatible redefinition of macro "INT_GPIOE" (declared at line 52 of "..\..\BSP\inc/tm4c123gh6pm.h")
  #define INT_GPIOE               INT_CONCAT(INT_GPIOE_, INT_DEVICE_CLASS)
..\..\BSP\inc/hw_ints.h(243): warning:  #47-D: incompatible redefinition of macro "INT_GPIOF" (declared at line 78 of "..\..\BSP\inc/tm4c123gh6pm.h")
  #define INT_GPIOF               INT_CONCAT(INT_GPIOF_, INT_DEVICE_CLASS)
..\..\BSP\inc/hw_ints.h(267): warning:  #47-D: incompatible redefinition of macro "INT_HIBERNATE" (declared at line 87 of "..\..\BSP\inc/tm4c123gh6pm.h")
  #define INT_HIBERNATE           INT_CONCAT(INT_HIBERNATE_, INT_DEVICE_CLASS)
..\..\BSP\inc/hw_ints.h(268): warning:  #47-D: incompatible redefinition of macro "INT_I2C0" (declared at line 56 of "..\..\BSP\inc/tm4c123gh6pm.h")
  #define INT_I2C0                INT_CONCAT(INT_I2C0_, INT_DEVICE_CLASS)
..\..\BSP\inc/hw_ints.h(269): warning:  #47-D: incompatible redefinition of macro "INT_I2C1" (declared at line 83 of "..\..\BSP\inc/tm4c123gh6pm.h")
  #define INT_I2C1                INT_CONCAT(INT_I2C1_, INT_DEVICE_CLASS)
..\..\BSP\inc/hw_ints.h(270): warning:  #47-D: incompatible redefinition of macro "INT_I2C2" (declared at line 103 of "..\..\BSP\inc/tm4c123gh6pm.h")
  #define INT_I2C2                INT_CONCAT(INT_I2C2_, INT_DEVICE_CLASS)
..\..\BSP\inc/hw_ints.h(271): warning:  #47-D: incompatible redefinition of macro "INT_I2C3" (declared at line 104 of "..\..\BSP\inc/tm4c123gh6pm.h")
  #define INT_I2C3                INT_CONCAT(INT_I2C3_, INT_DEVICE_CLASS)
..\..\BSP\inc/hw_ints.h(274): warning:  #47-D: incompatible redefinition of macro "INT_PWM0_0" (declared at line 58 of "..\..\BSP\inc/tm4c123gh6pm.h")
  #define INT_PWM0_0              INT_CONCAT(INT_PWM0_0_, INT_DEVICE_CLASS)
..\..\BSP\inc/hw_ints.h(275): warning:  #47-D: incompatible redefinition of macro "INT_PWM0_1" (declared at line 59 of "..\..\BSP\inc/tm4c123gh6pm.h")
  #define INT_PWM0_1              INT_CONCAT(INT_PWM0_1_, INT_DEVICE_CLASS)
..\..\BSP\inc/hw_ints.h(276): warning:  #47-D: incompatible redefinition of macro "INT_PWM0_2" (declared at line 60 of "..\..\BSP\inc/tm4c123gh6pm.h")
  #define INT_PWM0_2              INT_CONCAT(INT_PWM0_2_, INT_DEVICE_CLASS)
..\..\BSP\inc/hw_ints.h(277): warning:  #47-D: incompatible redefinition of macro "INT_PWM0_3" (declared at line 89 of "..\..\BSP\inc/tm4c123gh6pm.h")
  #define INT_PWM0_3              INT_CONCAT(INT_PWM0_3_, INT_DEVICE_CLASS)
..\..\BSP\inc/hw_ints.h(278): warning:  #47-D: incompatible redefinition of macro "INT_PWM0_FAULT" (declared at line 57 of "..\..\BSP\inc/tm4c123gh6pm.h")
  #define INT_PWM0_FAULT          INT_CONCAT(INT_PWM0_FAULT_, INT_DEVICE_CLASS)
..\..\BSP\inc/hw_ints.h(279): warning:  #47-D: incompatible redefinition of macro "INT_PWM1_0" (declared at line 122 of "..\..\BSP\inc/tm4c123gh6pm.h")
  #define INT_PWM1_0              INT_CONCAT(INT_PWM1_0_, INT_DEVICE_CLASS)
..\..\BSP\inc/hw_ints.h(280): warning:  #47-D: incompatible redefinition of macro "INT_PWM1_1" (declared at line 123 of "..\..\BSP\inc/tm4c123gh6pm.h")
  #define INT_PWM1_1              INT_CONCAT(INT_PWM1_1_, INT_DEVICE_CLASS)
..\..\BSP\inc/hw_ints.h(281): warning:  #47-D: incompatible redefinition of macro "INT_PWM1_2" (declared at line 124 of "..\..\BSP\inc/tm4c123gh6pm.h")
  #define INT_PWM1_2              INT_CONCAT(INT_PWM1_2_, INT_DEVICE_CLASS)
..\..\BSP\inc/hw_ints.h(282): warning:  #47-D: incompatible redefinition of macro "INT_PWM1_3" (declared at line 125 of "..\..\BSP\inc/tm4c123gh6pm.h")
  #define INT_PWM1_3              INT_CONCAT(INT_PWM1_3_, INT_DEVICE_CLASS)
..\..\BSP\inc/hw_ints.h(283): warning:  #47-D: incompatible redefinition of macro "INT_PWM1_FAULT" (declared at line 126 of "..\..\BSP\inc/tm4c123gh6pm.h")
  #define INT_PWM1_FAULT          INT_CONCAT(INT_PWM1_FAULT_, INT_DEVICE_CLASS)
..\..\BSP\inc/hw_ints.h(284): warning:  #47-D: incompatible redefinition of macro "INT_QEI0" (declared at line 61 of "..\..\BSP\inc/tm4c123gh6pm.h")
  #define INT_QEI0                INT_CONCAT(INT_QEI0_, INT_DEVICE_CLASS)
..\..\BSP\inc/hw_ints.h(285): warning:  #47-D: incompatible redefinition of macro "INT_QEI1" (declared at line 84 of "..\..\BSP\inc/tm4c123gh6pm.h")
  #define INT_QEI1                INT_CONCAT(INT_QEI1_, INT_DEVICE_CLASS)
..\..\BSP\inc/hw_ints.h(286): warning:  #47-D: incompatible redefinition of macro "INT_SSI0" (declared at line 55 of "..\..\BSP\inc/tm4c123gh6pm.h")
  #define INT_SSI0                INT_CONCAT(INT_SSI0_, INT_DEVICE_CLASS)
..\..\BSP\inc/hw_ints.h(287): warning:  #47-D: incompatible redefinition of macro "INT_SSI1" (declared at line 80 of "..\..\BSP\inc/tm4c123gh6pm.h")
  #define INT_SSI1                INT_CONCAT(INT_SSI1_, INT_DEVICE_CLASS)
..\..\BSP\inc/hw_ints.h(288): warning:  #47-D: incompatible redefinition of macro "INT_SSI2" (declared at line 96 of "..\..\BSP\inc/tm4c123gh6pm.h")
  #define INT_SSI2                INT_CONCAT(INT_SSI2_, INT_DEVICE_CLASS)
..\..\BSP\inc/hw_ints.h(289): warning:  #47-D: incompatible redefinition of macro "INT_SSI3" (declared at line 97 of "..\..\BSP\inc/tm4c123gh6pm.h")
  #define INT_SSI3                INT_CONCAT(INT_SSI3_, INT_DEVICE_CLASS)
..\..\BSP\inc/hw_ints.h(290): warning:  #47-D: incompatible redefinition of macro "INT_SYSCTL" (declared at line 75 of "..\..\BSP\inc/tm4c123gh6pm.h")
  #define INT_SYSCTL              INT_CONCAT(INT_SYSCTL_, INT_DEVICE_CLASS)
..\..\BSP\inc/hw_ints.h(291): warning:  #47-D: incompatible redefinition of macro "INT_SYSEXC" (declared at line 121 of "..\..\BSP\inc/tm4c123gh6pm.h")
  #define INT_SYSEXC              INT_CONCAT(INT_SYSEXC_, INT_DEVICE_CLASS)
..\..\BSP\inc/hw_ints.h(292): warning:  #47-D: incompatible redefinition of macro "INT_TIMER0A" (declared at line 67 of "..\..\BSP\inc/tm4c123gh6pm.h")
  #define INT_TIMER0A             INT_CONCAT(INT_TIMER0A_, INT_DEVICE_CLASS)
..\..\BSP\inc/hw_ints.h(293): warning:  #47-D: incompatible redefinition of macro "INT_TIMER0B" (declared at line 68 of "..\..\BSP\inc/tm4c123gh6pm.h")
  #define INT_TIMER0B             INT_CONCAT(INT_TIMER0B_, INT_DEVICE_CLASS)
..\..\BSP\inc/hw_ints.h(294): warning:  #47-D: incompatible redefinition of macro "INT_TIMER1A" (declared at line 69 of "..\..\BSP\inc/tm4c123gh6pm.h")
  #define INT_TIMER1A             INT_CONCAT(INT_TIMER1A_, INT_DEVICE_CLASS)
..\..\BSP\inc/hw_ints.h(295): warning:  #47-D: incompatible redefinition of macro "INT_TIMER1B" (declared at line 70 of "..\..\BSP\inc/tm4c123gh6pm.h")
  #define INT_TIMER1B             INT_CONCAT(INT_TIMER1B_, INT_DEVICE_CLASS)
..\..\BSP\inc/hw_ints.h(296): warning:  #47-D: incompatible redefinition of macro "INT_TIMER2A" (declared at line 71 of "..\..\BSP\inc/tm4c123gh6pm.h")
  #define INT_TIMER2A             INT_CONCAT(INT_TIMER2A_, INT_DEVICE_CLASS)
..\..\BSP\inc/hw_ints.h(297): warning:  #47-D: incompatible redefinition of macro "INT_TIMER2B" (declared at line 72 of "..\..\BSP\inc/tm4c123gh6pm.h")
  #define INT_TIMER2B             INT_CONCAT(INT_TIMER2B_, INT_DEVICE_CLASS)
..\..\BSP\inc/hw_ints.h(298): warning:  #47-D: incompatible redefinition of macro "INT_TIMER3A" (declared at line 81 of "..\..\BSP\inc/tm4c123gh6pm.h")
  #define INT_TIMER3A             INT_CONCAT(INT_TIMER3A_, INT_DEVICE_CLASS)
..\..\BSP\inc/hw_ints.h(299): warning:  #47-D: incompatible redefinition of macro "INT_TIMER3B" (declared at line 82 of "..\..\BSP\inc/tm4c123gh6pm.h")
  #define INT_TIMER3B             INT_CONCAT(INT_TIMER3B_, INT_DEVICE_CLASS)
..\..\BSP\inc/hw_ints.h(300): warning:  #47-D: incompatible redefinition of macro "INT_TIMER4A" (declared at line 105 of "..\..\BSP\inc/tm4c123gh6pm.h")
  #define INT_TIMER4A             INT_CONCAT(INT_TIMER4A_, INT_DEVICE_CLASS)
..\..\BSP\inc/hw_ints.h(301): warning:  #47-D: incompatible redefinition of macro "INT_TIMER4B" (declared at line 106 of "..\..\BSP\inc/tm4c123gh6pm.h")
  #define INT_TIMER4B             INT_CONCAT(INT_TIMER4B_, INT_DEVICE_CLASS)
..\..\BSP\inc/hw_ints.h(302): warning:  #47-D: incompatible redefinition of macro "INT_TIMER5A" (declared at line 107 of "..\..\BSP\inc/tm4c123gh6pm.h")
  #define INT_TIMER5A             INT_CONCAT(INT_TIMER5A_, INT_DEVICE_CLASS)
..\..\BSP\inc/hw_ints.h(303): warning:  #47-D: incompatible redefinition of macro "INT_TIMER5B" (declared at line 108 of "..\..\BSP\inc/tm4c123gh6pm.h")
  #define INT_TIMER5B             INT_CONCAT(INT_TIMER5B_, INT_DEVICE_CLASS)
..\..\BSP\inc/hw_ints.h(304): warning:  #47-D: incompatible redefinition of macro "INT_UART0" (declared at line 53 of "..\..\BSP\inc/tm4c123gh6pm.h")
  #define INT_UART0               INT_CONCAT(INT_UART0_, INT_DEVICE_CLASS)
..\..\BSP\inc/hw_ints.h(305): warning:  #47-D: incompatible redefinition of macro "INT_UART1" (declared at line 54 of "..\..\BSP\inc/tm4c123gh6pm.h")
  #define INT_UART1               INT_CONCAT(INT_UART1_, INT_DEVICE_CLASS)
..\..\BSP\inc/hw_ints.h(306): warning:  #47-D: incompatible redefinition of macro "INT_UART2" (declared at line 79 of "..\..\BSP\inc/tm4c123gh6pm.h")
  #define INT_UART2               INT_CONCAT(INT_UART2_, INT_DEVICE_CLASS)
..\..\BSP\inc/hw_ints.h(307): warning:  #47-D: incompatible redefinition of macro "INT_UART3" (declared at line 98 of "..\..\BSP\inc/tm4c123gh6pm.h")
  #define INT_UART3               INT_CONCAT(INT_UART3_, INT_DEVICE_CLASS)
..\..\BSP\inc/hw_ints.h(308): warning:  #47-D: incompatible redefinition of macro "INT_UART4" (declared at line 99 of "..\..\BSP\inc/tm4c123gh6pm.h")
  #define INT_UART4               INT_CONCAT(INT_UART4_, INT_DEVICE_CLASS)
..\..\BSP\inc/hw_ints.h(309): warning:  #47-D: incompatible redefinition of macro "INT_UART5" (declared at line 100 of "..\..\BSP\inc/tm4c123gh6pm.h")
  #define INT_UART5               INT_CONCAT(INT_UART5_, INT_DEVICE_CLASS)
..\..\BSP\inc/hw_ints.h(310): warning:  #47-D: incompatible redefinition of macro "INT_UART6" (declared at line 101 of "..\..\BSP\inc/tm4c123gh6pm.h")
  #define INT_UART6               INT_CONCAT(INT_UART6_, INT_DEVICE_CLASS)
..\..\BSP\inc/hw_ints.h(311): warning:  #47-D: incompatible redefinition of macro "INT_UART7" (declared at line 102 of "..\..\BSP\inc/tm4c123gh6pm.h")
  #define INT_UART7               INT_CONCAT(INT_UART7_, INT_DEVICE_CLASS)
..\..\BSP\inc/hw_ints.h(312): warning:  #47-D: incompatible redefinition of macro "INT_UDMA" (declared at line 90 of "..\..\BSP\inc/tm4c123gh6pm.h")
  #define INT_UDMA                INT_CONCAT(INT_UDMA_, INT_DEVICE_CLASS)
..\..\BSP\inc/hw_ints.h(313): warning:  #47-D: incompatible redefinition of macro "INT_UDMAERR" (declared at line 91 of "..\..\BSP\inc/tm4c123gh6pm.h")
  #define INT_UDMAERR             INT_CONCAT(INT_UDMAERR_, INT_DEVICE_CLASS)
..\..\BSP\inc/hw_ints.h(314): warning:  #47-D: incompatible redefinition of macro "INT_USB0" (declared at line 88 of "..\..\BSP\inc/tm4c123gh6pm.h")
  #define INT_USB0                INT_CONCAT(INT_USB0_, INT_DEVICE_CLASS)
..\..\BSP\inc/hw_ints.h(315): warning:  #47-D: incompatible redefinition of macro "INT_WATCHDOG" (declared at line 66 of "..\..\BSP\inc/tm4c123gh6pm.h")
  #define INT_WATCHDOG            INT_CONCAT(INT_WATCHDOG_, INT_DEVICE_CLASS)
..\..\BSP\inc/hw_ints.h(316): warning:  #47-D: incompatible redefinition of macro "INT_WTIMER0A" (declared at line 109 of "..\..\BSP\inc/tm4c123gh6pm.h")
  #define INT_WTIMER0A            INT_CONCAT(INT_WTIMER0A_, INT_DEVICE_CLASS)
..\..\BSP\inc/hw_ints.h(317): warning:  #47-D: incompatible redefinition of macro "INT_WTIMER0B" (declared at line 110 of "..\..\BSP\inc/tm4c123gh6pm.h")
  #define INT_WTIMER0B            INT_CONCAT(INT_WTIMER0B_, INT_DEVICE_CLASS)
..\..\BSP\inc/hw_ints.h(318): warning:  #47-D: incompatible redefinition of macro "INT_WTIMER1A" (declared at line 111 of "..\..\BSP\inc/tm4c123gh6pm.h")
  #define INT_WTIMER1A            INT_CONCAT(INT_WTIMER1A_, INT_DEVICE_CLASS)
..\..\BSP\inc/hw_ints.h(319): warning:  #47-D: incompatible redefinition of macro "INT_WTIMER1B" (declared at line 112 of "..\..\BSP\inc/tm4c123gh6pm.h")
  #define INT_WTIMER1B            INT_CONCAT(INT_WTIMER1B_, INT_DEVICE_CLASS)
..\..\BSP\inc/hw_ints.h(320): warning:  #47-D: incompatible redefinition of macro "INT_WTIMER2A" (declared at line 113 of "..\..\BSP\inc/tm4c123gh6pm.h")
  #define INT_WTIMER2A            INT_CONCAT(INT_WTIMER2A_, INT_DEVICE_CLASS)
..\..\BSP\inc/hw_ints.h(321): warning:  #47-D: incompatible redefinition of macro "INT_WTIMER2B" (declared at line 114 of "..\..\BSP\inc/tm4c123gh6pm.h")
  #define INT_WTIMER2B            INT_CONCAT(INT_WTIMER2B_, INT_DEVICE_CLASS)
..\..\BSP\inc/hw_ints.h(322): warning:  #47-D: incompatible redefinition of macro "INT_WTIMER3A" (declared at line 115 of "..\..\BSP\inc/tm4c123gh6pm.h")
  #define INT_WTIMER3A            INT_CONCAT(INT_WTIMER3A_, INT_DEVICE_CLASS)
..\..\BSP\inc/hw_ints.h(323): warning:  #47-D: incompatible redefinition of macro "INT_WTIMER3B" (declared at line 116 of "..\..\BSP\inc/tm4c123gh6pm.h")
  #define INT_WTIMER3B            INT_CONCAT(INT_WTIMER3B_, INT_DEVICE_CLASS)
..\..\BSP\inc/hw_ints.h(324): warning:  #47-D: incompatible redefinition of macro "INT_WTIMER4A" (declared at line 117 of "..\..\BSP\inc/tm4c123gh6pm.h")
  #define INT_WTIMER4A            INT_CONCAT(INT_WTIMER4A_, INT_DEVICE_CLASS)
..\..\BSP\inc/hw_ints.h(325): warning:  #47-D: incompatible redefinition of macro "INT_WTIMER4B" (declared at line 118 of "..\..\BSP\inc/tm4c123gh6pm.h")
  #define INT_WTIMER4B            INT_CONCAT(INT_WTIMER4B_, INT_DEVICE_CLASS)
..\..\BSP\inc/hw_ints.h(326): warning:  #47-D: incompatible redefinition of macro "INT_WTIMER5A" (declared at line 119 of "..\..\BSP\inc/tm4c123gh6pm.h")
  #define INT_WTIMER5A            INT_CONCAT(INT_WTIMER5A_, INT_DEVICE_CLASS)
..\..\BSP\inc/hw_ints.h(327): warning:  #47-D: incompatible redefinition of macro "INT_WTIMER5B" (declared at line 120 of "..\..\BSP\inc/tm4c123gh6pm.h")
  #define INT_WTIMER5B            INT_CONCAT(INT_WTIMER5B_, INT_DEVICE_CLASS)
..\app.c(633): warning:  #177-D: variable "count" was declared but never referenced
        static INT8U count = 0;
..\app.c: 79 warnings, 0 errors
compiling app_hooks.c...
compiling bsp.c...
compiling bsp_int.c...
compiling bsp_led.c...
..\..\BSP\bsp_led.c(194): warning: C4017W: pins_set may be used before being set
    CPU_INT32U  pins_set;
..\..\BSP\bsp_led.c(193): warning: C4017W: pins_clr may be used before being set
    CPU_INT32U  pins_clr;
..\..\BSP\bsp_led.c: 2 warnings, 0 errors
compiling bsp_sys.c...
compiling cpu_bsp.c...
assembling cstartup.s...
compiling cpu_core.c...
assembling cpu_a.asm...
compiling cpu_c.c...
compiling lib_ascii.c...
compiling lib_math.c...
compiling lib_mem.c...
compiling lib_str.c...
..\..\..\..\..\uC-LIB\lib_str.c(3468): warning: C4017W: nbr_neg_fmtd may be used before being set
    CPU_BOOLEAN   nbr_neg_fmtd;
..\..\..\..\..\uC-LIB\lib_str.c(3454): warning: C4017W: nbr_fmt may be used before being set
    CPU_INT32U    nbr_fmt;
..\..\..\..\..\uC-LIB\lib_str.c: 2 warnings, 0 errors
assembling lib_mem_a.asm...
compiling os_core.c...
compiling os_flag.c...
compiling os_mbox.c...
compiling os_mem.c...
compiling os_mutex.c...
compiling os_q.c...
compiling os_sem.c...
compiling os_task.c...
compiling os_time.c...
compiling os_tmr.c...
assembling os_cpu_a.asm...
compiling os_cpu_c.c...
..\..\..\..\..\uCOS-II\Ports\ARM-Cortex-M4\Generic\RealView\os_cpu_c.c(381): warning:  #223-D: function "OS_CPU_FP_Reg_Push" declared implicitly
          OS_CPU_FP_Reg_Push(OSTCBCur->OSTCBStkPtr);
..\..\..\..\..\uCOS-II\Ports\ARM-Cortex-M4\Generic\RealView\os_cpu_c.c(385): warning:  #223-D: function "OS_CPU_FP_Reg_Pop" declared implicitly
          OS_CPU_FP_Reg_Pop(OSTCBHighRdy->OSTCBStkPtr);
..\..\..\..\..\uCOS-II\Ports\ARM-Cortex-M4\Generic\RealView\os_cpu_c.c: 2 warnings, 0 errors
compiling os_dbg.c...
compiling adc.c...
compiling can.c...
compiling comp.c...
compiling cpu.c...
compiling eeprom.c...
compiling flash.c...
compiling fpu.c...
compiling gpio.c...
compiling hibernate.c...
compiling i2c.c...
compiling interrupt.c...
compiling mpu.c...
compiling pwm.c...
compiling qei.c...
compiling ssi.c...
compiling sw_crc.c...
compiling sysctl.c...
compiling sysexc.c...
compiling systick.c...
compiling timer.c...
compiling uart.c...
compiling udma.c...
compiling usb.c...
compiling watchdog.c...
compiling uartstdio.c...
linking...
Program Size: Code=22752 RO-data=2044 RW-data=1644 ZI-data=9828  
".\Flash\OS2.axf" - 0 Error(s), 85 Warning(s).
</pre>
</body>
</html>
