ARM Linker, 5.03 [Build 76] [MDK-ARM Lite]

==============================================================================

Section Cross References

    app.o(.text) refers to os_time.o(.text) for OSTimeDlyHMSM
    app.o(.text) refers to os_flag.o(.text) for OSFlagPost
    app.o(.text) refers to can.o(.text) for CANMessageSet
    app.o(.text) refers to uartstdio.o(.text) for UARTprintf
    app.o(.text) refers to bsp_led.o(.text) for BSP_LED_Toggle
    app.o(.text) refers to app.o(.bss) for .bss
    app.o(.text) refers to app.o(.constdata) for .constdata
    app.o(.text) refers to app.o(.data) for .data
    app.o(.text) refers to bsp.o(.text) for BSP_Init
    app.o(.text) refers to bsp_sys.o(.text) for BSP_SysClkFreqGet
    app.o(.text) refers to os_cpu_c.o(.text) for OS_CPU_SysTickInit
    app.o(.text) refers to cpu_core.o(.text) for CPU_Init
    app.o(.text) refers to os_core.o(.text) for OSStatInit
    app.o(.text) refers to lib_mem.o(.text) for Mem_Init
    app.o(.text) refers to os_task.o(.text) for OSTaskCreate
    app.o(.text) refers to cpu_a.o(.text) for CPU_IntDis
    app.o(.text) refers to sysctl.o(.text) for SysCtlPeripheralEnable
    app.o(.text) refers to gpio.o(.text) for GPIOPinConfigure
    bsp.o(.text) refers to bsp_int.o(.text) for BSP_IntInit
    bsp.o(.text) refers to bsp_sys.o(.text) for BSP_SysInit
    bsp.o(.text) refers to bsp_led.o(.text) for BSP_LED_Init
    bsp.o(.text) refers to sysctl.o(.text) for SysCtlPeripheralEnable
    bsp.o(.text) refers to gpio.o(.text) for GPIOPinConfigure
    bsp.o(.text) refers to uartstdio.o(.text) for UARTStdioConfig
    bsp.o(.text) refers to printf1.o(i.__0sprintf$1) for __2sprintf
    bsp_int.o(.text) refers to cpu_c.o(.text) for CPU_IntSrcDis
    bsp_int.o(.text) refers to cpu_a.o(.text) for CPU_IntDis
    bsp_int.o(.text) refers to os_core.o(.text) for OSIntEnter
    bsp_int.o(.text) refers to bsp_int.o(.bss) for .bss
    bsp_sys.o(.text) refers to sysctl.o(.text) for SysCtlClockSet
    cpu_bsp.o(.text) refers to bsp_sys.o(.text) for BSP_SysClkFreqGet
    cpu_bsp.o(.text) refers to cpu_core.o(.text) for CPU_TS_TmrFreqSet
    cpu_bsp.o(.text) refers to uldiv.o(.text) for __aeabi_uldivmod
    cstartup.o(RESET) refers to cstartup.o(STACK) for __initial_sp
    cstartup.o(RESET) refers to cstartup.o(.text) for Reset_Handler
    cstartup.o(RESET) refers to os_cpu_a.o(.text) for OS_CPU_PendSVHandler
    cstartup.o(RESET) refers to os_cpu_c.o(.text) for OS_CPU_SysTickHandler
    cstartup.o(RESET) refers to bsp_int.o(.text) for BSP_IntHandlerGPIOA
    cstartup.o(.text) refers to entry.o(.ARM.Collect$$$$00000000) for __main
    cpu_core.o(.text) refers to cpu_a.o(.text) for CPU_SR_Save
    cpu_core.o(.text) refers to lib_mem.o(.text) for Mem_Clr
    cpu_core.o(.text) refers to cpu_bsp.o(.text) for CPU_TS_TmrInit
    cpu_core.o(.text) refers to lib_str.o(.text) for Str_Copy_N
    cpu_core.o(.text) refers to cpu_core.o(.bss) for .bss
    cpu_core.o(.text) refers to cpu_core.o(.data) for .data
    cpu_core.o(.text) refers to cpu_core.o(.constdata) for .constdata
    cpu_c.o(.text) refers to cpu_a.o(.text) for CPU_SR_Save
    lib_math.o(.text) refers to cpu_a.o(.text) for CPU_SR_Save
    lib_math.o(.text) refers to lib_math.o(.data) for .data
    lib_mem.o(.text) refers to lib_mem_a.o(.text) for Mem_Copy
    lib_mem.o(.text) refers to cpu_core.o(.text) for CPU_SW_Exception
    lib_mem.o(.text) refers to cpu_a.o(.text) for CPU_SR_Save
    lib_mem.o(.text) refers to lib_mem.o(.bss) for .bss
    lib_mem.o(.text) refers to lib_mem.o(.data) for .data
    lib_str.o(.text) refers to lib_ascii.o(.text) for ASCII_ToLower
    lib_str.o(.text) refers to lib_str.o(.constdata) for .constdata
    os_core.o(.text) refers to os_cpu_a.o(.text) for OS_CPU_SR_Save
    os_core.o(.text) refers to os_task.o(.text) for OSTaskStkChk
    os_core.o(.text) refers to os_time.o(.text) for OSTimeDly
    os_core.o(.text) refers to os_cpu_c.o(.text) for OSTaskStatHook
    os_core.o(.text) refers to os_flag.o(.text) for OS_FlagInit
    os_core.o(.text) refers to os_mem.o(.text) for OS_MemInit
    os_core.o(.text) refers to os_core.o(.data) for .data
    os_core.o(.text) refers to os_core.o(.bss) for .bss
    os_core.o(.text) refers to os_dbg.o(.text) for OSDebugInit
    os_core.o(.text) refers to os_core.o(.constdata) for .constdata
    os_flag.o(.text) refers to os_cpu_a.o(.text) for OS_CPU_SR_Save
    os_flag.o(.text) refers to os_core.o(.text) for OS_Sched
    os_flag.o(.text) refers to os_core.o(.data) for OSIntNesting
    os_flag.o(.text) refers to os_core.o(.data) for OSFlagFreeList
    os_flag.o(.text) refers to os_core.o(.bss) for OSFlagTbl
    os_mbox.o(.text) refers to os_cpu_a.o(.text) for OS_CPU_SR_Save
    os_mbox.o(.text) refers to os_core.o(.text) for OS_EventWaitListInit
    os_mbox.o(.text) refers to os_core.o(.data) for OSIntNesting
    os_mem.o(.text) refers to os_cpu_a.o(.text) for OS_CPU_SR_Save
    os_mem.o(.text) refers to os_core.o(.text) for OS_StrLen
[...]
    Removing udma.o(.text), (680 bytes).
    Removing usb.o(.text), (2204 bytes).
    Removing watchdog.o(.text), (188 bytes).
    Removing dadd.o(.text), (334 bytes).
    Removing dmul.o(.text), (228 bytes).
    Removing ddiv.o(.text), (222 bytes).
    Removing dfixul.o(.text), (48 bytes).
    Removing cdrcmple.o(.text), (40 bytes).
    Removing depilogue.o(.text), (190 bytes).

53 unused section(s) (total 15534 bytes) removed from the image.

==============================================================================

Image Symbol Table

    Local Symbols

    Symbol Name                              Value     Ov Type        Size  Object(Section)

    RESET                                    0x00000000   Section      512  cstartup.o(RESET)
    ../clib/../cmprslib/zerorunl.c           0x00000000   Number         0  __dczerorl.o ABSOLUTE
    ../clib/microlib/division.c              0x00000000   Number         0  uldiv.o ABSOLUTE
    ../clib/microlib/division.c              0x00000000   Number         0  uidiv.o ABSOLUTE
    ../clib/microlib/init/entry.s            0x00000000   Number         0  entry11a.o ABSOLUTE
    ../clib/microlib/init/entry.s            0x00000000   Number         0  entry9b.o ABSOLUTE
    ../clib/microlib/init/entry.s            0x00000000   Number         0  entry7a.o ABSOLUTE
    ../clib/microlib/init/entry.s            0x00000000   Number         0  entry7b.o ABSOLUTE
    ../clib/microlib/init/entry.s            0x00000000   Number         0  entry8a.o ABSOLUTE
    ../clib/microlib/init/entry.s            0x00000000   Number         0  entry8b.o ABSOLUTE
    ../clib/microlib/init/entry.s            0x00000000   Number         0  entry9a.o ABSOLUTE
    ../clib/microlib/init/entry.s            0x00000000   Number         0  entry5.o ABSOLUTE
    ../clib/microlib/init/entry.s            0x00000000   Number         0  entry10a.o ABSOLUTE
    ../clib/microlib/init/entry.s            0x00000000   Number         0  entry10b.o ABSOLUTE
    ../clib/microlib/init/entry.s            0x00000000   Number         0  entry11b.o ABSOLUTE
    ../clib/microlib/init/entry.s            0x00000000   Number         0  entry.o ABSOLUTE
    ../clib/microlib/init/entry.s            0x00000000   Number         0  entry2.o ABSOLUTE
    ../clib/microlib/longlong.c              0x00000000   Number         0  llshl.o ABSOLUTE
    ../clib/microlib/longlong.c              0x00000000   Number         0  llushr.o ABSOLUTE
    ../clib/microlib/longlong.c              0x00000000   Number         0  llsshr.o ABSOLUTE
    ../clib/microlib/printf/printf.c         0x00000000   Number         0  printf3.o ABSOLUTE
    ../clib/microlib/printf/printf.c         0x00000000   Number         0  printf5.o ABSOLUTE
    ../clib/microlib/printf/printf.c         0x00000000   Number         0  printf4.o ABSOLUTE
    ../clib/microlib/printf/printf.c         0x00000000   Number         0  printf8.o ABSOLUTE
    ../clib/microlib/printf/printf.c         0x00000000   Number         0  printf2.o ABSOLUTE
    ../clib/microlib/printf/printf.c         0x00000000   Number         0  printf1.o ABSOLUTE
    ../clib/microlib/printf/printf.c         0x00000000   Number         0  printf0.o ABSOLUTE
    ../clib/microlib/printf/printf.c         0x00000000   Number         0  printfa.o ABSOLUTE
    ../clib/microlib/printf/printf.c         0x00000000   Number         0  printfb.o ABSOLUTE
    ../clib/microlib/printf/printf.c         0x00000000   Number         0  printf7.o ABSOLUTE
    ../clib/microlib/printf/printf.c         0x00000000   Number         0  printf6.o ABSOLUTE
    ../clib/microlib/printf/stubs.s          0x00000000   Number         0  stubs.o ABSOLUTE
    ../clib/microlib/stdio/fputc.c           0x00000000   Number         0  fputc.o ABSOLUTE
    ../clib/microlib/stdio/semi.s            0x00000000   Number         0  semi.o ABSOLUTE
    ../clib/microlib/stdio/streams.c         0x00000000   Number         0  stdout.o ABSOLUTE
    ../clib/microlib/stubs.s                 0x00000000   Number         0  iusefp.o ABSOLUTE
    ../clib/microlib/stubs.s                 0x00000000   Number         0  iusesemip.o ABSOLUTE
    ../fplib/microlib/fpadd.c                0x00000000   Number         0  dadd.o ABSOLUTE
    ../fplib/microlib/fpdiv.c                0x00000000   Number         0  ddiv.o ABSOLUTE
    ../fplib/microlib/fpepilogue.c           0x00000000   Number         0  depilogue.o ABSOLUTE
    ../fplib/microlib/fpfix.c                0x00000000   Number         0  dfixul.o ABSOLUTE
    ../fplib/microlib/fpmul.c                0x00000000   Number         0  dmul.o ABSOLUTE
    ..\..\..\..\..\uC-CPU\ARM-Cortex-M4\RealView\cpu_a.asm 0x00000000   Number         0  cpu_a.o ABSOLUTE
    ..\..\..\..\..\uC-CPU\ARM-Cortex-M4\RealView\cpu_c.c 0x00000000   Number         0  cpu_c.o ABSOLUTE
    ..\..\..\..\..\uC-CPU\cpu_core.c         0x00000000   Number         0  cpu_core.o ABSOLUTE
    ..\..\..\..\..\uC-LIB\Ports\ARM-Cortex-M4\RealView\lib_mem_a.asm 0x00000000   Number         0  lib_mem_a.o ABSOLUTE
    ..\..\..\..\..\uC-LIB\lib_ascii.c        0x00000000   Number         0  lib_ascii.o ABSOLUTE
    ..\..\..\..\..\uC-LIB\lib_math.c         0x00000000   Number         0  lib_math.o ABSOLUTE
    ..\..\..\..\..\uC-LIB\lib_mem.c          0x00000000   Number         0  lib_mem.o ABSOLUTE
    ..\..\..\..\..\uC-LIB\lib_str.c          0x00000000   Number         0  lib_str.o ABSOLUTE
    ..\..\..\..\..\uCOS-II\Ports\ARM-Cortex-M4\Generic\RealView\os_cpu_a.asm 0x00000000   Number         0  os_cpu_a.o ABSOLUTE
    ..\..\..\..\..\uCOS-II\Ports\ARM-Cortex-M4\Generic\RealView\os_cpu_c.c 0x00000000   Number         0  os_cpu_c.o ABSOLUTE
    ..\..\..\..\..\uCOS-II\Ports\ARM-Cortex-M4\Generic\RealView\os_dbg.c 0x00000000   Number         0  os_dbg.o ABSOLUTE
    ..\..\..\..\..\uCOS-II\Source\os_core.c  0x00000000   Number         0  os_core.o ABSOLUTE
    ..\..\..\..\..\uCOS-II\Source\os_flag.c  0x00000000   Number         0  os_flag.o ABSOLUTE
    ..\..\..\..\..\uCOS-II\Source\os_mbox.c  0x00000000   Number         0  os_mbox.o ABSOLUTE
    ..\..\..\..\..\uCOS-II\Source\os_mem.c   0x00000000   Number         0  os_mem.o ABSOLUTE
    ..\..\..\..\..\uCOS-II\Source\os_mutex.c 0x00000000   Number         0  os_mutex.o ABSOLUTE
    ..\..\..\..\..\uCOS-II\Source\os_q.c     0x00000000   Number         0  os_q.o ABSOLUTE
    ..\..\..\..\..\uCOS-II\Source\os_sem.c   0x00000000   Number         0  os_sem.o ABSOLUTE
    ..\..\..\..\..\uCOS-II\Source\os_task.c  0x00000000   Number         0  os_task.o ABSOLUTE
    ..\..\..\..\..\uCOS-II\Source\os_time.c  0x00000000   Number         0  os_time.o ABSOLUTE
    ..\..\..\..\..\uCOS-II\Source\os_tmr.c   0x00000000   Number         0  os_tmr.o ABSOLUTE
    ..\..\BSP\KeilMDK\cstartup.s             0x00000000   Number         0  cstartup.o ABSOLUTE
    ..\..\BSP\bsp.c                          0x00000000   Number         0  bsp.o ABSOLUTE
    ..\..\BSP\bsp_int.c                      0x00000000   Number         0  bsp_int.o ABSOLUTE
    ..\..\BSP\bsp_led.c                      0x00000000   Number         0  bsp_led.o ABSOLUTE
    ..\..\BSP\bsp_sys.c                      0x00000000   Number         0  bsp_sys.o ABSOLUTE
    ..\..\BSP\cpu_bsp.c                      0x00000000   Number         0  cpu_bsp.o ABSOLUTE
    ..\..\BSP\driverlib\adc.c                0x00000000   Number         0  adc.o ABSOLUTE
    ..\..\BSP\driverlib\can.c                0x00000000   Number         0  can.o ABSOLUTE
    ..\..\BSP\driverlib\comp.c               0x00000000   Number         0  comp.o ABSOLUTE
    ..\..\BSP\driverlib\cpu.c                0x00000000   Number         0  cpu.o ABSOLUTE
    ..\..\BSP\driverlib\eeprom.c             0x00000000   Number         0  eeprom.o ABSOLUTE
    ..\..\BSP\driverlib\flash.c              0x00000000   Number         0  flash.o ABSOLUTE
    ..\..\BSP\driverlib\fpu.c                0x00000000   Number         0  fpu.o ABSOLUTE
    ..\..\BSP\driverlib\gpio.c               0x00000000   Number         0  gpio.o ABSOLUTE
    ..\..\BSP\driverlib\hibernate.c          0x00000000   Number         0  hibernate.o ABSOLUTE
    ..\..\BSP\driverlib\i2c.c                0x00000000   Number         0  i2c.o ABSOLUTE
    ..\..\BSP\driverlib\interrupt.c          0x00000000   Number         0  interrupt.o ABSOLUTE
    ..\..\BSP\driverlib\mpu.c                0x00000000   Number         0  mpu.o ABSOLUTE
    ..\..\BSP\driverlib\pwm.c                0x00000000   Number         0  pwm.o ABSOLUTE
    ..\..\BSP\driverlib\qei.c                0x00000000   Number         0  qei.o ABSOLUTE
    ..\..\BSP\driverlib\ssi.c                0x00000000   Number         0  ssi.o ABSOLUTE
    ..\..\BSP\driverlib\sw_crc.c             0x00000000   Number         0  sw_crc.o ABSOLUTE
    ..\..\BSP\driverlib\sysctl.c             0x00000000   Number         0  sysctl.o ABSOLUTE
    ..\..\BSP\driverlib\sysexc.c             0x00000000   Number         0  sysexc.o ABSOLUTE
    ..\..\BSP\driverlib\systick.c            0x00000000   Number         0  systick.o ABSOLUTE
    ..\..\BSP\driverlib\timer.c              0x00000000   Number         0  timer.o ABSOLUTE
    ..\..\BSP\driverlib\uart.c               0x00000000   Number         0  uart.o ABSOLUTE
    ..\..\BSP\driverlib\udma.c               0x00000000   Number         0  udma.o ABSOLUTE
    ..\..\BSP\driverlib\usb.c                0x00000000   Number         0  usb.o ABSOLUTE
    ..\..\BSP\driverlib\watchdog.c           0x00000000   Number         0  watchdog.o ABSOLUTE
    ..\..\BSP\utils\uartstdio.c              0x00000000   Number         0  uartstdio.o ABSOLUTE
    ..\\..\\BSP\\driverlib\\cpu.c            0x00000000   Number         0  cpu.o ABSOLUTE
    ..\\..\\BSP\\driverlib\\sysctl.c         0x00000000   Number         0  sysctl.o ABSOLUTE
    ..\app.c                                 0x00000000   Number         0  app.o ABSOLUTE
    ..\app_hooks.c                           0x00000000   Number         0  app_hooks.o ABSOLUTE
    cdrcmple.s                               0x00000000   Number         0  cdrcmple.o ABSOLUTE
    dc.s                                     0x00000000   Number         0  dc.o ABSOLUTE
    handlers.s                               0x00000000   Number         0  handlers.o ABSOLUTE
    init.s                                   0x00000000   Number         0  init.o ABSOLUTE
    .ARM.Collect$$$$00000000                 0x00000200   Section        0  entry.o(.ARM.Collect$$$$00000000)
    .ARM.Collect$$$$00000001                 0x00000200   Section        4  entry2.o(.ARM.Collect$$$$00000001)
    .ARM.Collect$$$$00000004                 0x00000204   Section        4  entry5.o(.ARM.Collect$$$$00000004)
    .ARM.Collect$$$$00000008                 0x00000208   Section        0  entry7b.o(.ARM.Collect$$$$00000008)
    .ARM.Collect$$$$0000000A                 0x00000208   Section        0  entry8b.o(.ARM.Collect$$$$0000000A)
    .ARM.Collect$$$$0000000B                 0x00000208   Section        8  entry9a.o(.ARM.Collect$$$$0000000B)
    .ARM.Collect$$$$0000000D                 0x00000210   Section        0  entry10a.o(.ARM.Collect$$$$0000000D)
    .ARM.Collect$$$$0000000F                 0x00000210   Section        0  entry11a.o(.ARM.Collect$$$$0000000F)
    .ARM.Collect$$$$00002712                 0x00000210   Section        4  entry2.o(.ARM.Collect$$$$00002712)
    __lit__00000000                          0x00000210   Data           4  entry2.o(.ARM.Collect$$$$00002712)
    .emb_text                                0x00000214   Section       38  cpu.o(.emb_text)
    $v0                                      0x00000214   Number         0  cpu.o(.emb_text)
    .emb_text                                0x0000023c   Section        6  sysctl.o(.emb_text)
    $v0                                      0x0000023c   Number         0  sysctl.o(.emb_text)
    .text                                    0x00000244   Section        0  app.o(.text)
    setupCANData                             0x00000245   Thumb Code   348  app.o(.text)
    CANMessageInit                           0x000003a1   Thumb Code   126  app.o(.text)
    KeypadScan                               0x0000041f   Thumb Code   458  app.o(.text)
    SendMessage                              0x000005e9   Thumb Code   132  app.o(.text)
    AppTaskStart                             0x0000066d   Thumb Code   154  app.o(.text)
    canSetup                                 0x00000799   Thumb Code   104  app.o(.text)
    .text                                    0x0000087c   Section        0  app_hooks.o(.text)
    .text                                    0x0000088c   Section        0  bsp.o(.text)
    .text                                    0x00000958   Section        0  bsp_int.o(.text)
    BSP_IntHandlerDummy                      0x00000999   Thumb Code     2  bsp_int.o(.text)
    .text                                    0x00000ba0   Section        0  bsp_led.o(.text)
    .text                                    0x00000c68   Section        0  bsp_sys.o(.text)
    .text                                    0x00000c78   Section        0  cpu_bsp.o(.text)
    .text                                    0x00000cd0   Section       24  cstartup.o(.text)
    $v0                                      0x00000cd0   Number         0  cstartup.o(.text)
    .text                                    0x00000ce8   Section        0  cpu_core.o(.text)
    .text                                    0x00000ea8   Section       52  cpu_a.o(.text)
    $v0                                      0x00000ea8   Number         0  cpu_a.o(.text)
    .text                                    0x00000edc   Section        0  cpu_c.o(.text)
    .text                                    0x00001250   Section        0  lib_ascii.o(.text)
    .text                                    0x000013ac   Section        0  lib_mem.o(.text)
    Mem_SegAlloc                             0x00001533   Thumb Code    52  lib_mem.o(.text)
    Mem_SegCalcTotSize                       0x00001567   Thumb Code   108  lib_mem.o(.text)
    Mem_PoolBlkIsValidAddr                   0x00001b2b   Thumb Code    70  lib_mem.o(.text)
    .text                                    0x00001d00   Section        0  lib_str.o(.text)
    Str_FmtNbr_Int32                         0x00001f9f   Thumb Code   338  lib_str.o(.text)
    Str_ParseNbr_Int32                       0x00002131   Thumb Code   308  lib_str.o(.text)
    .text                                    0x000022a0   Section      544  lib_mem_a.o(.text)
    $v0                                      0x000022a0   Number         0  lib_mem_a.o(.text)
    .text                                    0x000024c0   Section        0  os_core.o(.text)
    OS_SchedNew                              0x00002cc1   Thumb Code    60  os_core.o(.text)
    OS_InitEventList                         0x00002cfd   Thumb Code    78  os_core.o(.text)
    OS_InitTCBList                           0x00002d4b   Thumb Code   100  os_core.o(.text)
    OS_InitMisc                              0x00002daf   Thumb Code    28  os_core.o(.text)
    .text                                    0x00002ddc   Section        0  os_flag.o(.text)
    OS_FlagTaskRdy                           0x00002edb   Thumb Code    68  os_flag.o(.text)
    OS_FlagBlock                             0x00003051   Thumb Code    84  os_flag.o(.text)
    .text                                    0x00003368   Section        0  os_mem.o(.text)
    .text                                    0x000034f4   Section        0  os_task.o(.text)
    .text                                    0x00003be4   Section        0  os_time.o(.text)
    .text                                    0x00003d40   Section      220  os_cpu_a.o(.text)
    $v0                                      0x00003d40   Number         0  os_cpu_a.o(.text)
    .text                                    0x00003e1c   Section        0  os_cpu_c.o(.text)
    .text                                    0x00004084   Section        0  os_dbg.o(.text)
    .text                                    0x00004088   Section        0  can.o(.text)
    _CANIntNumberGet                         0x0000455f   Thumb Code    38  can.o(.text)
    .text                                    0x00004598   Section        0  gpio.o(.text)
    _GPIOIntNumberGet                        0x00004aa5   Thumb Code    36  gpio.o(.text)
    .text                                    0x00004ad0   Section        0  interrupt.o(.text)
    _IntDefaultHandler                       0x00004ad1   Thumb Code     2  interrupt.o(.text)
    .text                                    0x00004d38   Section        0  sysctl.o(.text)
    .text                                    0x00005298   Section        0  uart.o(.text)
    _UARTIntNumberGet                        0x00005525   Thumb Code    34  uart.o(.text)
    .text                                    0x0000554c   Section        0  uartstdio.o(.text)
    .text                                    0x0000580c   Section        0  uldiv.o(.text)
    .text                                    0x0000586e   Section        0  uidiv.o(.text)
    .text                                    0x0000589a   Section        0  llshl.o(.text)
    .text                                    0x000058b8   Section        0  llushr.o(.text)
    .text                                    0x000058d8   Section       36  init.o(.text)
    .text                                    0x000058fc   Section        0  __dczerorl.o(.text)
    i.__0sprintf$1                           0x00005938   Section        0  printf1.o(i.__0sprintf$1)
    i.__scatterload_copy                     0x00005960   Section       14  handlers.o(i.__scatterload_copy)
    i.__scatterload_null                     0x0000596e   Section        2  handlers.o(i.__scatterload_null)
    i.__scatterload_zeroinit                 0x00005970   Section       14  handlers.o(i.__scatterload_zeroinit)
    i._printf_core                           0x00005980   Section        0  printf1.o(i._printf_core)
    _printf_core                             0x00005981   Thumb Code   334  printf1.o(i._printf_core)
    i._sputc                                 0x00005ad4   Section        0  printf1.o(i._sputc)
    _sputc                                   0x00005ad5   Thumb Code    10  printf1.o(i._sputc)
    .constdata                               0x00005ae0   Section        6  app.o(.constdata)
    .constdata                               0x00005ae6   Section      256  cpu_core.o(.constdata)
    CPU_CntLeadZerosTbl                      0x00005ae6   Data         256  cpu_core.o(.constdata)
    .constdata                               0x00005be8   Section      148  lib_str.o(.constdata)
    Str_MultOvfThTbl_Int32U                  0x00005be8   Data         148  lib_str.o(.constdata)
    .constdata                               0x00005c7c   Section      256  os_core.o(.constdata)
    .constdata                               0x00005d7c   Section       32  can.o(.constdata)
    g_ui16CANBitValues                       0x00005d7c   Data          32  can.o(.constdata)
    .constdata                               0x00005d9c   Section      312  gpio.o(.constdata)
    g_ppui32GPIOIntMapBlizzard               0x00005d9c   Data         192  gpio.o(.constdata)
    g_pui32GPIOBaseAddrs                     0x00005e5c   Data         120  gpio.o(.constdata)
    .constdata                               0x00005ed4   Section      268  interrupt.o(.constdata)
    g_pui32Priority                          0x00005ed4   Data          32  interrupt.o(.constdata)
    g_pui32Regs                              0x00005ef4   Data         156  interrupt.o(.constdata)
    g_pui32EnRegs                            0x00005f90   Data          20  interrupt.o(.constdata)
    g_pui32Dii16Regs                         0x00005fa4   Data          20  interrupt.o(.constdata)
    g_pui32PendRegs                          0x00005fb8   Data          20  interrupt.o(.constdata)
    g_pui32UnpendRegs                        0x00005fcc   Data          20  interrupt.o(.constdata)
    .constdata                               0x00005fe0   Section      108  sysctl.o(.constdata)
    g_pui32Xtals                             0x00005fe0   Data         108  sysctl.o(.constdata)
    .constdata                               0x0000604c   Section       64  uart.o(.constdata)
    g_ppui32UARTIntMap                       0x0000604c   Data          64  uart.o(.constdata)
    .constdata                               0x0000608c   Section       28  uartstdio.o(.constdata)
    g_pcHex                                  0x0000608c   Data           4  uartstdio.o(.constdata)
    g_ui32UARTBase                           0x00006090   Data          12  uartstdio.o(.constdata)
    g_ui32UARTPeriph                         0x0000609c   Data          12  uartstdio.o(.constdata)
    .conststring                             0x000060a8   Section       17  uartstdio.o(.conststring)
    .data                                    0x20000000   Section        8  app.o(.data)
    i                                        0x20000000   Data           1  app.o(.data)
    err                                      0x20000001   Data           1  app.o(.data)
    .data                                    0x20000008   Section        4  cpu_core.o(.data)
    .data                                    0x2000000c   Section        4  lib_mem.o(.data)
    .data                                    0x20000010   Section       60  os_core.o(.data)
    .data                                    0x2000004c   Section        4  os_core.o(.data)
    .data                                    0x20000050   Section        4  os_core.o(.data)
    .data                                    0x20000054   Section        4  os_cpu_c.o(.data)
    .data                                    0x20000058   Section        8  uartstdio.o(.data)
    bLastWasCR                               0x20000058   Data           1  uartstdio.o(.data)
    g_ui32Base                               0x2000005c   Data           4  uartstdio.o(.data)
    vtable                                   0x20000400   Section      620  interrupt.o(vtable)
    g_pfnRAMVectors                          0x20000400   Data         620  interrupt.o(vtable)
    .bss                                     0x2000066c   Section     3584  app.o(.bss)
    AppTaskStartStk                          0x200006ec   Data        1024  app.o(.bss)
    SendMessageStk                           0x20000aec   Data        1024  app.o(.bss)
    KeypadScanStk                            0x20000eec   Data        1024  app.o(.bss)
    .bss                                     0x2000146c   Section      448  bsp_int.o(.bss)
    BSP_IntVectTbl                           0x2000146c   Data         448  bsp_int.o(.bss)
    .bss                                     0x2000162c   Section       16  cpu_core.o(.bss)
    .bss                                     0x2000163c   Section     1096  lib_mem.o(.bss)
    .bss                                     0x20001a84   Section     3456  os_core.o(.bss)
    .bss                                     0x20002804   Section       80  os_core.o(.bss)
    .bss                                     0x20002854   Section      120  os_core.o(.bss)
    .bss                                     0x200028cc   Section      512  os_cpu_c.o(.bss)
    STACK                                    0x20002ad0   Section      512  cstartup.o(STACK)

    Global Symbols

    Symbol Name                              Value     Ov Type        Size  Object(Section)

    BuildAttributes$$THM_ISAv4$E$P$D$K$B$S$7EM$VFPi3$EXTD16$VFPS$VFMA$PE$A:L22UL41UL21$X:L11$S22US41US21$IEEE1$IW$USESV6$~STKCKD$USESV7$~SHL$OSPACE$ROPI$EBA8$MICROLIB$REQ8$PRES8$EABIv2 0x00000000   Number         0  anon$$obj.o ABSOLUTE
    __ARM_use_no_argv                        0x00000000   Number         0  app.o ABSOLUTE
    __Vectors                                0x00000000   Data           4  cstartup.o(RESET)
    _printf_a                                0x00000000   Number         0  stubs.o ABSOLUTE
    _printf_c                                0x00000000   Number         0  stubs.o ABSOLUTE
    _printf_charcount                        0x00000000   Number         0  stubs.o ABSOLUTE
    _printf_d                                0x00000000   Number         0  stubs.o ABSOLUTE
    _printf_e                                0x00000000   Number         0  stubs.o ABSOLUTE
    _printf_f                                0x00000000   Number         0  stubs.o ABSOLUTE
    _printf_flags                            0x00000000   Number         0  stubs.o ABSOLUTE
    _printf_fp_dec                           0x00000000   Number         0  stubs.o ABSOLUTE
    _printf_fp_hex                           0x00000000   Number         0  stubs.o ABSOLUTE
    _printf_g                                0x00000000   Number         0  stubs.o ABSOLUTE
    _printf_i                                0x00000000   Number         0  stubs.o ABSOLUTE
    _printf_int_dec                          0x00000000   Number         0  stubs.o ABSOLUTE
    _printf_l                                0x00000000   Number         0  stubs.o ABSOLUTE
    _printf_lc                               0x00000000   Number         0  stubs.o ABSOLUTE
    _printf_ll                               0x00000000   Number         0  stubs.o ABSOLUTE
    _printf_lld                              0x00000000   Number         0  stubs.o ABSOLUTE
    _printf_lli                              0x00000000   Number         0  stubs.o ABSOLUTE
    _printf_llo                              0x00000000   Number         0  stubs.o ABSOLUTE
    _printf_llu                              0x00000000   Number         0  stubs.o ABSOLUTE
    _printf_llx                              0x00000000   Number         0  stubs.o ABSOLUTE
    _printf_longlong_dec                     0x00000000   Number         0  stubs.o ABSOLUTE
    _printf_longlong_hex                     0x00000000   Number         0  stubs.o ABSOLUTE
    _printf_longlong_oct                     0x00000000   Number         0  stubs.o ABSOLUTE
    _printf_ls                               0x00000000   Number         0  stubs.o ABSOLUTE
    _printf_mbtowc                           0x00000000   Number         0  stubs.o ABSOLUTE
    _printf_n                                0x00000000   Number         0  stubs.o ABSOLUTE
    _printf_o                                0x00000000   Number         0  stubs.o ABSOLUTE
    _printf_p                                0x00000000   Number         0  stubs.o ABSOLUTE
    _printf_percent                          0x00000000   Number         0  stubs.o ABSOLUTE
    _printf_pre_padding                      0x00000000   Number         0  stubs.o ABSOLUTE
    _printf_return_value                     0x00000000   Number         0  stubs.o ABSOLUTE
    _printf_s                                0x00000000   Number         0  stubs.o ABSOLUTE
    _printf_sizespec                         0x00000000   Number         0  stubs.o ABSOLUTE
    _printf_str                              0x00000000   Number         0  stubs.o ABSOLUTE
    _printf_truncate_signed                  0x00000000   Number         0  stubs.o ABSOLUTE
    _printf_truncate_unsigned                0x00000000   Number         0  stubs.o ABSOLUTE
    _printf_u                                0x00000000   Number         0  stubs.o ABSOLUTE
    _printf_wc                               0x00000000   Number         0  stubs.o ABSOLUTE
    _printf_wctomb                           0x00000000   Number         0  stubs.o ABSOLUTE
    _printf_widthprec                        0x00000000   Number         0  stubs.o ABSOLUTE
    _printf_x                                0x00000000   Number         0  stubs.o ABSOLUTE
    __cpp_initialize__aeabi_                  - Undefined Weak Reference
    __cxa_finalize                            - Undefined Weak Reference
    _clock_init                               - Undefined Weak Reference
    _microlib_exit                            - Undefined Weak Reference
    __Vectors_End                            0x00000200   Data           0  cstartup.o(RESET)
    __Vectors_Size                           0x00000200   Number         0  cstartup.o ABSOLUTE
    __main                                   0x00000201   Thumb Code     0  entry.o(.ARM.Collect$$$$00000000)
    _main_stk                                0x00000201   Thumb Code     0  entry2.o(.ARM.Collect$$$$00000001)
    _main_scatterload                        0x00000205   Thumb Code     0  entry5.o(.ARM.Collect$$$$00000004)
    __main_after_scatterload                 0x00000209   Thumb Code     0  entry5.o(.ARM.Collect$$$$00000004)
    _main_clock                              0x00000209   Thumb Code     0  entry7b.o(.ARM.Collect$$$$00000008)
    _main_cpp_init                           0x00000209   Thumb Code     0  entry8b.o(.ARM.Collect$$$$0000000A)
    _main_init                               0x00000209   Thumb Code     0  entry9a.o(.ARM.Collect$$$$0000000B)
    __rt_final_cpp                           0x00000211   Thumb Code     0  entry10a.o(.ARM.Collect$$$$0000000D)
    __rt_final_exit                          0x00000211   Thumb Code     0  entry11a.o(.ARM.Collect$$$$0000000F)
    CPUcpsid                                 0x00000215   Thumb Code     8  cpu.o(.emb_text)
    CPUprimask                               0x0000021d   Thumb Code     6  cpu.o(.emb_text)
    CPUcpsie                                 0x00000223   Thumb Code     8  cpu.o(.emb_text)
    CPUwfi                                   0x0000022b   Thumb Code     4  cpu.o(.emb_text)
    CPUbasepriSet                            0x0000022f   Thumb Code     6  cpu.o(.emb_text)
    CPUbasepriGet                            0x00000235   Thumb Code     6  cpu.o(.emb_text)
    SysCtlDelay                              0x0000023d   Thumb Code     6  sysctl.o(.emb_text)
    main                                     0x00000707   Thumb Code   146  app.o(.text)
    App_TaskCreateHook                       0x0000087d   Thumb Code     2  app_hooks.o(.text)
    App_TaskDelHook                          0x0000087f   Thumb Code     2  app_hooks.o(.text)
    App_TaskIdleHook                         0x00000881   Thumb Code     2  app_hooks.o(.text)
    App_TaskStatHook                         0x00000883   Thumb Code     2  app_hooks.o(.text)
    App_TaskReturnHook                       0x00000885   Thumb Code     2  app_hooks.o(.text)
    App_TaskSwHook                           0x00000887   Thumb Code     2  app_hooks.o(.text)
    App_TCBInitHook                          0x00000889   Thumb Code     2  app_hooks.o(.text)
    App_TimeTickHook                         0x0000088b   Thumb Code     2  app_hooks.o(.text)
    BSP_Init                                 0x0000088d   Thumb Code   138  bsp.o(.text)
    BSP_IntClr                               0x00000959   Thumb Code     2  bsp_int.o(.text)
    BSP_IntDis                               0x0000095b   Thumb Code    14  bsp_int.o(.text)
    BSP_IntDisAll                            0x00000969   Thumb Code     4  bsp_int.o(.text)
    BSP_IntEn                                0x0000096d   Thumb Code    14  bsp_int.o(.text)
    BSP_IntVectSet                           0x0000097b   Thumb Code    30  bsp_int.o(.text)
    BSP_IntInit                              0x0000099b   Thumb Code    20  bsp_int.o(.text)
    BSP_IntHandler                           0x000009af   Thumb Code    42  bsp_int.o(.text)
    BSP_IntHandlerGPIOA                      0x000009d9   Thumb Code     4  bsp_int.o(.text)
    BSP_IntHandlerGPIOB                      0x000009dd   Thumb Code     4  bsp_int.o(.text)
    BSP_IntHandlerGPIOC                      0x000009e1   Thumb Code     4  bsp_int.o(.text)
    BSP_IntHandlerGPIOD                      0x000009e5   Thumb Code     4  bsp_int.o(.text)
    BSP_IntHandlerGPIOE                      0x000009e9   Thumb Code     4  bsp_int.o(.text)
    BSP_IntHandlerUART0                      0x000009ed   Thumb Code     4  bsp_int.o(.text)
    BSP_IntHandlerUART1                      0x000009f1   Thumb Code     4  bsp_int.o(.text)
    BSP_IntHandlerSSI0                       0x000009f5   Thumb Code     4  bsp_int.o(.text)
    BSP_IntHandlerI2C0                       0x000009f9   Thumb Code     4  bsp_int.o(.text)
    BSP_IntHandlerPWM_FAULT                  0x000009fd   Thumb Code     4  bsp_int.o(.text)
    BSP_IntHandlerPWM_GEN0                   0x00000a01   Thumb Code     4  bsp_int.o(.text)
    BSP_IntHandlerPWM_GEN1                   0x00000a05   Thumb Code     4  bsp_int.o(.text)
    BSP_IntHandlerPWM_GEN2                   0x00000a09   Thumb Code     4  bsp_int.o(.text)
    BSP_IntHandlerQEI0                       0x00000a0d   Thumb Code     4  bsp_int.o(.text)
    BSP_IntHandlerADC0_0                     0x00000a11   Thumb Code     4  bsp_int.o(.text)
    BSP_IntHandlerADC0_1                     0x00000a15   Thumb Code     4  bsp_int.o(.text)
    BSP_IntHandlerADC0_2                     0x00000a19   Thumb Code     4  bsp_int.o(.text)
    BSP_IntHandlerADC0_3                     0x00000a1d   Thumb Code     4  bsp_int.o(.text)
    BSP_IntHandlerWDTO_WDT1                  0x00000a21   Thumb Code     4  bsp_int.o(.text)
    BSP_IntHandlerTMR0A                      0x00000a25   Thumb Code     4  bsp_int.o(.text)
    BSP_IntHandlerTMR0B                      0x00000a29   Thumb Code     4  bsp_int.o(.text)
    BSP_IntHandlerTMR1A                      0x00000a2d   Thumb Code     4  bsp_int.o(.text)
    BSP_IntHandlerTMR1B                      0x00000a31   Thumb Code     4  bsp_int.o(.text)
    BSP_IntHandlerTMR2A                      0x00000a35   Thumb Code     4  bsp_int.o(.text)
    BSP_IntHandlerTMR2B                      0x00000a39   Thumb Code     4  bsp_int.o(.text)
    BSP_IntHandlerACOMP0                     0x00000a3d   Thumb Code     4  bsp_int.o(.text)
    BSP_IntHandlerACOMP1                     0x00000a41   Thumb Code     4  bsp_int.o(.text)
    BSP_IntHandlerACOMP2                     0x00000a45   Thumb Code     4  bsp_int.o(.text)
    BSP_IntHandlerSYS_CTRL                   0x00000a49   Thumb Code     4  bsp_int.o(.text)
    BSP_IntHandlerFLASH                      0x00000a4d   Thumb Code     4  bsp_int.o(.text)
    BSP_IntHandlerGPIOF                      0x00000a51   Thumb Code     4  bsp_int.o(.text)
    BSP_IntHandlerGPIOG                      0x00000a55   Thumb Code     4  bsp_int.o(.text)
    BSP_IntHandlerGPIOH                      0x00000a59   Thumb Code     4  bsp_int.o(.text)
    BSP_IntHandlerUART2                      0x00000a5d   Thumb Code     4  bsp_int.o(.text)
    BSP_IntHandlerSSI1                       0x00000a61   Thumb Code     4  bsp_int.o(.text)
    BSP_IntHandlerTMR3A                      0x00000a65   Thumb Code     4  bsp_int.o(.text)
    BSP_IntHandlerTMR3B                      0x00000a69   Thumb Code     4  bsp_int.o(.text)
    BSP_IntHandlerI2C1                       0x00000a6d   Thumb Code     4  bsp_int.o(.text)
    BSP_IntHandlerCAN0                       0x00000a71   Thumb Code     4  bsp_int.o(.text)
    BSP_IntHandlerCAN1                       0x00000a75   Thumb Code     4  bsp_int.o(.text)
    BSP_IntHandlerETHER_MAC                  0x00000a79   Thumb Code     4  bsp_int.o(.text)
    BSP_IntHandlerHIB                        0x00000a7d   Thumb Code     4  bsp_int.o(.text)
    BSP_IntHandlerUSB_MAC                    0x00000a81   Thumb Code     4  bsp_int.o(.text)
    BSP_IntHandlerPWM_GEN3                   0x00000a85   Thumb Code     4  bsp_int.o(.text)
    BSP_IntHandlerUDMA0_SOFT                 0x00000a89   Thumb Code     4  bsp_int.o(.text)
    BSP_IntHandlerUDAM0_ERR                  0x00000a8d   Thumb Code     4  bsp_int.o(.text)
    BSP_IntHandlerADC1_0                     0x00000a91   Thumb Code     4  bsp_int.o(.text)
    BSP_IntHandlerADC1_1                     0x00000a95   Thumb Code     4  bsp_int.o(.text)
    BSP_IntHandlerADC1_2                     0x00000a99   Thumb Code     4  bsp_int.o(.text)
    BSP_IntHandlerADC1_3                     0x00000a9d   Thumb Code     4  bsp_int.o(.text)
    BSP_IntHandlerEPI0                       0x00000aa1   Thumb Code     4  bsp_int.o(.text)
    BSP_IntHandlerGPIOJ                      0x00000aa5   Thumb Code     4  bsp_int.o(.text)
    BSP_IntHandlerGPIOK                      0x00000aa9   Thumb Code     4  bsp_int.o(.text)
    BSP_IntHandlerGPIOL                      0x00000aad   Thumb Code     4  bsp_int.o(.text)
    BSP_IntHandlerSSI2                       0x00000ab1   Thumb Code     4  bsp_int.o(.text)
    BSP_IntHandlerSSI3                       0x00000ab5   Thumb Code     4  bsp_int.o(.text)
    BSP_IntHandlerUART3                      0x00000ab9   Thumb Code     4  bsp_int.o(.text)
    BSP_IntHandlerUART4                      0x00000abd   Thumb Code     4  bsp_int.o(.text)
    BSP_IntHandlerUART5                      0x00000ac1   Thumb Code     4  bsp_int.o(.text)
    BSP_IntHandlerUART6                      0x00000ac5   Thumb Code     4  bsp_int.o(.text)
    BSP_IntHandlerUART7                      0x00000ac9   Thumb Code     4  bsp_int.o(.text)
    BSP_IntHandlerI2C2                       0x00000acd   Thumb Code     4  bsp_int.o(.text)
    BSP_IntHandlerI2C3                       0x00000ad1   Thumb Code     4  bsp_int.o(.text)
    BSP_IntHandlerTMR4A                      0x00000ad5   Thumb Code     4  bsp_int.o(.text)
    BSP_IntHandlerTMR4B                      0x00000ad9   Thumb Code     4  bsp_int.o(.text)
    BSP_IntHandlerTMR5A                      0x00000add   Thumb Code     4  bsp_int.o(.text)
    BSP_IntHandlerTMR5B                      0x00000ae1   Thumb Code     4  bsp_int.o(.text)
    BSP_IntHandlerFP                         0x00000ae5   Thumb Code     4  bsp_int.o(.text)
    BSP_IntHandlerRSVD68                     0x00000ae9   Thumb Code     4  bsp_int.o(.text)
    BSP_IntHandlerRSVD69                     0x00000aed   Thumb Code     4  bsp_int.o(.text)
    BSP_IntHandlerI2C4                       0x00000af1   Thumb Code     4  bsp_int.o(.text)
    BSP_IntHandlerI2C5                       0x00000af5   Thumb Code     4  bsp_int.o(.text)
    BSP_IntHandlerGPIOM                      0x00000af9   Thumb Code     4  bsp_int.o(.text)
    BSP_IntHandlerGPION                      0x00000afd   Thumb Code     4  bsp_int.o(.text)
    BSP_IntHandlerRSVD74                     0x00000b01   Thumb Code     4  bsp_int.o(.text)
    BSP_IntHandlerTAMPER                     0x00000b05   Thumb Code     4  bsp_int.o(.text)
    BSP_IntHandlerGPIOP0                     0x00000b09   Thumb Code     4  bsp_int.o(.text)
    BSP_IntHandlerGPIOP1                     0x00000b0d   Thumb Code     4  bsp_int.o(.text)
    BSP_IntHandlerGPIOP2                     0x00000b11   Thumb Code     4  bsp_int.o(.text)
    BSP_IntHandlerGPIOP3                     0x00000b15   Thumb Code     4  bsp_int.o(.text)
    BSP_IntHandlerGPIOP4                     0x00000b19   Thumb Code     4  bsp_int.o(.text)
    BSP_IntHandlerGPIOP5                     0x00000b1d   Thumb Code     4  bsp_int.o(.text)
    BSP_IntHandlerGPIOP6                     0x00000b21   Thumb Code     4  bsp_int.o(.text)
    BSP_IntHandlerGPIOP7                     0x00000b25   Thumb Code     4  bsp_int.o(.text)
    BSP_IntHandlerGPIOQ0                     0x00000b29   Thumb Code     4  bsp_int.o(.text)
    BSP_IntHandlerGPIOQ1                     0x00000b2d   Thumb Code     4  bsp_int.o(.text)
    BSP_IntHandlerGPIOQ2                     0x00000b31   Thumb Code     4  bsp_int.o(.text)
    BSP_IntHandlerGPIOQ3                     0x00000b35   Thumb Code     4  bsp_int.o(.text)
    BSP_IntHandlerGPIOQ4                     0x00000b39   Thumb Code     4  bsp_int.o(.text)
    BSP_IntHandlerGPIOQ5                     0x00000b3d   Thumb Code     4  bsp_int.o(.text)
    BSP_IntHandlerGPIOQ6                     0x00000b41   Thumb Code     4  bsp_int.o(.text)
    BSP_IntHandlerGPIOQ7                     0x00000b45   Thumb Code     4  bsp_int.o(.text)
    BSP_IntHandlerGPIOR                      0x00000b49   Thumb Code     4  bsp_int.o(.text)
    BSP_IntHandlerGPIOS                      0x00000b4d   Thumb Code     4  bsp_int.o(.text)
    BSP_IntHandlerSHA_MD5                    0x00000b51   Thumb Code     4  bsp_int.o(.text)
    BSP_IntHandlerAES                        0x00000b55   Thumb Code     4  bsp_int.o(.text)
    BSP_IntHandlerDES                        0x00000b59   Thumb Code     4  bsp_int.o(.text)
    BSP_IntHandlerLCD                        0x00000b5d   Thumb Code     4  bsp_int.o(.text)
    BSP_IntHandlerTMR6A                      0x00000b61   Thumb Code     4  bsp_int.o(.text)
    BSP_IntHandlerTMR6B                      0x00000b65   Thumb Code     4  bsp_int.o(.text)
    BSP_IntHandlerTMR7A                      0x00000b69   Thumb Code     4  bsp_int.o(.text)
    BSP_IntHandlerTMR7B                      0x00000b6d   Thumb Code     4  bsp_int.o(.text)
    BSP_IntHandlerI2C6                       0x00000b71   Thumb Code     4  bsp_int.o(.text)
    BSP_IntHandlerI2C7                       0x00000b75   Thumb Code     4  bsp_int.o(.text)
    BSP_IntHandlerRSVD104                    0x00000b79   Thumb Code     4  bsp_int.o(.text)
    BSP_IntHandler1WIRE                      0x00000b7d   Thumb Code     4  bsp_int.o(.text)
    BSP_IntHandlerRSVD106                    0x00000b81   Thumb Code     4  bsp_int.o(.text)
    BSP_IntHandlerRSVD107                    0x00000b85   Thumb Code     4  bsp_int.o(.text)
    BSP_IntHandlerRSVD108                    0x00000b89   Thumb Code     4  bsp_int.o(.text)
    BSP_IntHandlerI2C8                       0x00000b8d   Thumb Code     4  bsp_int.o(.text)
    BSP_IntHandlerI2C9                       0x00000b91   Thumb Code     4  bsp_int.o(.text)
    BSP_IntHandlerGPIOT                      0x00000b95   Thumb Code     4  bsp_int.o(.text)
    BSP_LED_Off                              0x00000ba1   Thumb Code    46  bsp_led.o(.text)
    BSP_LED_Init                             0x00000bcf   Thumb Code    24  bsp_led.o(.text)
    BSP_LED_On                               0x00000be7   Thumb Code    50  bsp_led.o(.text)
    BSP_LED_Toggle                           0x00000c19   Thumb Code    62  bsp_led.o(.text)
    BSP_SysInit                              0x00000c69   Thumb Code     6  bsp_sys.o(.text)
    BSP_SysClkFreqGet                        0x00000c6f   Thumb Code     4  bsp_sys.o(.text)
    CPU_TS_TmrInit                           0x00000c79   Thumb Code    38  cpu_bsp.o(.text)
    CPU_TS_TmrRd                             0x00000c9f   Thumb Code     6  cpu_bsp.o(.text)
    CPU_TS32_to_uSec                         0x00000ca5   Thumb Code    32  cpu_bsp.o(.text)
    Reset_Handler                            0x00000cd1   Thumb Code     4  cstartup.o(.text)
    App_NMI_ISR                              0x00000cd5   Thumb Code     2  cstartup.o(.text)
    App_Fault_ISR                            0x00000cd7   Thumb Code     2  cstartup.o(.text)
    App_MemFault_ISR                         0x00000cd9   Thumb Code     2  cstartup.o(.text)
    App_BusFault_ISR                         0x00000cdb   Thumb Code     2  cstartup.o(.text)
    App_UsageFault_ISR                       0x00000cdd   Thumb Code     2  cstartup.o(.text)
    App_Spurious_ISR                         0x00000cdf   Thumb Code     2  cstartup.o(.text)
    App_Reserved_ISR                         0x00000ce1   Thumb Code     2  cstartup.o(.text)
    CPU_NameClr                              0x00000ce9   Thumb Code    26  cpu_core.o(.text)
    CPU_Init                                 0x00000d03   Thumb Code    18  cpu_core.o(.text)
    CPU_SW_Exception                         0x00000d15   Thumb Code     2  cpu_core.o(.text)
    CPU_NameGet                              0x00000d17   Thumb Code    46  cpu_core.o(.text)
    CPU_NameSet                              0x00000d45   Thumb Code    62  cpu_core.o(.text)
    CPU_TS_Get32                             0x00000d83   Thumb Code     4  cpu_core.o(.text)
    CPU_TS_Update                            0x00000d87   Thumb Code     2  cpu_core.o(.text)
    CPU_TS_TmrFreqGet                        0x00000d89   Thumb Code    24  cpu_core.o(.text)
    CPU_TS_TmrFreqSet                        0x00000da1   Thumb Code     6  cpu_core.o(.text)
    CPU_CntLeadZeros08                       0x00000da7   Thumb Code    10  cpu_core.o(.text)
    CPU_CntLeadZeros16                       0x00000db1   Thumb Code    10  cpu_core.o(.text)
    CPU_CntLeadZeros32                       0x00000dbb   Thumb Code     4  cpu_core.o(.text)
    CPU_CntLeadZeros64                       0x00000dbf   Thumb Code   156  cpu_core.o(.text)
    CPU_CntTrailZeros08                      0x00000e5b   Thumb Code    10  cpu_core.o(.text)
    CPU_CntTrailZeros16                      0x00000e65   Thumb Code    10  cpu_core.o(.text)
    CPU_CntTrailZeros32                      0x00000e6f   Thumb Code    10  cpu_core.o(.text)
    CPU_CntTrailZeros64                      0x00000e79   Thumb Code    36  cpu_core.o(.text)
    CPU_IntDis                               0x00000ea9   Thumb Code     0  cpu_a.o(.text)
    CPU_IntEn                                0x00000ead   Thumb Code     0  cpu_a.o(.text)
    CPU_SR_Save                              0x00000eb1   Thumb Code     0  cpu_a.o(.text)
    CPU_SR_Restore                           0x00000eb9   Thumb Code     0  cpu_a.o(.text)
    CPU_WaitForInt                           0x00000ebf   Thumb Code     0  cpu_a.o(.text)
    CPU_WaitForExcept                        0x00000ec3   Thumb Code     0  cpu_a.o(.text)
    CPU_CntLeadZeros                         0x00000ec7   Thumb Code     0  cpu_a.o(.text)
    CPU_CntTrailZeros                        0x00000ecd   Thumb Code     0  cpu_a.o(.text)
    CPU_RevBits                              0x00000ed7   Thumb Code     0  cpu_a.o(.text)
    CPU_BitBandClr                           0x00000edd   Thumb Code    44  cpu_c.o(.text)
    CPU_BitBandSet                           0x00000f09   Thumb Code    44  cpu_c.o(.text)
    CPU_IntSrcDis                            0x00000f35   Thumb Code   144  cpu_c.o(.text)
    CPU_IntSrcEn                             0x00000fc5   Thumb Code   144  cpu_c.o(.text)
    CPU_IntSrcPendClr                        0x00001055   Thumb Code    70  cpu_c.o(.text)
    CPU_IntSrcPrioSet                        0x0000109b   Thumb Code   228  cpu_c.o(.text)
    CPU_IntSrcPrioGet                        0x0000117f   Thumb Code   196  cpu_c.o(.text)
    ASCII_IsAlpha                            0x00001251   Thumb Code    22  lib_ascii.o(.text)
    ASCII_IsAlphaNum                         0x00001267   Thumb Code    28  lib_ascii.o(.text)
    ASCII_IsLower                            0x00001283   Thumb Code    14  lib_ascii.o(.text)
    ASCII_IsUpper                            0x00001291   Thumb Code    14  lib_ascii.o(.text)
    ASCII_IsDig                              0x0000129f   Thumb Code    14  lib_ascii.o(.text)
    ASCII_IsDigOct                           0x000012ad   Thumb Code    14  lib_ascii.o(.text)
    ASCII_IsDigHex                           0x000012bb   Thumb Code    28  lib_ascii.o(.text)
    ASCII_IsBlank                            0x000012d7   Thumb Code    16  lib_ascii.o(.text)
    ASCII_IsSpace                            0x000012e7   Thumb Code    32  lib_ascii.o(.text)
    ASCII_IsPrint                            0x00001307   Thumb Code    14  lib_ascii.o(.text)
    ASCII_IsGraph                            0x00001315   Thumb Code    14  lib_ascii.o(.text)
    ASCII_IsPunct                            0x00001323   Thumb Code    58  lib_ascii.o(.text)
    ASCII_IsCtrl                             0x0000135d   Thumb Code    22  lib_ascii.o(.text)
    ASCII_ToLower                            0x00001373   Thumb Code    14  lib_ascii.o(.text)
    ASCII_ToUpper                            0x00001381   Thumb Code    14  lib_ascii.o(.text)
    ASCII_Cmp                                0x0000138f   Thumb Code    28  lib_ascii.o(.text)
    Mem_Init                                 0x000013ad   Thumb Code    54  lib_mem.o(.text)
    Mem_Set                                  0x000013e3   Thumb Code    70  lib_mem.o(.text)
    Mem_Clr                                  0x00001429   Thumb Code     6  lib_mem.o(.text)
    Mem_Move                                 0x0000142f   Thumb Code   132  lib_mem.o(.text)
    Mem_Cmp                                  0x000014b3   Thumb Code   128  lib_mem.o(.text)
    Mem_HeapAlloc                            0x000015d3   Thumb Code   164  lib_mem.o(.text)
    Mem_SegGetSizeRem                        0x00001677   Thumb Code   114  lib_mem.o(.text)
    Mem_HeapGetSizeRem                       0x000016e9   Thumb Code     8  lib_mem.o(.text)
    Mem_PoolClr                              0x000016f1   Thumb Code    68  lib_mem.o(.text)
    Mem_PoolCreate                           0x00001735   Thumb Code   722  lib_mem.o(.text)
    Mem_PoolBlkGetNbrAvail                   0x00001a07   Thumb Code    64  lib_mem.o(.text)
    Mem_PoolBlkGet                           0x00001a47   Thumb Code   126  lib_mem.o(.text)
    Mem_PoolBlkGetUsedAtIx                   0x00001ac5   Thumb Code   102  lib_mem.o(.text)
    Mem_PoolBlkFree                          0x00001b71   Thumb Code   208  lib_mem.o(.text)
    Mem_PoolBlkIxGet                         0x00001c41   Thumb Code   186  lib_mem.o(.text)
    Str_Len_N                                0x00001d01   Thumb Code    22  lib_str.o(.text)
    Str_Len                                  0x00001d17   Thumb Code     6  lib_str.o(.text)
    Str_Copy_N                               0x00001d1d   Thumb Code    48  lib_str.o(.text)
    Str_Copy                                 0x00001d4d   Thumb Code     6  lib_str.o(.text)
    Str_Cat_N                                0x00001d53   Thumb Code    58  lib_str.o(.text)
    Str_Cat                                  0x00001d8d   Thumb Code     6  lib_str.o(.text)
    Str_Cmp_N                                0x00001d93   Thumb Code    86  lib_str.o(.text)
    Str_Cmp                                  0x00001de9   Thumb Code     6  lib_str.o(.text)
    Str_CmpIgnoreCase_N                      0x00001def   Thumb Code   146  lib_str.o(.text)
    Str_CmpIgnoreCase                        0x00001e81   Thumb Code     6  lib_str.o(.text)
    Str_Char_N                               0x00001e87   Thumb Code    46  lib_str.o(.text)
    Str_Char                                 0x00001eb5   Thumb Code     8  lib_str.o(.text)
    Str_Char_Last_N                          0x00001ebd   Thumb Code    44  lib_str.o(.text)
    Str_Char_Last                            0x00001ee9   Thumb Code     8  lib_str.o(.text)
    Str_Char_Replace_N                       0x00001ef1   Thumb Code    42  lib_str.o(.text)
    Str_Char_Replace                         0x00001f1b   Thumb Code     6  lib_str.o(.text)
    Str_Str_N                                0x00001f21   Thumb Code   120  lib_str.o(.text)
    Str_Str                                  0x00001f99   Thumb Code     6  lib_str.o(.text)
    Str_FmtNbr_Int32U                        0x000020f1   Thumb Code    24  lib_str.o(.text)
    Str_FmtNbr_Int32S                        0x00002109   Thumb Code    40  lib_str.o(.text)
    Str_ParseNbr_Int32U                      0x00002265   Thumb Code    12  lib_str.o(.text)
    Str_ParseNbr_Int32S                      0x00002271   Thumb Code    42  lib_str.o(.text)
    Mem_Copy                                 0x000022a1   Thumb Code     0  lib_mem_a.o(.text)
    OS_StrLen                                0x000024c1   Thumb Code    20  os_core.o(.text)
    OSEventNameGet                           0x000024d5   Thumb Code    74  os_core.o(.text)
    OSEventNameSet                           0x0000251f   Thumb Code    58  os_core.o(.text)
    OS_EventTaskRemoveMulti                  0x00002559   Thumb Code    38  os_core.o(.text)
    OS_Sched                                 0x0000257f   Thumb Code    64  os_core.o(.text)
    OS_EventTaskWaitMulti                    0x000025bf   Thumb Code    84  os_core.o(.text)
    OSEventPendMulti                         0x00002613   Thumb Code   410  os_core.o(.text)
    OS_TaskStatStkChk                        0x000027ad   Thumb Code    50  os_core.o(.text)
    OS_TaskStat                              0x000027df   Thumb Code    98  os_core.o(.text)
    OS_TaskIdle                              0x00002841   Thumb Code    22  os_core.o(.text)
    OS_MemClr                                0x00002857   Thumb Code    18  os_core.o(.text)
    OSInit                                   0x00002869   Thumb Code   192  os_core.o(.text)
    OSIntEnter                               0x00002929   Thumb Code    20  os_core.o(.text)
    OSIntExit                                0x0000293d   Thumb Code    82  os_core.o(.text)
    OSSchedLock                              0x0000298f   Thumb Code    38  os_core.o(.text)
    OSSchedUnlock                            0x000029b5   Thumb Code    52  os_core.o(.text)
    OSStart                                  0x000029e9   Thumb Code    38  os_core.o(.text)
    OSStatInit                               0x00002a0f   Thumb Code    48  os_core.o(.text)
    OSTimeTick                               0x00002a3f   Thumb Code   154  os_core.o(.text)
    OSVersion                                0x00002ad9   Thumb Code     6  os_core.o(.text)
    OS_Dummy                                 0x00002adf   Thumb Code     2  os_core.o(.text)
    OS_EventTaskRemove                       0x00002ae1   Thumb Code    36  os_core.o(.text)
    OS_EventTaskRdy                          0x00002b05   Thumb Code   110  os_core.o(.text)
    OS_EventTaskWait                         0x00002b73   Thumb Code    66  os_core.o(.text)
    OS_EventWaitListInit                     0x00002bb5   Thumb Code    20  os_core.o(.text)
    OS_MemCopy                               0x00002bc9   Thumb Code    20  os_core.o(.text)
    OS_TCBInit                               0x00002bdd   Thumb Code   228  os_core.o(.text)
    OSFlagAccept                             0x00002ddd   Thumb Code   154  os_flag.o(.text)
    OSFlagCreate                             0x00002e77   Thumb Code    68  os_flag.o(.text)
    OS_FlagUnlink                            0x00002ebb   Thumb Code    32  os_flag.o(.text)
    OSFlagDel                                0x00002f1f   Thumb Code   184  os_flag.o(.text)
    OSFlagNameGet                            0x00002fd7   Thumb Code    72  os_flag.o(.text)
    OSFlagNameSet                            0x0000301f   Thumb Code    50  os_flag.o(.text)
    OSFlagPend                               0x000030a5   Thumb Code   366  os_flag.o(.text)
    OSFlagPendGetFlagsRdy                    0x00003213   Thumb Code    20  os_flag.o(.text)
    OSFlagPost                               0x00003227   Thumb Code   210  os_flag.o(.text)
    OSFlagQuery                              0x000032f9   Thumb Code    38  os_flag.o(.text)
    OS_FlagInit                              0x0000331f   Thumb Code    64  os_flag.o(.text)
    OSMemCreate                              0x00003369   Thumb Code    86  os_mem.o(.text)
    OSMemGet                                 0x000033bf   Thumb Code    48  os_mem.o(.text)
    OSMemNameGet                             0x000033ef   Thumb Code    54  os_mem.o(.text)
    OSMemNameSet                             0x00003425   Thumb Code    36  os_mem.o(.text)
    OSMemPut                                 0x00003449   Thumb Code    46  os_mem.o(.text)
    OSMemQuery                               0x00003477   Thumb Code    46  os_mem.o(.text)
    OS_MemInit                               0x000034a5   Thumb Code    62  os_mem.o(.text)
    OSTaskChangePrio                         0x000034f5   Thumb Code   318  os_task.o(.text)
    OSTaskCreate                             0x00003633   Thumb Code   124  os_task.o(.text)
    OS_TaskStkClr                            0x000036af   Thumb Code    22  os_task.o(.text)
    OSTaskCreateExt                          0x000036c5   Thumb Code   144  os_task.o(.text)
    OSTaskDel                                0x00003755   Thumb Code   274  os_task.o(.text)
    OSTaskDelReq                             0x00003867   Thumb Code    82  os_task.o(.text)
    OSTaskNameGet                            0x000038b9   Thumb Code   138  os_task.o(.text)
    OSTaskNameSet                            0x00003943   Thumb Code    70  os_task.o(.text)
    OSTaskResume                             0x00003989   Thumb Code   118  os_task.o(.text)
    OSTaskStkChk                             0x000039ff   Thumb Code    94  os_task.o(.text)
    OSTaskSuspend                            0x00003a5d   Thumb Code   130  os_task.o(.text)
    OSTaskQuery                              0x00003adf   Thumb Code    74  os_task.o(.text)
    OSTaskRegGet                             0x00003b29   Thumb Code    50  os_task.o(.text)
    OSTaskRegGetID                           0x00003b5b   Thumb Code    40  os_task.o(.text)
    OSTaskRegSet                             0x00003b83   Thumb Code    52  os_task.o(.text)
    OS_TaskReturn                            0x00003bb7   Thumb Code    18  os_task.o(.text)
    OSTimeDly                                0x00003be5   Thumb Code    82  os_time.o(.text)
    OSTimeDlyHMSM                            0x00003c37   Thumb Code    68  os_time.o(.text)
    OSTimeDlyResume                          0x00003c7b   Thumb Code   132  os_time.o(.text)
    OSTimeGet                                0x00003cff   Thumb Code    18  os_time.o(.text)
    OSTimeSet                                0x00003d11   Thumb Code    20  os_time.o(.text)
    OS_CPU_FP_Reg_Push                       0x00003d41   Thumb Code     0  os_cpu_a.o(.text)
    OS_CPU_FP_Reg_Pop                        0x00003d5b   Thumb Code     0  os_cpu_a.o(.text)
    OS_CPU_SR_Save                           0x00003d6d   Thumb Code     0  os_cpu_a.o(.text)
    OS_CPU_SR_Restore                        0x00003d75   Thumb Code     0  os_cpu_a.o(.text)
    OSStartHighRdy                           0x00003d7b   Thumb Code     0  os_cpu_a.o(.text)
    OSCtxSw                                  0x00003da3   Thumb Code     0  os_cpu_a.o(.text)
    OSIntCtxSw                               0x00003dad   Thumb Code     0  os_cpu_a.o(.text)
    OS_CPU_PendSVHandler                     0x00003db7   Thumb Code     0  os_cpu_a.o(.text)
    OSInitHookBegin                          0x00003e1d   Thumb Code    24  os_cpu_c.o(.text)
    OSInitHookEnd                            0x00003e35   Thumb Code     2  os_cpu_c.o(.text)
    OSTaskCreateHook                         0x00003e37   Thumb Code     4  os_cpu_c.o(.text)
    OSTaskDelHook                            0x00003e3b   Thumb Code     4  os_cpu_c.o(.text)
    OSTaskIdleHook                           0x00003e3f   Thumb Code     4  os_cpu_c.o(.text)
    OSTaskReturnHook                         0x00003e43   Thumb Code     4  os_cpu_c.o(.text)
    OSTaskStatHook                           0x00003e47   Thumb Code     4  os_cpu_c.o(.text)
    OSTaskStkInit                            0x00003e4b   Thumb Code   320  os_cpu_c.o(.text)
    OSTaskSwHook                             0x00003f8b   Thumb Code    42  os_cpu_c.o(.text)
    OSTCBInitHook                            0x00003fb5   Thumb Code     4  os_cpu_c.o(.text)
    OSTimeTickHook                           0x00003fb9   Thumb Code     4  os_cpu_c.o(.text)
    OS_CPU_SysTickHandler                    0x00003fbd   Thumb Code    30  os_cpu_c.o(.text)
    OS_CPU_SysTickInit                       0x00003fdb   Thumb Code    36  os_cpu_c.o(.text)
    OSDebugInit                              0x00004085   Thumb Code     2  os_dbg.o(.text)
    CANInit                                  0x00004089   Thumb Code    60  can.o(.text)
    CANEnable                                0x000040c5   Thumb Code    10  can.o(.text)
    CANDisable                               0x000040cf   Thumb Code    10  can.o(.text)
    CANBitTimingGet                          0x000040d9   Thumb Code    42  can.o(.text)
    CANBitRateSet                            0x00004103   Thumb Code    98  can.o(.text)
    CANBitTimingSet                          0x00004165   Thumb Code    84  can.o(.text)
    CANIntRegister                           0x000041b9   Thumb Code    26  can.o(.text)
    CANIntUnregister                         0x000041d3   Thumb Code    22  can.o(.text)
    CANIntEnable                             0x000041e9   Thumb Code     8  can.o(.text)
    CANIntDisable                            0x000041f1   Thumb Code     8  can.o(.text)
    CANIntStatus                             0x000041f9   Thumb Code    30  can.o(.text)
    CANIntClear                              0x00004217   Thumb Code    34  can.o(.text)
    CANRetrySet                              0x00004239   Thumb Code    18  can.o(.text)
    CANRetryGet                              0x0000424b   Thumb Code    14  can.o(.text)
    CANStatusGet                             0x00004259   Thumb Code    64  can.o(.text)
    CANErrCntrGet                            0x00004299   Thumb Code    24  can.o(.text)
    CANMessageSet                            0x000042b1   Thumb Code   340  can.o(.text)
    CANMessageGet                            0x00004405   Thumb Code   322  can.o(.text)
    CANMessageClear                          0x00004547   Thumb Code    24  can.o(.text)
    GPIODirModeSet                           0x00004599   Thumb Code    38  gpio.o(.text)
    GPIODirModeGet                           0x000045bf   Thumb Code    38  gpio.o(.text)
    GPIOIntTypeSet                           0x000045e5   Thumb Code    78  gpio.o(.text)
    GPIOIntTypeGet                           0x00004633   Thumb Code    66  gpio.o(.text)
    GPIOPadConfigSet                         0x00004675   Thumb Code   164  gpio.o(.text)
    GPIOPadConfigGet                         0x00004719   Thumb Code   110  gpio.o(.text)
    GPIOIntEnable                            0x00004787   Thumb Code    14  gpio.o(.text)
    GPIOIntDisable                           0x00004795   Thumb Code    14  gpio.o(.text)
    GPIOIntStatus                            0x000047a3   Thumb Code    14  gpio.o(.text)
    GPIOIntClear                             0x000047b1   Thumb Code     6  gpio.o(.text)
    GPIOIntRegister                          0x000047b7   Thumb Code    26  gpio.o(.text)
    GPIOIntUnregister                        0x000047d1   Thumb Code    22  gpio.o(.text)
    GPIOPinRead                              0x000047e7   Thumb Code     6  gpio.o(.text)
    GPIOPinWrite                             0x000047ed   Thumb Code     6  gpio.o(.text)
    GPIOPinTypeADC                           0x000047f3   Thumb Code    26  gpio.o(.text)
    GPIOPinTypeCAN                           0x0000480d   Thumb Code    26  gpio.o(.text)
    GPIOPinTypeComparator                    0x00004827   Thumb Code    26  gpio.o(.text)
    GPIOPinTypeEPI                           0x00004841   Thumb Code    26  gpio.o(.text)
    GPIOPinTypeEthernetLED                   0x0000485b   Thumb Code    26  gpio.o(.text)
    GPIOPinTypeEthernetMII                   0x00004875   Thumb Code    26  gpio.o(.text)
    GPIOPinTypeFan                           0x0000488f   Thumb Code    26  gpio.o(.text)
    GPIOPinTypeGPIOInput                     0x000048a9   Thumb Code    26  gpio.o(.text)
    GPIOPinTypeGPIOOutput                    0x000048c3   Thumb Code    26  gpio.o(.text)
    GPIOPinTypeGPIOOutputOD                  0x000048dd   Thumb Code    26  gpio.o(.text)
    GPIOPinTypeI2C                           0x000048f7   Thumb Code    26  gpio.o(.text)
    GPIOPinTypeI2CSCL                        0x00004911   Thumb Code    26  gpio.o(.text)
    GPIOPinTypeLPC                           0x0000492b   Thumb Code    26  gpio.o(.text)
    GPIOPinTypePECIRx                        0x00004945   Thumb Code    26  gpio.o(.text)
    GPIOPinTypePECITx                        0x0000495f   Thumb Code    26  gpio.o(.text)
    GPIOPinTypePWM                           0x00004979   Thumb Code    26  gpio.o(.text)
    GPIOPinTypeQEI                           0x00004993   Thumb Code    26  gpio.o(.text)
    GPIOPinTypeSSI                           0x000049ad   Thumb Code    26  gpio.o(.text)
    GPIOPinTypeTimer                         0x000049c7   Thumb Code    26  gpio.o(.text)
    GPIOPinTypeUART                          0x000049e1   Thumb Code    26  gpio.o(.text)
    GPIOPinTypeUSBAnalog                     0x000049fb   Thumb Code    26  gpio.o(.text)
    GPIOPinTypeUSBDigital                    0x00004a15   Thumb Code    26  gpio.o(.text)
    GPIOPinConfigure                         0x00004a2f   Thumb Code    62  gpio.o(.text)
    GPIODMATriggerEnable                     0x00004a6d   Thumb Code    14  gpio.o(.text)
    GPIODMATriggerDisable                    0x00004a7b   Thumb Code    14  gpio.o(.text)
    GPIOADCTriggerEnable                     0x00004a89   Thumb Code    14  gpio.o(.text)
    GPIOADCTriggerDisable                    0x00004a97   Thumb Code    14  gpio.o(.text)
    IntMasterEnable                          0x00004ad3   Thumb Code    14  interrupt.o(.text)
    IntMasterDisable                         0x00004ae1   Thumb Code    14  interrupt.o(.text)
    IntRegister                              0x00004aef   Thumb Code    38  interrupt.o(.text)
    IntUnregister                            0x00004b15   Thumb Code    10  interrupt.o(.text)
    IntPriorityGroupingSet                   0x00004b1f   Thumb Code    18  interrupt.o(.text)
    IntPriorityGroupingGet                   0x00004b31   Thumb Code    30  interrupt.o(.text)
    IntPrioritySet                           0x00004b4f   Thumb Code    32  interrupt.o(.text)
    IntPriorityGet                           0x00004b6f   Thumb Code    22  interrupt.o(.text)
    IntEnable                                0x00004b85   Thumb Code    88  interrupt.o(.text)
    IntDisable                               0x00004bdd   Thumb Code    88  interrupt.o(.text)
    IntIsEnabled                             0x00004c35   Thumb Code    90  interrupt.o(.text)
    IntPendSet                               0x00004c8f   Thumb Code    70  interrupt.o(.text)
    IntPendClear                             0x00004cd5   Thumb Code    58  interrupt.o(.text)
    IntPriorityMaskSet                       0x00004d0f   Thumb Code     4  interrupt.o(.text)
    IntPriorityMaskGet                       0x00004d13   Thumb Code     4  interrupt.o(.text)
    IntTrigger                               0x00004d17   Thumb Code     8  interrupt.o(.text)
    SysCtlSRAMSizeGet                        0x00004d39   Thumb Code    10  sysctl.o(.text)
    SysCtlFlashSizeGet                       0x00004d43   Thumb Code    16  sysctl.o(.text)
    SysCtlPeripheralPresent                  0x00004d53   Thumb Code    40  sysctl.o(.text)
    SysCtlPeripheralReady                    0x00004d7b   Thumb Code    40  sysctl.o(.text)
    SysCtlPeripheralPowerOn                  0x00004da3   Thumb Code    36  sysctl.o(.text)
    SysCtlPeripheralPowerOff                 0x00004dc7   Thumb Code    36  sysctl.o(.text)
    SysCtlPeripheralReset                    0x00004deb   Thumb Code    54  sysctl.o(.text)
    SysCtlPeripheralEnable                   0x00004e21   Thumb Code    36  sysctl.o(.text)
    SysCtlPeripheralDisable                  0x00004e45   Thumb Code    36  sysctl.o(.text)
    SysCtlPeripheralSleepEnable              0x00004e69   Thumb Code    36  sysctl.o(.text)
    SysCtlPeripheralSleepDisable             0x00004e8d   Thumb Code    36  sysctl.o(.text)
    SysCtlPeripheralDeepSleepEnable          0x00004eb1   Thumb Code    36  sysctl.o(.text)
    SysCtlPeripheralDeepSleepDisable         0x00004ed5   Thumb Code    36  sysctl.o(.text)
    SysCtlPeripheralClockGating              0x00004ef9   Thumb Code    24  sysctl.o(.text)
    SysCtlIntRegister                        0x00004f11   Thumb Code    20  sysctl.o(.text)
    SysCtlIntUnregister                      0x00004f25   Thumb Code    18  sysctl.o(.text)
    SysCtlIntEnable                          0x00004f37   Thumb Code    12  sysctl.o(.text)
    SysCtlIntDisable                         0x00004f43   Thumb Code    12  sysctl.o(.text)
    SysCtlIntClear                           0x00004f4f   Thumb Code     8  sysctl.o(.text)
    SysCtlIntStatus                          0x00004f57   Thumb Code    14  sysctl.o(.text)
    SysCtlReset                              0x00004f65   Thumb Code     8  sysctl.o(.text)
    SysCtlSleep                              0x00004f6d   Thumb Code     4  sysctl.o(.text)
    SysCtlDeepSleep                          0x00004f71   Thumb Code    28  sysctl.o(.text)
    SysCtlResetCauseGet                      0x00004f8d   Thumb Code     8  sysctl.o(.text)
    SysCtlResetCauseClear                    0x00004f95   Thumb Code    12  sysctl.o(.text)
    SysCtlMOSCConfigSet                      0x00004fa1   Thumb Code     8  sysctl.o(.text)
    SysCtlPIOSCCalibrate                     0x00004fa9   Thumb Code    64  sysctl.o(.text)
    SysCtlClockSet                           0x00004fe9   Thumb Code   250  sysctl.o(.text)
    SysCtlClockGet                           0x000050e3   Thumb Code   284  sysctl.o(.text)
    SysCtlDeepSleepClockSet                  0x000051ff   Thumb Code     6  sysctl.o(.text)
    SysCtlPWMClockSet                        0x00005205   Thumb Code    14  sysctl.o(.text)
    SysCtlPWMClockGet                        0x00005213   Thumb Code    20  sysctl.o(.text)
    SysCtlADCSpeedSet                        0x00005227   Thumb Code    26  sysctl.o(.text)
    SysCtlADCSpeedGet                        0x00005241   Thumb Code    12  sysctl.o(.text)
    SysCtlGPIOAHBEnable                      0x0000524d   Thumb Code    18  sysctl.o(.text)
    SysCtlGPIOAHBDisable                     0x0000525f   Thumb Code    18  sysctl.o(.text)
    SysCtlUSBPLLEnable                       0x00005271   Thumb Code    12  sysctl.o(.text)
    SysCtlUSBPLLDisable                      0x0000527d   Thumb Code    12  sysctl.o(.text)
    UARTParityModeSet                        0x00005299   Thumb Code    12  uart.o(.text)
    UARTParityModeGet                        0x000052a5   Thumb Code     8  uart.o(.text)
    UARTFIFOLevelSet                         0x000052ad   Thumb Code     6  uart.o(.text)
    UARTFIFOLevelGet                         0x000052b3   Thumb Code    16  uart.o(.text)
    UARTEnable                               0x000052c3   Thumb Code    20  uart.o(.text)
    UARTDisable                              0x000052d7   Thumb Code    26  uart.o(.text)
    UARTConfigSetExpClk                      0x000052f1   Thumb Code    70  uart.o(.text)
    UARTConfigGetExpClk                      0x00005337   Thumb Code    40  uart.o(.text)
    UARTFIFOEnable                           0x0000535f   Thumb Code    10  uart.o(.text)
    UARTFIFODisable                          0x00005369   Thumb Code    10  uart.o(.text)
    UARTEnableSIR                            0x00005373   Thumb Code    20  uart.o(.text)
    UARTDisableSIR                           0x00005387   Thumb Code    10  uart.o(.text)
    UARTSmartCardEnable                      0x00005391   Thumb Code    22  uart.o(.text)
    UARTSmartCardDisable                     0x000053a7   Thumb Code    10  uart.o(.text)
    UARTModemControlSet                      0x000053b1   Thumb Code    12  uart.o(.text)
    UARTModemControlClear                    0x000053bd   Thumb Code    12  uart.o(.text)
    UARTModemControlGet                      0x000053c9   Thumb Code     8  uart.o(.text)
    UARTModemStatusGet                       0x000053d1   Thumb Code    10  uart.o(.text)
    UARTFlowControlSet                       0x000053db   Thumb Code    12  uart.o(.text)
    UARTFlowControlGet                       0x000053e7   Thumb Code     8  uart.o(.text)
    UARTTxIntModeSet                         0x000053ef   Thumb Code    12  uart.o(.text)
    UARTTxIntModeGet                         0x000053fb   Thumb Code     8  uart.o(.text)
    UARTCharsAvail                           0x00005403   Thumb Code    10  uart.o(.text)
    UARTSpaceAvail                           0x0000540d   Thumb Code    10  uart.o(.text)
    UARTCharGetNonBlocking                   0x00005417   Thumb Code    16  uart.o(.text)
    UARTCharGet                              0x00005427   Thumb Code    10  uart.o(.text)
    UARTCharPutNonBlocking                   0x00005431   Thumb Code    16  uart.o(.text)
    UARTCharPut                              0x00005441   Thumb Code    10  uart.o(.text)
    UARTBreakCtl                             0x0000544b   Thumb Code    20  uart.o(.text)
    UARTBusy                                 0x0000545f   Thumb Code     8  uart.o(.text)
    UARTIntRegister                          0x00005467   Thumb Code    26  uart.o(.text)
    UARTIntUnregister                        0x00005481   Thumb Code    22  uart.o(.text)
    UARTIntEnable                            0x00005497   Thumb Code     8  uart.o(.text)
    UARTIntDisable                           0x0000549f   Thumb Code     8  uart.o(.text)
    UARTIntStatus                            0x000054a7   Thumb Code    10  uart.o(.text)
    UARTIntClear                             0x000054b1   Thumb Code     4  uart.o(.text)
    UARTDMAEnable                            0x000054b5   Thumb Code     8  uart.o(.text)
    UARTDMADisable                           0x000054bd   Thumb Code     8  uart.o(.text)
    UARTRxErrorGet                           0x000054c5   Thumb Code     8  uart.o(.text)
    UARTRxErrorClear                         0x000054cd   Thumb Code     6  uart.o(.text)
    UARTClockSourceSet                       0x000054d3   Thumb Code     6  uart.o(.text)
    UARTClockSourceGet                       0x000054d9   Thumb Code     6  uart.o(.text)
    UART9BitEnable                           0x000054df   Thumb Code    12  uart.o(.text)
    UART9BitDisable                          0x000054eb   Thumb Code    12  uart.o(.text)
    UART9BitAddrSet                          0x000054f7   Thumb Code     8  uart.o(.text)
    UART9BitAddrSend                         0x000054ff   Thumb Code    38  uart.o(.text)
    UARTStdioConfig                          0x0000554d   Thumb Code    70  uartstdio.o(.text)
    UARTwrite                                0x00005593   Thumb Code    46  uartstdio.o(.text)
    UARTgets                                 0x000055c1   Thumb Code   106  uartstdio.o(.text)
    UARTgetc                                 0x0000562b   Thumb Code    14  uartstdio.o(.text)
    UARTvprintf                              0x00005639   Thumb Code   422  uartstdio.o(.text)
    UARTprintf                               0x000057df   Thumb Code    18  uartstdio.o(.text)
    __aeabi_uldivmod                         0x0000580d   Thumb Code    98  uldiv.o(.text)
    __aeabi_uidiv                            0x0000586f   Thumb Code     0  uidiv.o(.text)
    __aeabi_uidivmod                         0x0000586f   Thumb Code    44  uidiv.o(.text)
    __aeabi_llsl                             0x0000589b   Thumb Code    30  llshl.o(.text)
    _ll_shift_l                              0x0000589b   Thumb Code     0  llshl.o(.text)
    __aeabi_llsr                             0x000058b9   Thumb Code    32  llushr.o(.text)
    _ll_ushift_r                             0x000058b9   Thumb Code     0  llushr.o(.text)
    __scatterload                            0x000058d9   Thumb Code    28  init.o(.text)
    __scatterload_rt2                        0x000058d9   Thumb Code     0  init.o(.text)
    __decompress                             0x000058fd   Thumb Code     0  __dczerorl.o(.text)
    __decompress0                            0x000058fd   Thumb Code    58  __dczerorl.o(.text)
    __0sprintf$1                             0x00005939   Thumb Code    34  printf1.o(i.__0sprintf$1)
    __1sprintf$1                             0x00005939   Thumb Code     0  printf1.o(i.__0sprintf$1)
    __2sprintf                               0x00005939   Thumb Code     0  printf1.o(i.__0sprintf$1)
    __scatterload_copy                       0x00005961   Thumb Code    14  handlers.o(i.__scatterload_copy)
    __scatterload_null                       0x0000596f   Thumb Code     2  handlers.o(i.__scatterload_null)
    __scatterload_zeroinit                   0x00005971   Thumb Code    14  handlers.o(i.__scatterload_zeroinit)
    OSUnMapTbl                               0x00005c7c   Data         256  os_core.o(.constdata)
    Region$$Table$$Base                      0x000060bc   Number         0  anon$$obj.o(Region$$Table)
    Region$$Table$$Limit                     0x000060dc   Number         0  anon$$obj.o(Region$$Table)
    ButtonStatus                             0x20000004   Data           4  app.o(.data)
    CPU_TS_TmrFreq_Hz                        0x20000008   Data           4  cpu_core.o(.data)
    Mem_PoolTbl                              0x2000000c   Data           4  lib_mem.o(.data)
    OSCPUUsage                               0x20000010   Data           1  os_core.o(.data)
    OSStatRdy                                0x20000011   Data           1  os_core.o(.data)
    OSIntNesting                             0x20000012   Data           1  os_core.o(.data)
    OSLockNesting                            0x20000013   Data           1  os_core.o(.data)
    OSPrioCur                                0x20000014   Data           1  os_core.o(.data)
    OSPrioHighRdy                            0x20000015   Data           1  os_core.o(.data)
    OSRdyGrp                                 0x20000016   Data           1  os_core.o(.data)
    OSRunning                                0x20000017   Data           1  os_core.o(.data)
    OSTaskCtr                                0x20000018   Data           1  os_core.o(.data)
    OSTickStepState                          0x20000019   Data           1  os_core.o(.data)
    OSTaskRegNextAvailID                     0x2000001a   Data           1  os_core.o(.data)
    OSCtxSwCtr                               0x2000001c   Data           4  os_core.o(.data)
    OSEventFreeList                          0x20000020   Data           4  os_core.o(.data)
    OSIdleCtrMax                             0x20000024   Data           4  os_core.o(.data)
    OSIdleCtrRun                             0x20000028   Data           4  os_core.o(.data)
    OSIdleCtr                                0x2000002c   Data           4  os_core.o(.data)
    OSTCBCur                                 0x20000030   Data           4  os_core.o(.data)
    OSTCBFreeList                            0x20000034   Data           4  os_core.o(.data)
    OSTCBHighRdy                             0x20000038   Data           4  os_core.o(.data)
    OSTCBList                                0x2000003c   Data           4  os_core.o(.data)
    OSTime                                   0x20000040   Data           4  os_core.o(.data)
    OSRdyTbl                                 0x20000044   Data           8  os_core.o(.data)
    OSFlagFreeList                           0x2000004c   Data           4  os_core.o(.data)
    OSMemFreeList                            0x20000050   Data           4  os_core.o(.data)
    OS_CPU_ExceptStkBase                     0x20000054   Data           4  os_cpu_c.o(.data)
    messageData                              0x2000066c   Data         128  app.o(.bss)
    messageArray                             0x200012ec   Data         320  app.o(.bss)
    messageArrayData                         0x2000142c   Data          64  app.o(.bss)
    CPU_Name                                 0x2000162c   Data          16  cpu_core.o(.bss)
    Mem_PoolHeap                             0x2000163c   Data          72  lib_mem.o(.bss)
    Mem_Heap                                 0x20001684   Data        1024  lib_mem.o(.bss)
    OSEventTbl                               0x20001a84   Data         240  os_core.o(.bss)
    OSTaskStatStk                            0x20001b74   Data         512  os_core.o(.bss)
    OSTaskIdleStk                            0x20001d74   Data         512  os_core.o(.bss)
    OSTCBPrioTbl                             0x20001f74   Data         256  os_core.o(.bss)
    OSTCBTbl                                 0x20002074   Data        1936  os_core.o(.bss)
    OSFlagTbl                                0x20002804   Data          80  os_core.o(.bss)
    OSMemTbl                                 0x20002854   Data         120  os_core.o(.bss)
    OS_CPU_ExceptStk                         0x200028cc   Data         512  os_cpu_c.o(.bss)
    __initial_sp                             0x20002cd0   Data           0  cstartup.o(STACK)



==============================================================================

Memory Map of the image

  Image Entry point : 0x00000201

  Load Region LR_IROM1 (Base: 0x00000000, Size: 0x00006748, Max: 0x00040000, ABSOLUTE, COMPRESSED[0x000060ec])

    Execution Region ER_IROM1 (Base: 0x00000000, Size: 0x000060dc, Max: 0x00040000, ABSOLUTE)

    Base Addr    Size         Type   Attr      Idx    E Section Name        Object

    0x00000000   0x00000200   Data   RO          268    RESET               cstartup.o
    0x00000200   0x00000000   Code   RO         1036  * .ARM.Collect$$$$00000000  mc_w.l(entry.o)
    0x00000200   0x00000004   Code   RO         1302    .ARM.Collect$$$$00000001  mc_w.l(entry2.o)
    0x00000204   0x00000004   Code   RO         1305    .ARM.Collect$$$$00000004  mc_w.l(entry5.o)
    0x00000208   0x00000000   Code   RO         1307    .ARM.Collect$$$$00000008  mc_w.l(entry7b.o)
    0x00000208   0x00000000   Code   RO         1309    .ARM.Collect$$$$0000000A  mc_w.l(entry8b.o)
    0x00000208   0x00000008   Code   RO         1310    .ARM.Collect$$$$0000000B  mc_w.l(entry9a.o)
    0x00000210   0x00000000   Code   RO         1312    .ARM.Collect$$$$0000000D  mc_w.l(entry10a.o)
    0x00000210   0x00000000   Code   RO         1314    .ARM.Collect$$$$0000000F  mc_w.l(entry11a.o)
    0x00000210   0x00000004   Code   RO         1303    .ARM.Collect$$$$00002712  mc_w.l(entry2.o)
    0x00000214   0x00000026   Code   RO          640    .emb_text           cpu.o
    0x0000023a   0x00000002   PAD
    0x0000023c   0x00000006   Code   RO          868    .emb_text           sysctl.o
    0x00000242   0x00000002   PAD
    0x00000244   0x00000638   Code   RO            1    .text               app.o
    0x0000087c   0x00000010   Code   RO          125    .text               app_hooks.o
    0x0000088c   0x000000cc   Code   RO          141    .text               bsp.o
    0x00000958   0x00000248   Code   RO          187    .text               bsp_int.o
    0x00000ba0   0x000000c8   Code   RO          208    .text               bsp_led.o
    0x00000c68   0x00000010   Code   RO          229    .text               bsp_sys.o
    0x00000c78   0x00000058   Code   RO          244    .text               cpu_bsp.o
    0x00000cd0   0x00000018   Code   RO          269    .text               cstartup.o
    0x00000ce8   0x000001c0   Code   RO          274    .text               cpu_core.o
    0x00000ea8   0x00000034   Code   RO          296    .text               cpu_a.o
    0x00000edc   0x00000374   Code   RO          299    .text               cpu_c.o
    0x00001250   0x0000015a   Code   RO          315    .text               lib_ascii.o
    0x000013aa   0x00000002   PAD
    0x000013ac   0x00000954   Code   RO          362    .text               lib_mem.o
    0x00001d00   0x000005a0   Code   RO          381    .text               lib_str.o
    0x000022a0   0x00000220   Code   RO          399    .text               lib_mem_a.o
    0x000024c0   0x0000091c   Code   RO          402    .text               os_core.o
    0x00002ddc   0x0000058c   Code   RO          427    .text               os_flag.o
    0x00003368   0x0000018c   Code   RO          452    .text               os_mem.o
    0x000034f4   0x000006f0   Code   RO          494    .text               os_task.o
    0x00003be4   0x0000015c   Code   RO          507    .text               os_time.o
    0x00003d40   0x000000dc   Code   RO          525    .text               os_cpu_a.o
    0x00003e1c   0x00000268   Code   RO          528    .text               os_cpu_c.o
    0x00004084   0x00000002   Code   RO          551    .text               os_dbg.o
    0x00004086   0x00000002   PAD
    0x00004088   0x00000510   Code   RO          605    .text               can.o
    0x00004598   0x00000538   Code   RO          706    .text               gpio.o
    0x00004ad0   0x00000268   Code   RO          765    .text               interrupt.o
    0x00004d38   0x00000560   Code   RO          869    .text               sysctl.o
    0x00005298   0x000002b4   Code   RO          942    .text               uart.o
    0x0000554c   0x000002c0   Code   RO         1014    .text               uartstdio.o
    0x0000580c   0x00000062   Code   RO         1039    .text               mc_w.l(uldiv.o)
    0x0000586e   0x0000002c   Code   RO         1319    .text               mc_w.l(uidiv.o)
    0x0000589a   0x0000001e   Code   RO         1321    .text               mc_w.l(llshl.o)
    0x000058b8   0x00000020   Code   RO         1323    .text               mc_w.l(llushr.o)
    0x000058d8   0x00000024   Code   RO         1336    .text               mc_w.l(init.o)
    0x000058fc   0x0000003a   Code   RO         1352    .text               mc_w.l(__dczerorl.o)
    0x00005936   0x00000002   PAD
    0x00005938   0x00000028   Code   RO         1088    i.__0sprintf$1      mc_w.l(printf1.o)
    0x00005960   0x0000000e   Code   RO         1346    i.__scatterload_copy  mc_w.l(handlers.o)
    0x0000596e   0x00000002   Code   RO         1347    i.__scatterload_null  mc_w.l(handlers.o)
    0x00005970   0x0000000e   Code   RO         1348    i.__scatterload_zeroinit  mc_w.l(handlers.o)
    0x0000597e   0x00000002   PAD
    0x00005980   0x00000154   Code   RO         1093    i._printf_core      mc_w.l(printf1.o)
    0x00005ad4   0x0000000a   Code   RO         1095    i._sputc            mc_w.l(printf1.o)
    0x00005ade   0x00000002   PAD
    0x00005ae0   0x00000006   Data   RO            3    .constdata          app.o
    0x00005ae6   0x00000100   Data   RO          276    .constdata          cpu_core.o
    0x00005be6   0x00000002   PAD
    0x00005be8   0x00000094   Data   RO          382    .constdata          lib_str.o
    0x00005c7c   0x00000100   Data   RO          406    .constdata          os_core.o
    0x00005d7c   0x00000020   Data   RO          606    .constdata          can.o
    0x00005d9c   0x00000138   Data   RO          707    .constdata          gpio.o
    0x00005ed4   0x0000010c   Data   RO          766    .constdata          interrupt.o
    0x00005fe0   0x0000006c   Data   RO          870    .constdata          sysctl.o
    0x0000604c   0x00000040   Data   RO          943    .constdata          uart.o
    0x0000608c   0x0000001c   Data   RO         1015    .constdata          uartstdio.o
    0x000060a8   0x00000011   Data   RO         1016    .conststring        uartstdio.o
    0x000060b9   0x00000003   PAD
    0x000060bc   0x00000020   Data   RO         1344    Region$$Table       anon$$obj.o


    Execution Region RW_IRAM1 (Base: 0x20000000, Size: 0x00002cd0, Max: 0x00008000, ABSOLUTE, COMPRESSED[0x00000010])

    Base Addr    Size         Type   Attr      Idx    E Section Name        Object

    0x20000000   0x00000008   Data   RW            4    .data               app.o
    0x20000008   0x00000004   Data   RW          278    .data               cpu_core.o
    0x2000000c   0x00000004   Data   RW          364    .data               lib_mem.o
    0x20000010   0x0000003c   Data   RW          407    .data               os_core.o
    0x2000004c   0x00000004   Data   RW          408    .data               os_core.o
    0x20000050   0x00000004   Data   RW          409    .data               os_core.o
    0x20000054   0x00000004   Data   RW          530    .data               os_cpu_c.o
    0x20000058   0x00000008   Data   RW         1017    .data               uartstdio.o
    0x20000060   0x000003a0   PAD
    0x20000400   0x0000026c   Data   RW          767    vtable              interrupt.o
    0x2000066c   0x00000e00   Zero   RW            2    .bss                app.o
    0x2000146c   0x000001c0   Zero   RW          188    .bss                bsp_int.o
    0x2000162c   0x00000010   Zero   RW          275    .bss                cpu_core.o
    0x2000163c   0x00000448   Zero   RW          363    .bss                lib_mem.o
    0x20001a84   0x00000d80   Zero   RW          403    .bss                os_core.o
    0x20002804   0x00000050   Zero   RW          404    .bss                os_core.o
    0x20002854   0x00000078   Zero   RW          405    .bss                os_core.o
    0x200028cc   0x00000200   Zero   RW          529    .bss                os_cpu_c.o
    0x20002acc   0x00000004   PAD
    0x20002ad0   0x00000200   Zero   RW          266    STACK               cstartup.o


==============================================================================

Image component sizes


      Code (inc. data)   RO Data    RW Data    ZI Data      Debug   Object Name

      1592        168          6          8       3584      29054   app.o
        16          0          0          0          0       9371   app_hooks.o
       204         66          0          0          0       8511   bsp.o
       584          8          0          0        448      14410   bsp_int.o
       200         18          0          0          0       1153   bsp_led.o
        16          6          0          0          0        652   bsp_sys.o
      1296         30         32          0          0       7612   can.o
        38          0          0          0          0        672   cpu.o
        52          0          0          0          0        408   cpu_a.o
        88         12          0          0          0       2552   cpu_bsp.o
       884         78          0          0          0       2873   cpu_c.o
       448         12        256          4         16       6613   cpu_core.o
        24          6        512          0        512        796   cstartup.o
      1336          8        312          0          0      10082   gpio.o
       616         26        268        620          0       4776   interrupt.o
       346          0          0          0          0      14986   lib_ascii.o
      2388         40          0          4       1096      20512   lib_mem.o
       544          0          0          0          0        556   lib_mem_a.o
      1440          6        148          0          0       9288   lib_str.o
      2332         86        256         68       3656      17359   os_core.o
       220         36          0          0          0        500   os_cpu_a.o
       616        134          0          4        512      12440   os_cpu_c.o
         2          0          0          0          0        642   os_dbg.o
      1420         38          0          0          0       5622   os_flag.o
       396         18          0          0          0       2736   os_mem.o
      1776         72          0          0          0       6734   os_task.o
       348         28          0          0          0       1726   os_time.o
      1382         82        108          0          0       8855   sysctl.o
       692          6         64          0          0       9306   uart.o
       704         28         45          8          0       3533   uartstdio.o

    ----------------------------------------------------------------------
     22008       1012       2044       1644       9828     214330   Object Totals
         0          0         32          0          0          0   (incl. Generated)
         8          0          5        928          4          0   (incl. Padding)

    ----------------------------------------------------------------------

      Code (inc. data)   RO Data    RW Data    ZI Data      Debug   Library Member Name

        58          0          0          0          0          0   __dczerorl.o
         0          0          0          0          0          0   entry.o
         0          0          0          0          0          0   entry10a.o
         0          0          0          0          0          0   entry11a.o
         8          4          0          0          0          0   entry2.o
         4          0          0          0          0          0   entry5.o
         0          0          0          0          0          0   entry7b.o
         0          0          0          0          0          0   entry8b.o
         8          4          0          0          0          0   entry9a.o
        30          0          0          0          0          0   handlers.o
        36          8          0          0          0         68   init.o
        30          0          0          0          0         68   llshl.o
        32          0          0          0          0         68   llushr.o
       390         12          0          0          0        248   printf1.o
        44          0          0          0          0         80   uidiv.o
        98          0          0          0          0         92   uldiv.o

    ----------------------------------------------------------------------
       744         28          0          0          0        624   Library Totals
         6          0          0          0          0          0   (incl. Padding)

    ----------------------------------------------------------------------

      Code (inc. data)   RO Data    RW Data    ZI Data      Debug   Library Name

       738         28          0          0          0        624   mc_w.l

    ----------------------------------------------------------------------
       744         28          0          0          0        624   Library Totals

    ----------------------------------------------------------------------

==============================================================================


      Code (inc. data)   RO Data    RW Data    ZI Data      Debug   

     22752       1040       2044       1644       9828     208294   Grand Totals
     22752       1040       2044         16       9828     208294   ELF Image Totals (compressed)
     22752       1040       2044         16          0          0   ROM Totals

==============================================================================

    Total RO  Size (Code + RO Data)                24796 (  24.21kB)
    Total RW  Size (RW Data + ZI Data)             11472 (  11.20kB)
    Total ROM Size (Code + RO Data + RW Data)      24812 (  24.23kB)

==============================================================================

