ARM Linker, 5.03 [Build 76] [MDK-ARM Lite]

==============================================================================

Section Cross References

    app.o(.text) refers to uartstdio.o(.text) for UARTprintf
    app.o(.text) refers to can.o(.text) for CANStatusGet
    app.o(.text) refers to os_time.o(.text) for OSTimeDlyHMSM
    app.o(.text) refers to bsp_led.o(.text) for BSP_LED_Off
    app.o(.text) refers to bsp.o(.text) for BSP_Init
    app.o(.text) refers to bsp_sys.o(.text) for BSP_SysClkFreqGet
    app.o(.text) refers to os_cpu_c.o(.text) for OS_CPU_SysTickInit
    app.o(.text) refers to cpu_core.o(.text) for CPU_Init
    app.o(.text) refers to os_core.o(.text) for OSStatInit
    app.o(.text) refers to lib_mem.o(.text) for Mem_Init
    app.o(.text) refers to os_task.o(.text) for OSTaskCreate
    app.o(.text) refers to cpu_a.o(.text) for CPU_IntDis
    app.o(.text) refers to sysctl.o(.text) for SysCtlPeripheralEnable
    app.o(.text) refers to os_flag.o(.text) for OSFlagPost
    app.o(.text) refers to gpio.o(.text) for GPIOPinConfigure
    app.o(.text) refers to app.o(.data) for .data
    app.o(.text) refers to app.o(.bss) for .bss
    bsp.o(.text) refers to bsp_int.o(.text) for BSP_IntInit
    bsp.o(.text) refers to bsp_sys.o(.text) for BSP_SysInit
    bsp.o(.text) refers to bsp_led.o(.text) for BSP_LED_Init
    bsp.o(.text) refers to sysctl.o(.text) for SysCtlPeripheralEnable
    bsp.o(.text) refers to gpio.o(.text) for GPIOPinConfigure
    bsp.o(.text) refers to uartstdio.o(.text) for UARTStdioConfig
    bsp.o(.text) refers to printf1.o(i.__0sprintf$1) for __2sprintf
    bsp_int.o(.text) refers to cpu_c.o(.text) for CPU_IntSrcDis
    bsp_int.o(.text) refers to cpu_a.o(.text) for CPU_IntDis
    bsp_int.o(.text) refers to os_core.o(.text) for OSIntEnter
    bsp_int.o(.text) refers to bsp_int.o(.bss) for .bss
    bsp_sys.o(.text) refers to sysctl.o(.text) for SysCtlClockSet
    cpu_bsp.o(.text) refers to bsp_sys.o(.text) for BSP_SysClkFreqGet
    cpu_bsp.o(.text) refers to cpu_core.o(.text) for CPU_TS_TmrFreqSet
    cpu_bsp.o(.text) refers to uldiv.o(.text) for __aeabi_uldivmod
    cstartup.o(RESET) refers to cstartup.o(STACK) for __initial_sp
    cstartup.o(RESET) refers to cstartup.o(.text) for Reset_Handler
    cstartup.o(RESET) refers to os_cpu_a.o(.text) for OS_CPU_PendSVHandler
    cstartup.o(RESET) refers to os_cpu_c.o(.text) for OS_CPU_SysTickHandler
    cstartup.o(RESET) refers to bsp_int.o(.text) for BSP_IntHandlerGPIOA
    cstartup.o(.text) refers to entry.o(.ARM.Collect$$$$00000000) for __main
    cpu_core.o(.text) refers to cpu_a.o(.text) for CPU_SR_Save
    cpu_core.o(.text) refers to lib_mem.o(.text) for Mem_Clr
    cpu_core.o(.text) refers to cpu_bsp.o(.text) for CPU_TS_TmrInit
    cpu_core.o(.text) refers to lib_str.o(.text) for Str_Copy_N
    cpu_core.o(.text) refers to cpu_core.o(.bss) for .bss
    cpu_core.o(.text) refers to cpu_core.o(.data) for .data
    cpu_core.o(.text) refers to cpu_core.o(.constdata) for .constdata
    cpu_c.o(.text) refers to cpu_a.o(.text) for CPU_SR_Save
    lib_math.o(.text) refers to cpu_a.o(.text) for CPU_SR_Save
    lib_math.o(.text) refers to lib_math.o(.data) for .data
    lib_mem.o(.text) refers to lib_mem_a.o(.text) for Mem_Copy
    lib_mem.o(.text) refers to cpu_core.o(.text) for CPU_SW_Exception
    lib_mem.o(.text) refers to cpu_a.o(.text) for CPU_SR_Save
    lib_mem.o(.text) refers to lib_mem.o(.bss) for .bss
    lib_mem.o(.text) refers to lib_mem.o(.data) for .data
    lib_str.o(.text) refers to lib_ascii.o(.text) for ASCII_ToLower
    lib_str.o(.text) refers to lib_str.o(.constdata) for .constdata
    os_core.o(.text) refers to os_cpu_a.o(.text) for OS_CPU_SR_Save
    os_core.o(.text) refers to os_task.o(.text) for OSTaskStkChk
    os_core.o(.text) refers to os_time.o(.text) for OSTimeDly
    os_core.o(.text) refers to os_cpu_c.o(.text) for OSTaskStatHook
    os_core.o(.text) refers to os_flag.o(.text) for OS_FlagInit
    os_core.o(.text) refers to os_mem.o(.text) for OS_MemInit
    os_core.o(.text) refers to os_core.o(.data) for .data
    os_core.o(.text) refers to os_core.o(.bss) for .bss
    os_core.o(.text) refers to os_dbg.o(.text) for OSDebugInit
    os_core.o(.text) refers to os_core.o(.constdata) for .constdata
    os_flag.o(.text) refers to os_cpu_a.o(.text) for OS_CPU_SR_Save
    os_flag.o(.text) refers to os_core.o(.text) for OS_Sched
    os_flag.o(.text) refers to os_core.o(.data) for OSIntNesting
    os_flag.o(.text) refers to os_core.o(.data) for OSFlagFreeList
    os_flag.o(.text) refers to os_core.o(.bss) for OSFlagTbl
    os_mbox.o(.text) refers to os_cpu_a.o(.text) for OS_CPU_SR_Save
    os_mbox.o(.text) refers to os_core.o(.text) for OS_EventWaitListInit
    os_mbox.o(.text) refers to os_core.o(.data) for OSIntNesting
    os_mem.o(.text) refers to os_cpu_a.o(.text) for OS_CPU_SR_Save
    os_mem.o(.text) refers to os_core.o(.text) for OS_StrLen
    os_mem.o(.text) refers to os_core.o(.data) for OSMemFreeList
[...]
    Removing mpu.o(.text), (168 bytes).
    Removing pwm.o(.text), (676 bytes).
    Removing qei.o(.text), (232 bytes).
    Removing ssi.o(.text), (296 bytes).
    Removing ssi.o(.constdata), (32 bytes).
    Removing sw_crc.o(.text), (696 bytes).
    Removing sw_crc.o(.constdata), (1792 bytes).
    Removing sysctl.o(.data), (4 bytes).
    Removing sysctl.o(.data), (4 bytes).
    Removing sysctl.o(.data), (4 bytes).
    Removing sysctl.o(.data), (4 bytes).
    Removing sysctl.o(.data), (1 bytes).
    Removing sysexc.o(.text), (124 bytes).
    Removing systick.o(.text), (126 bytes).
    Removing timer.o(.text), (528 bytes).
    Removing timer.o(.constdata), (96 bytes).
    Removing udma.o(.text), (680 bytes).
    Removing usb.o(.text), (2204 bytes).
    Removing watchdog.o(.text), (188 bytes).
    Removing dadd.o(.text), (334 bytes).
    Removing dmul.o(.text), (228 bytes).
    Removing ddiv.o(.text), (222 bytes).
    Removing dfixul.o(.text), (48 bytes).
    Removing cdrcmple.o(.text), (40 bytes).
    Removing depilogue.o(.text), (190 bytes).

55 unused section(s) (total 15542 bytes) removed from the image.

==============================================================================

Image Symbol Table

    Local Symbols

    Symbol Name                              Value     Ov Type        Size  Object(Section)

    RESET                                    0x00000000   Section      512  cstartup.o(RESET)
    ../clib/../cmprslib/zerorunl.c           0x00000000   Number         0  __dczerorl.o ABSOLUTE
    ../clib/microlib/division.c              0x00000000   Number         0  uidiv.o ABSOLUTE
    ../clib/microlib/division.c              0x00000000   Number         0  uldiv.o ABSOLUTE
    ../clib/microlib/init/entry.s            0x00000000   Number         0  entry8a.o ABSOLUTE
    ../clib/microlib/init/entry.s            0x00000000   Number         0  entry8b.o ABSOLUTE
    ../clib/microlib/init/entry.s            0x00000000   Number         0  entry.o ABSOLUTE
    ../clib/microlib/init/entry.s            0x00000000   Number         0  entry7a.o ABSOLUTE
    ../clib/microlib/init/entry.s            0x00000000   Number         0  entry11b.o ABSOLUTE
    ../clib/microlib/init/entry.s            0x00000000   Number         0  entry5.o ABSOLUTE
    ../clib/microlib/init/entry.s            0x00000000   Number         0  entry10b.o ABSOLUTE
    ../clib/microlib/init/entry.s            0x00000000   Number         0  entry2.o ABSOLUTE
    ../clib/microlib/init/entry.s            0x00000000   Number         0  entry11a.o ABSOLUTE
    ../clib/microlib/init/entry.s            0x00000000   Number         0  entry7b.o ABSOLUTE
    ../clib/microlib/init/entry.s            0x00000000   Number         0  entry10a.o ABSOLUTE
    ../clib/microlib/init/entry.s            0x00000000   Number         0  entry9b.o ABSOLUTE
    ../clib/microlib/init/entry.s            0x00000000   Number         0  entry9a.o ABSOLUTE
    ../clib/microlib/longlong.c              0x00000000   Number         0  llsshr.o ABSOLUTE
    ../clib/microlib/longlong.c              0x00000000   Number         0  llushr.o ABSOLUTE
    ../clib/microlib/longlong.c              0x00000000   Number         0  llshl.o ABSOLUTE
    ../clib/microlib/printf/printf.c         0x00000000   Number         0  printfa.o ABSOLUTE
    ../clib/microlib/printf/printf.c         0x00000000   Number         0  printf2.o ABSOLUTE
    ../clib/microlib/printf/printf.c         0x00000000   Number         0  printf3.o ABSOLUTE
    ../clib/microlib/printf/printf.c         0x00000000   Number         0  printf1.o ABSOLUTE
    ../clib/microlib/printf/printf.c         0x00000000   Number         0  printf4.o ABSOLUTE
    ../clib/microlib/printf/printf.c         0x00000000   Number         0  printf5.o ABSOLUTE
    ../clib/microlib/printf/printf.c         0x00000000   Number         0  printf6.o ABSOLUTE
    ../clib/microlib/printf/printf.c         0x00000000   Number         0  printf7.o ABSOLUTE
    ../clib/microlib/printf/printf.c         0x00000000   Number         0  printf0.o ABSOLUTE
    ../clib/microlib/printf/printf.c         0x00000000   Number         0  printf8.o ABSOLUTE
    ../clib/microlib/printf/printf.c         0x00000000   Number         0  printfb.o ABSOLUTE
    ../clib/microlib/printf/stubs.s          0x00000000   Number         0  stubs.o ABSOLUTE
    ../clib/microlib/stdio/fputc.c           0x00000000   Number         0  fputc.o ABSOLUTE
    ../clib/microlib/stdio/semi.s            0x00000000   Number         0  semi.o ABSOLUTE
    ../clib/microlib/stdio/streams.c         0x00000000   Number         0  stdout.o ABSOLUTE
    ../clib/microlib/stubs.s                 0x00000000   Number         0  iusefp.o ABSOLUTE
    ../clib/microlib/stubs.s                 0x00000000   Number         0  iusesemip.o ABSOLUTE
    ../fplib/microlib/fpadd.c                0x00000000   Number         0  dadd.o ABSOLUTE
    ../fplib/microlib/fpdiv.c                0x00000000   Number         0  ddiv.o ABSOLUTE
    ../fplib/microlib/fpepilogue.c           0x00000000   Number         0  depilogue.o ABSOLUTE
    ../fplib/microlib/fpfix.c                0x00000000   Number         0  dfixul.o ABSOLUTE
    ../fplib/microlib/fpmul.c                0x00000000   Number         0  dmul.o ABSOLUTE
    ..\..\..\..\..\uC-CPU\ARM-Cortex-M4\RealView\cpu_a.asm 0x00000000   Number         0  cpu_a.o ABSOLUTE
    ..\..\..\..\..\uC-CPU\ARM-Cortex-M4\RealView\cpu_c.c 0x00000000   Number         0  cpu_c.o ABSOLUTE
    ..\..\..\..\..\uC-CPU\cpu_core.c         0x00000000   Number         0  cpu_core.o ABSOLUTE
    ..\..\..\..\..\uC-LIB\Ports\ARM-Cortex-M4\RealView\lib_mem_a.asm 0x00000000   Number         0  lib_mem_a.o ABSOLUTE
    ..\..\..\..\..\uC-LIB\lib_ascii.c        0x00000000   Number         0  lib_ascii.o ABSOLUTE
    ..\..\..\..\..\uC-LIB\lib_math.c         0x00000000   Number         0  lib_math.o ABSOLUTE
    ..\..\..\..\..\uC-LIB\lib_mem.c          0x00000000   Number         0  lib_mem.o ABSOLUTE
    ..\..\..\..\..\uC-LIB\lib_str.c          0x00000000   Number         0  lib_str.o ABSOLUTE
    ..\..\..\..\..\uCOS-II\Ports\ARM-Cortex-M4\Generic\RealView\os_cpu_a.asm 0x00000000   Number         0  os_cpu_a.o ABSOLUTE
    ..\..\..\..\..\uCOS-II\Ports\ARM-Cortex-M4\Generic\RealView\os_cpu_c.c 0x00000000   Number         0  os_cpu_c.o ABSOLUTE
    ..\..\..\..\..\uCOS-II\Ports\ARM-Cortex-M4\Generic\RealView\os_dbg.c 0x00000000   Number         0  os_dbg.o ABSOLUTE
    ..\..\..\..\..\uCOS-II\Source\os_core.c  0x00000000   Number         0  os_core.o ABSOLUTE
    ..\..\..\..\..\uCOS-II\Source\os_flag.c  0x00000000   Number         0  os_flag.o ABSOLUTE
    ..\..\..\..\..\uCOS-II\Source\os_mbox.c  0x00000000   Number         0  os_mbox.o ABSOLUTE
    ..\..\..\..\..\uCOS-II\Source\os_mem.c   0x00000000   Number         0  os_mem.o ABSOLUTE
    ..\..\..\..\..\uCOS-II\Source\os_mutex.c 0x00000000   Number         0  os_mutex.o ABSOLUTE
    ..\..\..\..\..\uCOS-II\Source\os_q.c     0x00000000   Number         0  os_q.o ABSOLUTE
    ..\..\..\..\..\uCOS-II\Source\os_sem.c   0x00000000   Number         0  os_sem.o ABSOLUTE
    ..\..\..\..\..\uCOS-II\Source\os_task.c  0x00000000   Number         0  os_task.o ABSOLUTE
    ..\..\..\..\..\uCOS-II\Source\os_time.c  0x00000000   Number         0  os_time.o ABSOLUTE
    ..\..\..\..\..\uCOS-II\Source\os_tmr.c   0x00000000   Number         0  os_tmr.o ABSOLUTE
    ..\..\BSP\KeilMDK\cstartup.s             0x00000000   Number         0  cstartup.o ABSOLUTE
    ..\..\BSP\bsp.c                          0x00000000   Number         0  bsp.o ABSOLUTE
    ..\..\BSP\bsp_int.c                      0x00000000   Number         0  bsp_int.o ABSOLUTE
    ..\..\BSP\bsp_led.c                      0x00000000   Number         0  bsp_led.o ABSOLUTE
    ..\..\BSP\bsp_sys.c                      0x00000000   Number         0  bsp_sys.o ABSOLUTE
    ..\..\BSP\cpu_bsp.c                      0x00000000   Number         0  cpu_bsp.o ABSOLUTE
    ..\..\BSP\driverlib\adc.c                0x00000000   Number         0  adc.o ABSOLUTE
    ..\..\BSP\driverlib\can.c                0x00000000   Number         0  can.o ABSOLUTE
    ..\..\BSP\driverlib\comp.c               0x00000000   Number         0  comp.o ABSOLUTE
    ..\..\BSP\driverlib\cpu.c                0x00000000   Number         0  cpu.o ABSOLUTE
    ..\..\BSP\driverlib\eeprom.c             0x00000000   Number         0  eeprom.o ABSOLUTE
    ..\..\BSP\driverlib\flash.c              0x00000000   Number         0  flash.o ABSOLUTE
    ..\..\BSP\driverlib\fpu.c                0x00000000   Number         0  fpu.o ABSOLUTE
    ..\..\BSP\driverlib\gpio.c               0x00000000   Number         0  gpio.o ABSOLUTE
    ..\..\BSP\driverlib\hibernate.c          0x00000000   Number         0  hibernate.o ABSOLUTE
    ..\..\BSP\driverlib\i2c.c                0x00000000   Number         0  i2c.o ABSOLUTE
    ..\..\BSP\driverlib\interrupt.c          0x00000000   Number         0  interrupt.o ABSOLUTE
    ..\..\BSP\driverlib\mpu.c                0x00000000   Number         0  mpu.o ABSOLUTE
    ..\..\BSP\driverlib\pwm.c                0x00000000   Number         0  pwm.o ABSOLUTE
    ..\..\BSP\driverlib\qei.c                0x00000000   Number         0  qei.o ABSOLUTE
    ..\..\BSP\driverlib\ssi.c                0x00000000   Number         0  ssi.o ABSOLUTE
    ..\..\BSP\driverlib\sw_crc.c             0x00000000   Number         0  sw_crc.o ABSOLUTE
    ..\..\BSP\driverlib\sysctl.c             0x00000000   Number         0  sysctl.o ABSOLUTE
    ..\..\BSP\driverlib\sysexc.c             0x00000000   Number         0  sysexc.o ABSOLUTE
    ..\..\BSP\driverlib\systick.c            0x00000000   Number         0  systick.o ABSOLUTE
    ..\..\BSP\driverlib\timer.c              0x00000000   Number         0  timer.o ABSOLUTE
    ..\..\BSP\driverlib\uart.c               0x00000000   Number         0  uart.o ABSOLUTE
    ..\..\BSP\driverlib\udma.c               0x00000000   Number         0  udma.o ABSOLUTE
    ..\..\BSP\driverlib\usb.c                0x00000000   Number         0  usb.o ABSOLUTE
    ..\..\BSP\driverlib\watchdog.c           0x00000000   Number         0  watchdog.o ABSOLUTE
    ..\..\BSP\utils\uartstdio.c              0x00000000   Number         0  uartstdio.o ABSOLUTE
    ..\\..\\BSP\\driverlib\\cpu.c            0x00000000   Number         0  cpu.o ABSOLUTE
    ..\\..\\BSP\\driverlib\\sysctl.c         0x00000000   Number         0  sysctl.o ABSOLUTE
    ..\\app.c                                0x00000000   Number         0  app.o ABSOLUTE
    ..\app.c                                 0x00000000   Number         0  app.o ABSOLUTE
    ..\app_hooks.c                           0x00000000   Number         0  app_hooks.o ABSOLUTE
    cdrcmple.s                               0x00000000   Number         0  cdrcmple.o ABSOLUTE
    dc.s                                     0x00000000   Number         0  dc.o ABSOLUTE
    handlers.s                               0x00000000   Number         0  handlers.o ABSOLUTE
    init.s                                   0x00000000   Number         0  init.o ABSOLUTE
    .ARM.Collect$$$$00000000                 0x00000200   Section        0  entry.o(.ARM.Collect$$$$00000000)
    .ARM.Collect$$$$00000001                 0x00000200   Section        4  entry2.o(.ARM.Collect$$$$00000001)
    .ARM.Collect$$$$00000004                 0x00000204   Section        4  entry5.o(.ARM.Collect$$$$00000004)
    .ARM.Collect$$$$00000008                 0x00000208   Section        0  entry7b.o(.ARM.Collect$$$$00000008)
    .ARM.Collect$$$$0000000A                 0x00000208   Section        0  entry8b.o(.ARM.Collect$$$$0000000A)
    .ARM.Collect$$$$0000000B                 0x00000208   Section        8  entry9a.o(.ARM.Collect$$$$0000000B)
    .ARM.Collect$$$$0000000D                 0x00000210   Section        0  entry10a.o(.ARM.Collect$$$$0000000D)
    .ARM.Collect$$$$0000000F                 0x00000210   Section        0  entry11a.o(.ARM.Collect$$$$0000000F)
    .ARM.Collect$$$$00002712                 0x00000210   Section        4  entry2.o(.ARM.Collect$$$$00002712)
    __lit__00000000                          0x00000210   Data           4  entry2.o(.ARM.Collect$$$$00002712)
    .emb_text                                0x00000214   Section       38  cpu.o(.emb_text)
    $v0                                      0x00000214   Number         0  cpu.o(.emb_text)
    .emb_text                                0x0000023c   Section        6  sysctl.o(.emb_text)
    $v0                                      0x0000023c   Number         0  sysctl.o(.emb_text)
    .text                                    0x00000244   Section        0  app.o(.text)
    ReceiveMessage                           0x00000245   Thumb Code   156  app.o(.text)
    AppTaskStart                             0x000002e1   Thumb Code   144  app.o(.text)
    setupCan                                 0x0000041b   Thumb Code   128  app.o(.text)
    .text                                    0x00000594   Section        0  app_hooks.o(.text)
    .text                                    0x000005a4   Section        0  bsp.o(.text)
    .text                                    0x0000064c   Section        0  bsp_int.o(.text)
    BSP_IntHandlerDummy                      0x0000068d   Thumb Code     2  bsp_int.o(.text)
    .text                                    0x00000894   Section        0  bsp_led.o(.text)
    .text                                    0x0000095c   Section        0  bsp_sys.o(.text)
    .text                                    0x0000096c   Section        0  cpu_bsp.o(.text)
    .text                                    0x000009c4   Section       24  cstartup.o(.text)
    $v0                                      0x000009c4   Number         0  cstartup.o(.text)
    .text                                    0x000009dc   Section        0  cpu_core.o(.text)
    .text                                    0x00000b9c   Section       52  cpu_a.o(.text)
    $v0                                      0x00000b9c   Number         0  cpu_a.o(.text)
    .text                                    0x00000bd0   Section        0  cpu_c.o(.text)
    .text                                    0x00000f44   Section        0  lib_ascii.o(.text)
    .text                                    0x000010a0   Section        0  lib_mem.o(.text)
    Mem_SegAlloc                             0x00001227   Thumb Code    52  lib_mem.o(.text)
    Mem_SegCalcTotSize                       0x0000125b   Thumb Code   108  lib_mem.o(.text)
    Mem_PoolBlkIsValidAddr                   0x0000181f   Thumb Code    70  lib_mem.o(.text)
    .text                                    0x000019f4   Section        0  lib_str.o(.text)
    Str_FmtNbr_Int32                         0x00001c93   Thumb Code   338  lib_str.o(.text)
    Str_ParseNbr_Int32                       0x00001e25   Thumb Code   308  lib_str.o(.text)
    .text                                    0x00001f94   Section      544  lib_mem_a.o(.text)
    $v0                                      0x00001f94   Number         0  lib_mem_a.o(.text)
    .text                                    0x000021b4   Section        0  os_core.o(.text)
    OS_SchedNew                              0x000029b5   Thumb Code    60  os_core.o(.text)
    OS_InitEventList                         0x000029f1   Thumb Code    78  os_core.o(.text)
    OS_InitTCBList                           0x00002a3f   Thumb Code   100  os_core.o(.text)
    OS_InitMisc                              0x00002aa3   Thumb Code    28  os_core.o(.text)
    .text                                    0x00002ad0   Section        0  os_flag.o(.text)
    OS_FlagTaskRdy                           0x00002bcf   Thumb Code    68  os_flag.o(.text)
    OS_FlagBlock                             0x00002d45   Thumb Code    84  os_flag.o(.text)
    .text                                    0x0000305c   Section        0  os_mem.o(.text)
    .text                                    0x000031e8   Section        0  os_task.o(.text)
    .text                                    0x000038d8   Section        0  os_time.o(.text)
    .text                                    0x00003a34   Section      220  os_cpu_a.o(.text)
    $v0                                      0x00003a34   Number         0  os_cpu_a.o(.text)
    .text                                    0x00003b10   Section        0  os_cpu_c.o(.text)
    .text                                    0x00003d78   Section        0  os_dbg.o(.text)
    .text                                    0x00003d7c   Section        0  can.o(.text)
    _CANIntNumberGet                         0x00004253   Thumb Code    38  can.o(.text)
    .text                                    0x0000428c   Section        0  gpio.o(.text)
    _GPIOIntNumberGet                        0x00004799   Thumb Code    36  gpio.o(.text)
    .text                                    0x000047c4   Section        0  interrupt.o(.text)
    _IntDefaultHandler                       0x000047c5   Thumb Code     2  interrupt.o(.text)
    .text                                    0x00004a2c   Section        0  sysctl.o(.text)
    .text                                    0x00004f8c   Section        0  uart.o(.text)
    _UARTIntNumberGet                        0x00005219   Thumb Code    34  uart.o(.text)
    .text                                    0x00005240   Section        0  uartstdio.o(.text)
    .text                                    0x00005500   Section        0  uldiv.o(.text)
    .text                                    0x00005562   Section        0  uidiv.o(.text)
    .text                                    0x0000558e   Section        0  llshl.o(.text)
    .text                                    0x000055ac   Section        0  llushr.o(.text)
    .text                                    0x000055cc   Section       36  init.o(.text)
    .text                                    0x000055f0   Section        0  __dczerorl.o(.text)
    i.__0sprintf$1                           0x0000562c   Section        0  printf1.o(i.__0sprintf$1)
    i.__scatterload_copy                     0x00005654   Section       14  handlers.o(i.__scatterload_copy)
    i.__scatterload_null                     0x00005662   Section        2  handlers.o(i.__scatterload_null)
    i.__scatterload_zeroinit                 0x00005664   Section       14  handlers.o(i.__scatterload_zeroinit)
    i._printf_core                           0x00005674   Section        0  printf1.o(i._printf_core)
    _printf_core                             0x00005675   Thumb Code   334  printf1.o(i._printf_core)
    i._sputc                                 0x000057c8   Section        0  printf1.o(i._sputc)
    _sputc                                   0x000057c9   Thumb Code    10  printf1.o(i._sputc)
    .constdata                               0x000057d2   Section      256  cpu_core.o(.constdata)
    CPU_CntLeadZerosTbl                      0x000057d2   Data         256  cpu_core.o(.constdata)
    .constdata                               0x000058d4   Section      148  lib_str.o(.constdata)
    Str_MultOvfThTbl_Int32U                  0x000058d4   Data         148  lib_str.o(.constdata)
    .constdata                               0x00005968   Section      256  os_core.o(.constdata)
    .constdata                               0x00005a68   Section       32  can.o(.constdata)
    g_ui16CANBitValues                       0x00005a68   Data          32  can.o(.constdata)
    .constdata                               0x00005a88   Section      312  gpio.o(.constdata)
    g_ppui32GPIOIntMapBlizzard               0x00005a88   Data         192  gpio.o(.constdata)
    g_pui32GPIOBaseAddrs                     0x00005b48   Data         120  gpio.o(.constdata)
    .constdata                               0x00005bc0   Section      268  interrupt.o(.constdata)
    g_pui32Priority                          0x00005bc0   Data          32  interrupt.o(.constdata)
    g_pui32Regs                              0x00005be0   Data         156  interrupt.o(.constdata)
    g_pui32EnRegs                            0x00005c7c   Data          20  interrupt.o(.constdata)
    g_pui32Dii16Regs                         0x00005c90   Data          20  interrupt.o(.constdata)
    g_pui32PendRegs                          0x00005ca4   Data          20  interrupt.o(.constdata)
    g_pui32UnpendRegs                        0x00005cb8   Data          20  interrupt.o(.constdata)
    .constdata                               0x00005ccc   Section      108  sysctl.o(.constdata)
    g_pui32Xtals                             0x00005ccc   Data         108  sysctl.o(.constdata)
    .constdata                               0x00005d38   Section       64  uart.o(.constdata)
    g_ppui32UARTIntMap                       0x00005d38   Data          64  uart.o(.constdata)
    .constdata                               0x00005d78   Section       28  uartstdio.o(.constdata)
    g_pcHex                                  0x00005d78   Data           4  uartstdio.o(.constdata)
    g_ui32UARTBase                           0x00005d7c   Data          12  uartstdio.o(.constdata)
    g_ui32UARTPeriph                         0x00005d88   Data          12  uartstdio.o(.constdata)
    .conststring                             0x00005d94   Section       17  uartstdio.o(.conststring)
    .data                                    0x20000000   Section       12  app.o(.data)
    .data                                    0x2000000c   Section        4  cpu_core.o(.data)
    .data                                    0x20000010   Section        4  lib_mem.o(.data)
    .data                                    0x20000014   Section       60  os_core.o(.data)
    .data                                    0x20000050   Section        4  os_core.o(.data)
    .data                                    0x20000054   Section        4  os_core.o(.data)
    .data                                    0x20000058   Section        4  os_cpu_c.o(.data)
    .data                                    0x2000005c   Section        8  uartstdio.o(.data)
    bLastWasCR                               0x2000005c   Data           1  uartstdio.o(.data)
    g_ui32Base                               0x20000060   Data           4  uartstdio.o(.data)
    vtable                                   0x20000400   Section      620  interrupt.o(vtable)
    g_pfnRAMVectors                          0x20000400   Data         620  interrupt.o(vtable)
    .bss                                     0x2000066c   Section     2068  app.o(.bss)
    AppTaskStartStk                          0x2000066c   Data        1024  app.o(.bss)
    ReceiveMessageStk                        0x20000a6c   Data        1024  app.o(.bss)
    .bss                                     0x20000e80   Section      448  bsp_int.o(.bss)
    BSP_IntVectTbl                           0x20000e80   Data         448  bsp_int.o(.bss)
    .bss                                     0x20001040   Section       16  cpu_core.o(.bss)
    .bss                                     0x20001050   Section     1096  lib_mem.o(.bss)
    .bss                                     0x20001498   Section     3456  os_core.o(.bss)
    .bss                                     0x20002218   Section       80  os_core.o(.bss)
    .bss                                     0x20002268   Section      120  os_core.o(.bss)
    .bss                                     0x200022e0   Section      512  os_cpu_c.o(.bss)
    STACK                                    0x200024e0   Section      512  cstartup.o(STACK)

    Global Symbols

    Symbol Name                              Value     Ov Type        Size  Object(Section)

    BuildAttributes$$THM_ISAv4$E$P$D$K$B$S$7EM$VFPi3$EXTD16$VFPS$VFMA$PE$A:L22UL41UL21$X:L11$S22US41US21$IEEE1$IW$USESV6$~STKCKD$USESV7$~SHL$OSPACE$ROPI$EBA8$MICROLIB$REQ8$PRES8$EABIv2 0x00000000   Number         0  anon$$obj.o ABSOLUTE
    __ARM_use_no_argv                        0x00000000   Number         0  app.o ABSOLUTE
    __Vectors                                0x00000000   Data           4  cstartup.o(RESET)
    _printf_a                                0x00000000   Number         0  stubs.o ABSOLUTE
    _printf_c                                0x00000000   Number         0  stubs.o ABSOLUTE
    _printf_charcount                        0x00000000   Number         0  stubs.o ABSOLUTE
    _printf_d                                0x00000000   Number         0  stubs.o ABSOLUTE
    _printf_e                                0x00000000   Number         0  stubs.o ABSOLUTE
    _printf_f                                0x00000000   Number         0  stubs.o ABSOLUTE
    _printf_flags                            0x00000000   Number         0  stubs.o ABSOLUTE
    _printf_fp_dec                           0x00000000   Number         0  stubs.o ABSOLUTE
    _printf_fp_hex                           0x00000000   Number         0  stubs.o ABSOLUTE
    _printf_g                                0x00000000   Number         0  stubs.o ABSOLUTE
    _printf_i                                0x00000000   Number         0  stubs.o ABSOLUTE
    _printf_int_dec                          0x00000000   Number         0  stubs.o ABSOLUTE
    _printf_l                                0x00000000   Number         0  stubs.o ABSOLUTE
    _printf_lc                               0x00000000   Number         0  stubs.o ABSOLUTE
    _printf_ll                               0x00000000   Number         0  stubs.o ABSOLUTE
    _printf_lld                              0x00000000   Number         0  stubs.o ABSOLUTE
    _printf_lli                              0x00000000   Number         0  stubs.o ABSOLUTE
    _printf_llo                              0x00000000   Number         0  stubs.o ABSOLUTE
    _printf_llu                              0x00000000   Number         0  stubs.o ABSOLUTE
    _printf_llx                              0x00000000   Number         0  stubs.o ABSOLUTE
    _printf_longlong_dec                     0x00000000   Number         0  stubs.o ABSOLUTE
    _printf_longlong_hex                     0x00000000   Number         0  stubs.o ABSOLUTE
    _printf_longlong_oct                     0x00000000   Number         0  stubs.o ABSOLUTE
    _printf_ls                               0x00000000   Number         0  stubs.o ABSOLUTE
    _printf_mbtowc                           0x00000000   Number         0  stubs.o ABSOLUTE
    _printf_n                                0x00000000   Number         0  stubs.o ABSOLUTE
    _printf_o                                0x00000000   Number         0  stubs.o ABSOLUTE
    _printf_p                                0x00000000   Number         0  stubs.o ABSOLUTE
    _printf_percent                          0x00000000   Number         0  stubs.o ABSOLUTE
    _printf_pre_padding                      0x00000000   Number         0  stubs.o ABSOLUTE
    _printf_return_value                     0x00000000   Number         0  stubs.o ABSOLUTE
    _printf_s                                0x00000000   Number         0  stubs.o ABSOLUTE
    _printf_sizespec                         0x00000000   Number         0  stubs.o ABSOLUTE
    _printf_str                              0x00000000   Number         0  stubs.o ABSOLUTE
    _printf_truncate_signed                  0x00000000   Number         0  stubs.o ABSOLUTE
    _printf_truncate_unsigned                0x00000000   Number         0  stubs.o ABSOLUTE
    _printf_u                                0x00000000   Number         0  stubs.o ABSOLUTE
    _printf_wc                               0x00000000   Number         0  stubs.o ABSOLUTE
    _printf_wctomb                           0x00000000   Number         0  stubs.o ABSOLUTE
    _printf_widthprec                        0x00000000   Number         0  stubs.o ABSOLUTE
    _printf_x                                0x00000000   Number         0  stubs.o ABSOLUTE
    __cpp_initialize__aeabi_                  - Undefined Weak Reference
    __cxa_finalize                            - Undefined Weak Reference
    _clock_init                               - Undefined Weak Reference
    _microlib_exit                            - Undefined Weak Reference
    __Vectors_End                            0x00000200   Data           0  cstartup.o(RESET)
    __Vectors_Size                           0x00000200   Number         0  cstartup.o ABSOLUTE
    __main                                   0x00000201   Thumb Code     0  entry.o(.ARM.Collect$$$$00000000)
    _main_stk                                0x00000201   Thumb Code     0  entry2.o(.ARM.Collect$$$$00000001)
    _main_scatterload                        0x00000205   Thumb Code     0  entry5.o(.ARM.Collect$$$$00000004)
    __main_after_scatterload                 0x00000209   Thumb Code     0  entry5.o(.ARM.Collect$$$$00000004)
    _main_clock                              0x00000209   Thumb Code     0  entry7b.o(.ARM.Collect$$$$00000008)
    _main_cpp_init                           0x00000209   Thumb Code     0  entry8b.o(.ARM.Collect$$$$0000000A)
    _main_init                               0x00000209   Thumb Code     0  entry9a.o(.ARM.Collect$$$$0000000B)
    __rt_final_cpp                           0x00000211   Thumb Code     0  entry10a.o(.ARM.Collect$$$$0000000D)
    __rt_final_exit                          0x00000211   Thumb Code     0  entry11a.o(.ARM.Collect$$$$0000000F)
    CPUcpsid                                 0x00000215   Thumb Code     8  cpu.o(.emb_text)
    CPUprimask                               0x0000021d   Thumb Code     6  cpu.o(.emb_text)
    CPUcpsie                                 0x00000223   Thumb Code     8  cpu.o(.emb_text)
    CPUwfi                                   0x0000022b   Thumb Code     4  cpu.o(.emb_text)
    CPUbasepriSet                            0x0000022f   Thumb Code     6  cpu.o(.emb_text)
    CPUbasepriGet                            0x00000235   Thumb Code     6  cpu.o(.emb_text)
    SysCtlDelay                              0x0000023d   Thumb Code     6  sysctl.o(.emb_text)
    main                                     0x00000371   Thumb Code    90  app.o(.text)
    CANIntHandler                            0x000003cb   Thumb Code    80  app.o(.text)
    App_TaskCreateHook                       0x00000595   Thumb Code     2  app_hooks.o(.text)
    App_TaskDelHook                          0x00000597   Thumb Code     2  app_hooks.o(.text)
    App_TaskIdleHook                         0x00000599   Thumb Code     2  app_hooks.o(.text)
    App_TaskStatHook                         0x0000059b   Thumb Code     2  app_hooks.o(.text)
    App_TaskReturnHook                       0x0000059d   Thumb Code     2  app_hooks.o(.text)
    App_TaskSwHook                           0x0000059f   Thumb Code     2  app_hooks.o(.text)
    App_TCBInitHook                          0x000005a1   Thumb Code     2  app_hooks.o(.text)
    App_TimeTickHook                         0x000005a3   Thumb Code     2  app_hooks.o(.text)
    BSP_Init                                 0x000005a5   Thumb Code   106  bsp.o(.text)
    BSP_IntClr                               0x0000064d   Thumb Code     2  bsp_int.o(.text)
    BSP_IntDis                               0x0000064f   Thumb Code    14  bsp_int.o(.text)
    BSP_IntDisAll                            0x0000065d   Thumb Code     4  bsp_int.o(.text)
    BSP_IntEn                                0x00000661   Thumb Code    14  bsp_int.o(.text)
    BSP_IntVectSet                           0x0000066f   Thumb Code    30  bsp_int.o(.text)
    BSP_IntInit                              0x0000068f   Thumb Code    20  bsp_int.o(.text)
    BSP_IntHandler                           0x000006a3   Thumb Code    42  bsp_int.o(.text)
    BSP_IntHandlerGPIOA                      0x000006cd   Thumb Code     4  bsp_int.o(.text)
    BSP_IntHandlerGPIOB                      0x000006d1   Thumb Code     4  bsp_int.o(.text)
    BSP_IntHandlerGPIOC                      0x000006d5   Thumb Code     4  bsp_int.o(.text)
    BSP_IntHandlerGPIOD                      0x000006d9   Thumb Code     4  bsp_int.o(.text)
    BSP_IntHandlerGPIOE                      0x000006dd   Thumb Code     4  bsp_int.o(.text)
    BSP_IntHandlerUART0                      0x000006e1   Thumb Code     4  bsp_int.o(.text)
    BSP_IntHandlerUART1                      0x000006e5   Thumb Code     4  bsp_int.o(.text)
    BSP_IntHandlerSSI0                       0x000006e9   Thumb Code     4  bsp_int.o(.text)
    BSP_IntHandlerI2C0                       0x000006ed   Thumb Code     4  bsp_int.o(.text)
    BSP_IntHandlerPWM_FAULT                  0x000006f1   Thumb Code     4  bsp_int.o(.text)
    BSP_IntHandlerPWM_GEN0                   0x000006f5   Thumb Code     4  bsp_int.o(.text)
    BSP_IntHandlerPWM_GEN1                   0x000006f9   Thumb Code     4  bsp_int.o(.text)
    BSP_IntHandlerPWM_GEN2                   0x000006fd   Thumb Code     4  bsp_int.o(.text)
    BSP_IntHandlerQEI0                       0x00000701   Thumb Code     4  bsp_int.o(.text)
    BSP_IntHandlerADC0_0                     0x00000705   Thumb Code     4  bsp_int.o(.text)
    BSP_IntHandlerADC0_1                     0x00000709   Thumb Code     4  bsp_int.o(.text)
    BSP_IntHandlerADC0_2                     0x0000070d   Thumb Code     4  bsp_int.o(.text)
    BSP_IntHandlerADC0_3                     0x00000711   Thumb Code     4  bsp_int.o(.text)
    BSP_IntHandlerWDTO_WDT1                  0x00000715   Thumb Code     4  bsp_int.o(.text)
    BSP_IntHandlerTMR0A                      0x00000719   Thumb Code     4  bsp_int.o(.text)
    BSP_IntHandlerTMR0B                      0x0000071d   Thumb Code     4  bsp_int.o(.text)
    BSP_IntHandlerTMR1A                      0x00000721   Thumb Code     4  bsp_int.o(.text)
    BSP_IntHandlerTMR1B                      0x00000725   Thumb Code     4  bsp_int.o(.text)
    BSP_IntHandlerTMR2A                      0x00000729   Thumb Code     4  bsp_int.o(.text)
    BSP_IntHandlerTMR2B                      0x0000072d   Thumb Code     4  bsp_int.o(.text)
    BSP_IntHandlerACOMP0                     0x00000731   Thumb Code     4  bsp_int.o(.text)
    BSP_IntHandlerACOMP1                     0x00000735   Thumb Code     4  bsp_int.o(.text)
    BSP_IntHandlerACOMP2                     0x00000739   Thumb Code     4  bsp_int.o(.text)
    BSP_IntHandlerSYS_CTRL                   0x0000073d   Thumb Code     4  bsp_int.o(.text)
    BSP_IntHandlerFLASH                      0x00000741   Thumb Code     4  bsp_int.o(.text)
    BSP_IntHandlerGPIOF                      0x00000745   Thumb Code     4  bsp_int.o(.text)
    BSP_IntHandlerGPIOG                      0x00000749   Thumb Code     4  bsp_int.o(.text)
    BSP_IntHandlerGPIOH                      0x0000074d   Thumb Code     4  bsp_int.o(.text)
    BSP_IntHandlerUART2                      0x00000751   Thumb Code     4  bsp_int.o(.text)
    BSP_IntHandlerSSI1                       0x00000755   Thumb Code     4  bsp_int.o(.text)
    BSP_IntHandlerTMR3A                      0x00000759   Thumb Code     4  bsp_int.o(.text)
    BSP_IntHandlerTMR3B                      0x0000075d   Thumb Code     4  bsp_int.o(.text)
    BSP_IntHandlerI2C1                       0x00000761   Thumb Code     4  bsp_int.o(.text)
    BSP_IntHandlerCAN0                       0x00000765   Thumb Code     4  bsp_int.o(.text)
    BSP_IntHandlerCAN1                       0x00000769   Thumb Code     4  bsp_int.o(.text)
    BSP_IntHandlerETHER_MAC                  0x0000076d   Thumb Code     4  bsp_int.o(.text)
    BSP_IntHandlerHIB                        0x00000771   Thumb Code     4  bsp_int.o(.text)
    BSP_IntHandlerUSB_MAC                    0x00000775   Thumb Code     4  bsp_int.o(.text)
    BSP_IntHandlerPWM_GEN3                   0x00000779   Thumb Code     4  bsp_int.o(.text)
    BSP_IntHandlerUDMA0_SOFT                 0x0000077d   Thumb Code     4  bsp_int.o(.text)
    BSP_IntHandlerUDAM0_ERR                  0x00000781   Thumb Code     4  bsp_int.o(.text)
    BSP_IntHandlerADC1_0                     0x00000785   Thumb Code     4  bsp_int.o(.text)
    BSP_IntHandlerADC1_1                     0x00000789   Thumb Code     4  bsp_int.o(.text)
    BSP_IntHandlerADC1_2                     0x0000078d   Thumb Code     4  bsp_int.o(.text)
    BSP_IntHandlerADC1_3                     0x00000791   Thumb Code     4  bsp_int.o(.text)
    BSP_IntHandlerEPI0                       0x00000795   Thumb Code     4  bsp_int.o(.text)
    BSP_IntHandlerGPIOJ                      0x00000799   Thumb Code     4  bsp_int.o(.text)
    BSP_IntHandlerGPIOK                      0x0000079d   Thumb Code     4  bsp_int.o(.text)
    BSP_IntHandlerGPIOL                      0x000007a1   Thumb Code     4  bsp_int.o(.text)
    BSP_IntHandlerSSI2                       0x000007a5   Thumb Code     4  bsp_int.o(.text)
    BSP_IntHandlerSSI3                       0x000007a9   Thumb Code     4  bsp_int.o(.text)
    BSP_IntHandlerUART3                      0x000007ad   Thumb Code     4  bsp_int.o(.text)
    BSP_IntHandlerUART4                      0x000007b1   Thumb Code     4  bsp_int.o(.text)
    BSP_IntHandlerUART5                      0x000007b5   Thumb Code     4  bsp_int.o(.text)
    BSP_IntHandlerUART6                      0x000007b9   Thumb Code     4  bsp_int.o(.text)
    BSP_IntHandlerUART7                      0x000007bd   Thumb Code     4  bsp_int.o(.text)
    BSP_IntHandlerI2C2                       0x000007c1   Thumb Code     4  bsp_int.o(.text)
    BSP_IntHandlerI2C3                       0x000007c5   Thumb Code     4  bsp_int.o(.text)
    BSP_IntHandlerTMR4A                      0x000007c9   Thumb Code     4  bsp_int.o(.text)
    BSP_IntHandlerTMR4B                      0x000007cd   Thumb Code     4  bsp_int.o(.text)
    BSP_IntHandlerTMR5A                      0x000007d1   Thumb Code     4  bsp_int.o(.text)
    BSP_IntHandlerTMR5B                      0x000007d5   Thumb Code     4  bsp_int.o(.text)
    BSP_IntHandlerFP                         0x000007d9   Thumb Code     4  bsp_int.o(.text)
    BSP_IntHandlerRSVD68                     0x000007dd   Thumb Code     4  bsp_int.o(.text)
    BSP_IntHandlerRSVD69                     0x000007e1   Thumb Code     4  bsp_int.o(.text)
    BSP_IntHandlerI2C4                       0x000007e5   Thumb Code     4  bsp_int.o(.text)
    BSP_IntHandlerI2C5                       0x000007e9   Thumb Code     4  bsp_int.o(.text)
    BSP_IntHandlerGPIOM                      0x000007ed   Thumb Code     4  bsp_int.o(.text)
    BSP_IntHandlerGPION                      0x000007f1   Thumb Code     4  bsp_int.o(.text)
    BSP_IntHandlerRSVD74                     0x000007f5   Thumb Code     4  bsp_int.o(.text)
    BSP_IntHandlerTAMPER                     0x000007f9   Thumb Code     4  bsp_int.o(.text)
    BSP_IntHandlerGPIOP0                     0x000007fd   Thumb Code     4  bsp_int.o(.text)
    BSP_IntHandlerGPIOP1                     0x00000801   Thumb Code     4  bsp_int.o(.text)
    BSP_IntHandlerGPIOP2                     0x00000805   Thumb Code     4  bsp_int.o(.text)
    BSP_IntHandlerGPIOP3                     0x00000809   Thumb Code     4  bsp_int.o(.text)
    BSP_IntHandlerGPIOP4                     0x0000080d   Thumb Code     4  bsp_int.o(.text)
    BSP_IntHandlerGPIOP5                     0x00000811   Thumb Code     4  bsp_int.o(.text)
    BSP_IntHandlerGPIOP6                     0x00000815   Thumb Code     4  bsp_int.o(.text)
    BSP_IntHandlerGPIOP7                     0x00000819   Thumb Code     4  bsp_int.o(.text)
    BSP_IntHandlerGPIOQ0                     0x0000081d   Thumb Code     4  bsp_int.o(.text)
    BSP_IntHandlerGPIOQ1                     0x00000821   Thumb Code     4  bsp_int.o(.text)
    BSP_IntHandlerGPIOQ2                     0x00000825   Thumb Code     4  bsp_int.o(.text)
    BSP_IntHandlerGPIOQ3                     0x00000829   Thumb Code     4  bsp_int.o(.text)
    BSP_IntHandlerGPIOQ4                     0x0000082d   Thumb Code     4  bsp_int.o(.text)
    BSP_IntHandlerGPIOQ5                     0x00000831   Thumb Code     4  bsp_int.o(.text)
    BSP_IntHandlerGPIOQ6                     0x00000835   Thumb Code     4  bsp_int.o(.text)
    BSP_IntHandlerGPIOQ7                     0x00000839   Thumb Code     4  bsp_int.o(.text)
    BSP_IntHandlerGPIOR                      0x0000083d   Thumb Code     4  bsp_int.o(.text)
    BSP_IntHandlerGPIOS                      0x00000841   Thumb Code     4  bsp_int.o(.text)
    BSP_IntHandlerSHA_MD5                    0x00000845   Thumb Code     4  bsp_int.o(.text)
    BSP_IntHandlerAES                        0x00000849   Thumb Code     4  bsp_int.o(.text)
    BSP_IntHandlerDES                        0x0000084d   Thumb Code     4  bsp_int.o(.text)
    BSP_IntHandlerLCD                        0x00000851   Thumb Code     4  bsp_int.o(.text)
    BSP_IntHandlerTMR6A                      0x00000855   Thumb Code     4  bsp_int.o(.text)
    BSP_IntHandlerTMR6B                      0x00000859   Thumb Code     4  bsp_int.o(.text)
    BSP_IntHandlerTMR7A                      0x0000085d   Thumb Code     4  bsp_int.o(.text)
    BSP_IntHandlerTMR7B                      0x00000861   Thumb Code     4  bsp_int.o(.text)
    BSP_IntHandlerI2C6                       0x00000865   Thumb Code     4  bsp_int.o(.text)
    BSP_IntHandlerI2C7                       0x00000869   Thumb Code     4  bsp_int.o(.text)
    BSP_IntHandlerRSVD104                    0x0000086d   Thumb Code     4  bsp_int.o(.text)
    BSP_IntHandler1WIRE                      0x00000871   Thumb Code     4  bsp_int.o(.text)
    BSP_IntHandlerRSVD106                    0x00000875   Thumb Code     4  bsp_int.o(.text)
    BSP_IntHandlerRSVD107                    0x00000879   Thumb Code     4  bsp_int.o(.text)
    BSP_IntHandlerRSVD108                    0x0000087d   Thumb Code     4  bsp_int.o(.text)
    BSP_IntHandlerI2C8                       0x00000881   Thumb Code     4  bsp_int.o(.text)
    BSP_IntHandlerI2C9                       0x00000885   Thumb Code     4  bsp_int.o(.text)
    BSP_IntHandlerGPIOT                      0x00000889   Thumb Code     4  bsp_int.o(.text)
    BSP_LED_Off                              0x00000895   Thumb Code    46  bsp_led.o(.text)
    BSP_LED_Init                             0x000008c3   Thumb Code    24  bsp_led.o(.text)
    BSP_LED_On                               0x000008db   Thumb Code    50  bsp_led.o(.text)
    BSP_LED_Toggle                           0x0000090d   Thumb Code    62  bsp_led.o(.text)
    BSP_SysInit                              0x0000095d   Thumb Code     6  bsp_sys.o(.text)
    BSP_SysClkFreqGet                        0x00000963   Thumb Code     4  bsp_sys.o(.text)
    CPU_TS_TmrInit                           0x0000096d   Thumb Code    38  cpu_bsp.o(.text)
    CPU_TS_TmrRd                             0x00000993   Thumb Code     6  cpu_bsp.o(.text)
    CPU_TS32_to_uSec                         0x00000999   Thumb Code    32  cpu_bsp.o(.text)
    Reset_Handler                            0x000009c5   Thumb Code     4  cstartup.o(.text)
    App_NMI_ISR                              0x000009c9   Thumb Code     2  cstartup.o(.text)
    App_Fault_ISR                            0x000009cb   Thumb Code     2  cstartup.o(.text)
    App_MemFault_ISR                         0x000009cd   Thumb Code     2  cstartup.o(.text)
    App_BusFault_ISR                         0x000009cf   Thumb Code     2  cstartup.o(.text)
    App_UsageFault_ISR                       0x000009d1   Thumb Code     2  cstartup.o(.text)
    App_Spurious_ISR                         0x000009d3   Thumb Code     2  cstartup.o(.text)
    App_Reserved_ISR                         0x000009d5   Thumb Code     2  cstartup.o(.text)
    CPU_NameClr                              0x000009dd   Thumb Code    26  cpu_core.o(.text)
    CPU_Init                                 0x000009f7   Thumb Code    18  cpu_core.o(.text)
    CPU_SW_Exception                         0x00000a09   Thumb Code     2  cpu_core.o(.text)
    CPU_NameGet                              0x00000a0b   Thumb Code    46  cpu_core.o(.text)
    CPU_NameSet                              0x00000a39   Thumb Code    62  cpu_core.o(.text)
    CPU_TS_Get32                             0x00000a77   Thumb Code     4  cpu_core.o(.text)
    CPU_TS_Update                            0x00000a7b   Thumb Code     2  cpu_core.o(.text)
    CPU_TS_TmrFreqGet                        0x00000a7d   Thumb Code    24  cpu_core.o(.text)
    CPU_TS_TmrFreqSet                        0x00000a95   Thumb Code     6  cpu_core.o(.text)
    CPU_CntLeadZeros08                       0x00000a9b   Thumb Code    10  cpu_core.o(.text)
    CPU_CntLeadZeros16                       0x00000aa5   Thumb Code    10  cpu_core.o(.text)
    CPU_CntLeadZeros32                       0x00000aaf   Thumb Code     4  cpu_core.o(.text)
    CPU_CntLeadZeros64                       0x00000ab3   Thumb Code   156  cpu_core.o(.text)
    CPU_CntTrailZeros08                      0x00000b4f   Thumb Code    10  cpu_core.o(.text)
    CPU_CntTrailZeros16                      0x00000b59   Thumb Code    10  cpu_core.o(.text)
    CPU_CntTrailZeros32                      0x00000b63   Thumb Code    10  cpu_core.o(.text)
    CPU_CntTrailZeros64                      0x00000b6d   Thumb Code    36  cpu_core.o(.text)
    CPU_IntDis                               0x00000b9d   Thumb Code     0  cpu_a.o(.text)
    CPU_IntEn                                0x00000ba1   Thumb Code     0  cpu_a.o(.text)
    CPU_SR_Save                              0x00000ba5   Thumb Code     0  cpu_a.o(.text)
    CPU_SR_Restore                           0x00000bad   Thumb Code     0  cpu_a.o(.text)
    CPU_WaitForInt                           0x00000bb3   Thumb Code     0  cpu_a.o(.text)
    CPU_WaitForExcept                        0x00000bb7   Thumb Code     0  cpu_a.o(.text)
    CPU_CntLeadZeros                         0x00000bbb   Thumb Code     0  cpu_a.o(.text)
    CPU_CntTrailZeros                        0x00000bc1   Thumb Code     0  cpu_a.o(.text)
    CPU_RevBits                              0x00000bcb   Thumb Code     0  cpu_a.o(.text)
    CPU_BitBandClr                           0x00000bd1   Thumb Code    44  cpu_c.o(.text)
    CPU_BitBandSet                           0x00000bfd   Thumb Code    44  cpu_c.o(.text)
    CPU_IntSrcDis                            0x00000c29   Thumb Code   144  cpu_c.o(.text)
    CPU_IntSrcEn                             0x00000cb9   Thumb Code   144  cpu_c.o(.text)
    CPU_IntSrcPendClr                        0x00000d49   Thumb Code    70  cpu_c.o(.text)
    CPU_IntSrcPrioSet                        0x00000d8f   Thumb Code   228  cpu_c.o(.text)
    CPU_IntSrcPrioGet                        0x00000e73   Thumb Code   196  cpu_c.o(.text)
    ASCII_IsAlpha                            0x00000f45   Thumb Code    22  lib_ascii.o(.text)
    ASCII_IsAlphaNum                         0x00000f5b   Thumb Code    28  lib_ascii.o(.text)
    ASCII_IsLower                            0x00000f77   Thumb Code    14  lib_ascii.o(.text)
    ASCII_IsUpper                            0x00000f85   Thumb Code    14  lib_ascii.o(.text)
    ASCII_IsDig                              0x00000f93   Thumb Code    14  lib_ascii.o(.text)
    ASCII_IsDigOct                           0x00000fa1   Thumb Code    14  lib_ascii.o(.text)
    ASCII_IsDigHex                           0x00000faf   Thumb Code    28  lib_ascii.o(.text)
    ASCII_IsBlank                            0x00000fcb   Thumb Code    16  lib_ascii.o(.text)
    ASCII_IsSpace                            0x00000fdb   Thumb Code    32  lib_ascii.o(.text)
    ASCII_IsPrint                            0x00000ffb   Thumb Code    14  lib_ascii.o(.text)
    ASCII_IsGraph                            0x00001009   Thumb Code    14  lib_ascii.o(.text)
    ASCII_IsPunct                            0x00001017   Thumb Code    58  lib_ascii.o(.text)
    ASCII_IsCtrl                             0x00001051   Thumb Code    22  lib_ascii.o(.text)
    ASCII_ToLower                            0x00001067   Thumb Code    14  lib_ascii.o(.text)
    ASCII_ToUpper                            0x00001075   Thumb Code    14  lib_ascii.o(.text)
    ASCII_Cmp                                0x00001083   Thumb Code    28  lib_ascii.o(.text)
    Mem_Init                                 0x000010a1   Thumb Code    54  lib_mem.o(.text)
    Mem_Set                                  0x000010d7   Thumb Code    70  lib_mem.o(.text)
    Mem_Clr                                  0x0000111d   Thumb Code     6  lib_mem.o(.text)
    Mem_Move                                 0x00001123   Thumb Code   132  lib_mem.o(.text)
    Mem_Cmp                                  0x000011a7   Thumb Code   128  lib_mem.o(.text)
    Mem_HeapAlloc                            0x000012c7   Thumb Code   164  lib_mem.o(.text)
    Mem_SegGetSizeRem                        0x0000136b   Thumb Code   114  lib_mem.o(.text)
    Mem_HeapGetSizeRem                       0x000013dd   Thumb Code     8  lib_mem.o(.text)
    Mem_PoolClr                              0x000013e5   Thumb Code    68  lib_mem.o(.text)
    Mem_PoolCreate                           0x00001429   Thumb Code   722  lib_mem.o(.text)
    Mem_PoolBlkGetNbrAvail                   0x000016fb   Thumb Code    64  lib_mem.o(.text)
    Mem_PoolBlkGet                           0x0000173b   Thumb Code   126  lib_mem.o(.text)
    Mem_PoolBlkGetUsedAtIx                   0x000017b9   Thumb Code   102  lib_mem.o(.text)
    Mem_PoolBlkFree                          0x00001865   Thumb Code   208  lib_mem.o(.text)
    Mem_PoolBlkIxGet                         0x00001935   Thumb Code   186  lib_mem.o(.text)
    Str_Len_N                                0x000019f5   Thumb Code    22  lib_str.o(.text)
    Str_Len                                  0x00001a0b   Thumb Code     6  lib_str.o(.text)
    Str_Copy_N                               0x00001a11   Thumb Code    48  lib_str.o(.text)
    Str_Copy                                 0x00001a41   Thumb Code     6  lib_str.o(.text)
    Str_Cat_N                                0x00001a47   Thumb Code    58  lib_str.o(.text)
    Str_Cat                                  0x00001a81   Thumb Code     6  lib_str.o(.text)
    Str_Cmp_N                                0x00001a87   Thumb Code    86  lib_str.o(.text)
    Str_Cmp                                  0x00001add   Thumb Code     6  lib_str.o(.text)
    Str_CmpIgnoreCase_N                      0x00001ae3   Thumb Code   146  lib_str.o(.text)
    Str_CmpIgnoreCase                        0x00001b75   Thumb Code     6  lib_str.o(.text)
    Str_Char_N                               0x00001b7b   Thumb Code    46  lib_str.o(.text)
    Str_Char                                 0x00001ba9   Thumb Code     8  lib_str.o(.text)
    Str_Char_Last_N                          0x00001bb1   Thumb Code    44  lib_str.o(.text)
    Str_Char_Last                            0x00001bdd   Thumb Code     8  lib_str.o(.text)
    Str_Char_Replace_N                       0x00001be5   Thumb Code    42  lib_str.o(.text)
    Str_Char_Replace                         0x00001c0f   Thumb Code     6  lib_str.o(.text)
    Str_Str_N                                0x00001c15   Thumb Code   120  lib_str.o(.text)
    Str_Str                                  0x00001c8d   Thumb Code     6  lib_str.o(.text)
    Str_FmtNbr_Int32U                        0x00001de5   Thumb Code    24  lib_str.o(.text)
    Str_FmtNbr_Int32S                        0x00001dfd   Thumb Code    40  lib_str.o(.text)
    Str_ParseNbr_Int32U                      0x00001f59   Thumb Code    12  lib_str.o(.text)
    Str_ParseNbr_Int32S                      0x00001f65   Thumb Code    42  lib_str.o(.text)
    Mem_Copy                                 0x00001f95   Thumb Code     0  lib_mem_a.o(.text)
    OS_StrLen                                0x000021b5   Thumb Code    20  os_core.o(.text)
    OSEventNameGet                           0x000021c9   Thumb Code    74  os_core.o(.text)
    OSEventNameSet                           0x00002213   Thumb Code    58  os_core.o(.text)
    OS_EventTaskRemoveMulti                  0x0000224d   Thumb Code    38  os_core.o(.text)
    OS_Sched                                 0x00002273   Thumb Code    64  os_core.o(.text)
    OS_EventTaskWaitMulti                    0x000022b3   Thumb Code    84  os_core.o(.text)
    OSEventPendMulti                         0x00002307   Thumb Code   410  os_core.o(.text)
    OS_TaskStatStkChk                        0x000024a1   Thumb Code    50  os_core.o(.text)
    OS_TaskStat                              0x000024d3   Thumb Code    98  os_core.o(.text)
    OS_TaskIdle                              0x00002535   Thumb Code    22  os_core.o(.text)
    OS_MemClr                                0x0000254b   Thumb Code    18  os_core.o(.text)
    OSInit                                   0x0000255d   Thumb Code   192  os_core.o(.text)
    OSIntEnter                               0x0000261d   Thumb Code    20  os_core.o(.text)
    OSIntExit                                0x00002631   Thumb Code    82  os_core.o(.text)
    OSSchedLock                              0x00002683   Thumb Code    38  os_core.o(.text)
    OSSchedUnlock                            0x000026a9   Thumb Code    52  os_core.o(.text)
    OSStart                                  0x000026dd   Thumb Code    38  os_core.o(.text)
    OSStatInit                               0x00002703   Thumb Code    48  os_core.o(.text)
    OSTimeTick                               0x00002733   Thumb Code   154  os_core.o(.text)
    OSVersion                                0x000027cd   Thumb Code     6  os_core.o(.text)
    OS_Dummy                                 0x000027d3   Thumb Code     2  os_core.o(.text)
    OS_EventTaskRemove                       0x000027d5   Thumb Code    36  os_core.o(.text)
    OS_EventTaskRdy                          0x000027f9   Thumb Code   110  os_core.o(.text)
    OS_EventTaskWait                         0x00002867   Thumb Code    66  os_core.o(.text)
    OS_EventWaitListInit                     0x000028a9   Thumb Code    20  os_core.o(.text)
    OS_MemCopy                               0x000028bd   Thumb Code    20  os_core.o(.text)
    OS_TCBInit                               0x000028d1   Thumb Code   228  os_core.o(.text)
    OSFlagAccept                             0x00002ad1   Thumb Code   154  os_flag.o(.text)
    OSFlagCreate                             0x00002b6b   Thumb Code    68  os_flag.o(.text)
    OS_FlagUnlink                            0x00002baf   Thumb Code    32  os_flag.o(.text)
    OSFlagDel                                0x00002c13   Thumb Code   184  os_flag.o(.text)
    OSFlagNameGet                            0x00002ccb   Thumb Code    72  os_flag.o(.text)
    OSFlagNameSet                            0x00002d13   Thumb Code    50  os_flag.o(.text)
    OSFlagPend                               0x00002d99   Thumb Code   366  os_flag.o(.text)
    OSFlagPendGetFlagsRdy                    0x00002f07   Thumb Code    20  os_flag.o(.text)
    OSFlagPost                               0x00002f1b   Thumb Code   210  os_flag.o(.text)
    OSFlagQuery                              0x00002fed   Thumb Code    38  os_flag.o(.text)
    OS_FlagInit                              0x00003013   Thumb Code    64  os_flag.o(.text)
    OSMemCreate                              0x0000305d   Thumb Code    86  os_mem.o(.text)
    OSMemGet                                 0x000030b3   Thumb Code    48  os_mem.o(.text)
    OSMemNameGet                             0x000030e3   Thumb Code    54  os_mem.o(.text)
    OSMemNameSet                             0x00003119   Thumb Code    36  os_mem.o(.text)
    OSMemPut                                 0x0000313d   Thumb Code    46  os_mem.o(.text)
    OSMemQuery                               0x0000316b   Thumb Code    46  os_mem.o(.text)
    OS_MemInit                               0x00003199   Thumb Code    62  os_mem.o(.text)
    OSTaskChangePrio                         0x000031e9   Thumb Code   318  os_task.o(.text)
    OSTaskCreate                             0x00003327   Thumb Code   124  os_task.o(.text)
    OS_TaskStkClr                            0x000033a3   Thumb Code    22  os_task.o(.text)
    OSTaskCreateExt                          0x000033b9   Thumb Code   144  os_task.o(.text)
    OSTaskDel                                0x00003449   Thumb Code   274  os_task.o(.text)
    OSTaskDelReq                             0x0000355b   Thumb Code    82  os_task.o(.text)
    OSTaskNameGet                            0x000035ad   Thumb Code   138  os_task.o(.text)
    OSTaskNameSet                            0x00003637   Thumb Code    70  os_task.o(.text)
    OSTaskResume                             0x0000367d   Thumb Code   118  os_task.o(.text)
    OSTaskStkChk                             0x000036f3   Thumb Code    94  os_task.o(.text)
    OSTaskSuspend                            0x00003751   Thumb Code   130  os_task.o(.text)
    OSTaskQuery                              0x000037d3   Thumb Code    74  os_task.o(.text)
    OSTaskRegGet                             0x0000381d   Thumb Code    50  os_task.o(.text)
    OSTaskRegGetID                           0x0000384f   Thumb Code    40  os_task.o(.text)
    OSTaskRegSet                             0x00003877   Thumb Code    52  os_task.o(.text)
    OS_TaskReturn                            0x000038ab   Thumb Code    18  os_task.o(.text)
    OSTimeDly                                0x000038d9   Thumb Code    82  os_time.o(.text)
    OSTimeDlyHMSM                            0x0000392b   Thumb Code    68  os_time.o(.text)
    OSTimeDlyResume                          0x0000396f   Thumb Code   132  os_time.o(.text)
    OSTimeGet                                0x000039f3   Thumb Code    18  os_time.o(.text)
    OSTimeSet                                0x00003a05   Thumb Code    20  os_time.o(.text)
    OS_CPU_FP_Reg_Push                       0x00003a35   Thumb Code     0  os_cpu_a.o(.text)
    OS_CPU_FP_Reg_Pop                        0x00003a4f   Thumb Code     0  os_cpu_a.o(.text)
    OS_CPU_SR_Save                           0x00003a61   Thumb Code     0  os_cpu_a.o(.text)
    OS_CPU_SR_Restore                        0x00003a69   Thumb Code     0  os_cpu_a.o(.text)
    OSStartHighRdy                           0x00003a6f   Thumb Code     0  os_cpu_a.o(.text)
    OSCtxSw                                  0x00003a97   Thumb Code     0  os_cpu_a.o(.text)
    OSIntCtxSw                               0x00003aa1   Thumb Code     0  os_cpu_a.o(.text)
    OS_CPU_PendSVHandler                     0x00003aab   Thumb Code     0  os_cpu_a.o(.text)
    OSInitHookBegin                          0x00003b11   Thumb Code    24  os_cpu_c.o(.text)
    OSInitHookEnd                            0x00003b29   Thumb Code     2  os_cpu_c.o(.text)
    OSTaskCreateHook                         0x00003b2b   Thumb Code     4  os_cpu_c.o(.text)
    OSTaskDelHook                            0x00003b2f   Thumb Code     4  os_cpu_c.o(.text)
    OSTaskIdleHook                           0x00003b33   Thumb Code     4  os_cpu_c.o(.text)
    OSTaskReturnHook                         0x00003b37   Thumb Code     4  os_cpu_c.o(.text)
    OSTaskStatHook                           0x00003b3b   Thumb Code     4  os_cpu_c.o(.text)
    OSTaskStkInit                            0x00003b3f   Thumb Code   320  os_cpu_c.o(.text)
    OSTaskSwHook                             0x00003c7f   Thumb Code    42  os_cpu_c.o(.text)
    OSTCBInitHook                            0x00003ca9   Thumb Code     4  os_cpu_c.o(.text)
    OSTimeTickHook                           0x00003cad   Thumb Code     4  os_cpu_c.o(.text)
    OS_CPU_SysTickHandler                    0x00003cb1   Thumb Code    30  os_cpu_c.o(.text)
    OS_CPU_SysTickInit                       0x00003ccf   Thumb Code    36  os_cpu_c.o(.text)
    OSDebugInit                              0x00003d79   Thumb Code     2  os_dbg.o(.text)
    CANInit                                  0x00003d7d   Thumb Code    60  can.o(.text)
    CANEnable                                0x00003db9   Thumb Code    10  can.o(.text)
    CANDisable                               0x00003dc3   Thumb Code    10  can.o(.text)
    CANBitTimingGet                          0x00003dcd   Thumb Code    42  can.o(.text)
    CANBitRateSet                            0x00003df7   Thumb Code    98  can.o(.text)
    CANBitTimingSet                          0x00003e59   Thumb Code    84  can.o(.text)
    CANIntRegister                           0x00003ead   Thumb Code    26  can.o(.text)
    CANIntUnregister                         0x00003ec7   Thumb Code    22  can.o(.text)
    CANIntEnable                             0x00003edd   Thumb Code     8  can.o(.text)
    CANIntDisable                            0x00003ee5   Thumb Code     8  can.o(.text)
    CANIntStatus                             0x00003eed   Thumb Code    30  can.o(.text)
    CANIntClear                              0x00003f0b   Thumb Code    34  can.o(.text)
    CANRetrySet                              0x00003f2d   Thumb Code    18  can.o(.text)
    CANRetryGet                              0x00003f3f   Thumb Code    14  can.o(.text)
    CANStatusGet                             0x00003f4d   Thumb Code    64  can.o(.text)
    CANErrCntrGet                            0x00003f8d   Thumb Code    24  can.o(.text)
    CANMessageSet                            0x00003fa5   Thumb Code   340  can.o(.text)
    CANMessageGet                            0x000040f9   Thumb Code   322  can.o(.text)
    CANMessageClear                          0x0000423b   Thumb Code    24  can.o(.text)
    GPIODirModeSet                           0x0000428d   Thumb Code    38  gpio.o(.text)
    GPIODirModeGet                           0x000042b3   Thumb Code    38  gpio.o(.text)
    GPIOIntTypeSet                           0x000042d9   Thumb Code    78  gpio.o(.text)
    GPIOIntTypeGet                           0x00004327   Thumb Code    66  gpio.o(.text)
    GPIOPadConfigSet                         0x00004369   Thumb Code   164  gpio.o(.text)
    GPIOPadConfigGet                         0x0000440d   Thumb Code   110  gpio.o(.text)
    GPIOIntEnable                            0x0000447b   Thumb Code    14  gpio.o(.text)
    GPIOIntDisable                           0x00004489   Thumb Code    14  gpio.o(.text)
    GPIOIntStatus                            0x00004497   Thumb Code    14  gpio.o(.text)
    GPIOIntClear                             0x000044a5   Thumb Code     6  gpio.o(.text)
    GPIOIntRegister                          0x000044ab   Thumb Code    26  gpio.o(.text)
    GPIOIntUnregister                        0x000044c5   Thumb Code    22  gpio.o(.text)
    GPIOPinRead                              0x000044db   Thumb Code     6  gpio.o(.text)
    GPIOPinWrite                             0x000044e1   Thumb Code     6  gpio.o(.text)
    GPIOPinTypeADC                           0x000044e7   Thumb Code    26  gpio.o(.text)
    GPIOPinTypeCAN                           0x00004501   Thumb Code    26  gpio.o(.text)
    GPIOPinTypeComparator                    0x0000451b   Thumb Code    26  gpio.o(.text)
    GPIOPinTypeEPI                           0x00004535   Thumb Code    26  gpio.o(.text)
    GPIOPinTypeEthernetLED                   0x0000454f   Thumb Code    26  gpio.o(.text)
    GPIOPinTypeEthernetMII                   0x00004569   Thumb Code    26  gpio.o(.text)
    GPIOPinTypeFan                           0x00004583   Thumb Code    26  gpio.o(.text)
    GPIOPinTypeGPIOInput                     0x0000459d   Thumb Code    26  gpio.o(.text)
    GPIOPinTypeGPIOOutput                    0x000045b7   Thumb Code    26  gpio.o(.text)
    GPIOPinTypeGPIOOutputOD                  0x000045d1   Thumb Code    26  gpio.o(.text)
    GPIOPinTypeI2C                           0x000045eb   Thumb Code    26  gpio.o(.text)
    GPIOPinTypeI2CSCL                        0x00004605   Thumb Code    26  gpio.o(.text)
    GPIOPinTypeLPC                           0x0000461f   Thumb Code    26  gpio.o(.text)
    GPIOPinTypePECIRx                        0x00004639   Thumb Code    26  gpio.o(.text)
    GPIOPinTypePECITx                        0x00004653   Thumb Code    26  gpio.o(.text)
    GPIOPinTypePWM                           0x0000466d   Thumb Code    26  gpio.o(.text)
    GPIOPinTypeQEI                           0x00004687   Thumb Code    26  gpio.o(.text)
    GPIOPinTypeSSI                           0x000046a1   Thumb Code    26  gpio.o(.text)
    GPIOPinTypeTimer                         0x000046bb   Thumb Code    26  gpio.o(.text)
    GPIOPinTypeUART                          0x000046d5   Thumb Code    26  gpio.o(.text)
    GPIOPinTypeUSBAnalog                     0x000046ef   Thumb Code    26  gpio.o(.text)
    GPIOPinTypeUSBDigital                    0x00004709   Thumb Code    26  gpio.o(.text)
    GPIOPinConfigure                         0x00004723   Thumb Code    62  gpio.o(.text)
    GPIODMATriggerEnable                     0x00004761   Thumb Code    14  gpio.o(.text)
    GPIODMATriggerDisable                    0x0000476f   Thumb Code    14  gpio.o(.text)
    GPIOADCTriggerEnable                     0x0000477d   Thumb Code    14  gpio.o(.text)
    GPIOADCTriggerDisable                    0x0000478b   Thumb Code    14  gpio.o(.text)
    IntMasterEnable                          0x000047c7   Thumb Code    14  interrupt.o(.text)
    IntMasterDisable                         0x000047d5   Thumb Code    14  interrupt.o(.text)
    IntRegister                              0x000047e3   Thumb Code    38  interrupt.o(.text)
    IntUnregister                            0x00004809   Thumb Code    10  interrupt.o(.text)
    IntPriorityGroupingSet                   0x00004813   Thumb Code    18  interrupt.o(.text)
    IntPriorityGroupingGet                   0x00004825   Thumb Code    30  interrupt.o(.text)
    IntPrioritySet                           0x00004843   Thumb Code    32  interrupt.o(.text)
    IntPriorityGet                           0x00004863   Thumb Code    22  interrupt.o(.text)
    IntEnable                                0x00004879   Thumb Code    88  interrupt.o(.text)
    IntDisable                               0x000048d1   Thumb Code    88  interrupt.o(.text)
    IntIsEnabled                             0x00004929   Thumb Code    90  interrupt.o(.text)
    IntPendSet                               0x00004983   Thumb Code    70  interrupt.o(.text)
    IntPendClear                             0x000049c9   Thumb Code    58  interrupt.o(.text)
    IntPriorityMaskSet                       0x00004a03   Thumb Code     4  interrupt.o(.text)
    IntPriorityMaskGet                       0x00004a07   Thumb Code     4  interrupt.o(.text)
    IntTrigger                               0x00004a0b   Thumb Code     8  interrupt.o(.text)
    SysCtlSRAMSizeGet                        0x00004a2d   Thumb Code    10  sysctl.o(.text)
    SysCtlFlashSizeGet                       0x00004a37   Thumb Code    16  sysctl.o(.text)
    SysCtlPeripheralPresent                  0x00004a47   Thumb Code    40  sysctl.o(.text)
    SysCtlPeripheralReady                    0x00004a6f   Thumb Code    40  sysctl.o(.text)
    SysCtlPeripheralPowerOn                  0x00004a97   Thumb Code    36  sysctl.o(.text)
    SysCtlPeripheralPowerOff                 0x00004abb   Thumb Code    36  sysctl.o(.text)
    SysCtlPeripheralReset                    0x00004adf   Thumb Code    54  sysctl.o(.text)
    SysCtlPeripheralEnable                   0x00004b15   Thumb Code    36  sysctl.o(.text)
    SysCtlPeripheralDisable                  0x00004b39   Thumb Code    36  sysctl.o(.text)
    SysCtlPeripheralSleepEnable              0x00004b5d   Thumb Code    36  sysctl.o(.text)
    SysCtlPeripheralSleepDisable             0x00004b81   Thumb Code    36  sysctl.o(.text)
    SysCtlPeripheralDeepSleepEnable          0x00004ba5   Thumb Code    36  sysctl.o(.text)
    SysCtlPeripheralDeepSleepDisable         0x00004bc9   Thumb Code    36  sysctl.o(.text)
    SysCtlPeripheralClockGating              0x00004bed   Thumb Code    24  sysctl.o(.text)
    SysCtlIntRegister                        0x00004c05   Thumb Code    20  sysctl.o(.text)
    SysCtlIntUnregister                      0x00004c19   Thumb Code    18  sysctl.o(.text)
    SysCtlIntEnable                          0x00004c2b   Thumb Code    12  sysctl.o(.text)
    SysCtlIntDisable                         0x00004c37   Thumb Code    12  sysctl.o(.text)
    SysCtlIntClear                           0x00004c43   Thumb Code     8  sysctl.o(.text)
    SysCtlIntStatus                          0x00004c4b   Thumb Code    14  sysctl.o(.text)
    SysCtlReset                              0x00004c59   Thumb Code     8  sysctl.o(.text)
    SysCtlSleep                              0x00004c61   Thumb Code     4  sysctl.o(.text)
    SysCtlDeepSleep                          0x00004c65   Thumb Code    28  sysctl.o(.text)
    SysCtlResetCauseGet                      0x00004c81   Thumb Code     8  sysctl.o(.text)
    SysCtlResetCauseClear                    0x00004c89   Thumb Code    12  sysctl.o(.text)
    SysCtlMOSCConfigSet                      0x00004c95   Thumb Code     8  sysctl.o(.text)
    SysCtlPIOSCCalibrate                     0x00004c9d   Thumb Code    64  sysctl.o(.text)
    SysCtlClockSet                           0x00004cdd   Thumb Code   250  sysctl.o(.text)
    SysCtlClockGet                           0x00004dd7   Thumb Code   284  sysctl.o(.text)
    SysCtlDeepSleepClockSet                  0x00004ef3   Thumb Code     6  sysctl.o(.text)
    SysCtlPWMClockSet                        0x00004ef9   Thumb Code    14  sysctl.o(.text)
    SysCtlPWMClockGet                        0x00004f07   Thumb Code    20  sysctl.o(.text)
    SysCtlADCSpeedSet                        0x00004f1b   Thumb Code    26  sysctl.o(.text)
    SysCtlADCSpeedGet                        0x00004f35   Thumb Code    12  sysctl.o(.text)
    SysCtlGPIOAHBEnable                      0x00004f41   Thumb Code    18  sysctl.o(.text)
    SysCtlGPIOAHBDisable                     0x00004f53   Thumb Code    18  sysctl.o(.text)
    SysCtlUSBPLLEnable                       0x00004f65   Thumb Code    12  sysctl.o(.text)
    SysCtlUSBPLLDisable                      0x00004f71   Thumb Code    12  sysctl.o(.text)
    UARTParityModeSet                        0x00004f8d   Thumb Code    12  uart.o(.text)
    UARTParityModeGet                        0x00004f99   Thumb Code     8  uart.o(.text)
    UARTFIFOLevelSet                         0x00004fa1   Thumb Code     6  uart.o(.text)
    UARTFIFOLevelGet                         0x00004fa7   Thumb Code    16  uart.o(.text)
    UARTEnable                               0x00004fb7   Thumb Code    20  uart.o(.text)
    UARTDisable                              0x00004fcb   Thumb Code    26  uart.o(.text)
    UARTConfigSetExpClk                      0x00004fe5   Thumb Code    70  uart.o(.text)
    UARTConfigGetExpClk                      0x0000502b   Thumb Code    40  uart.o(.text)
    UARTFIFOEnable                           0x00005053   Thumb Code    10  uart.o(.text)
    UARTFIFODisable                          0x0000505d   Thumb Code    10  uart.o(.text)
    UARTEnableSIR                            0x00005067   Thumb Code    20  uart.o(.text)
    UARTDisableSIR                           0x0000507b   Thumb Code    10  uart.o(.text)
    UARTSmartCardEnable                      0x00005085   Thumb Code    22  uart.o(.text)
    UARTSmartCardDisable                     0x0000509b   Thumb Code    10  uart.o(.text)
    UARTModemControlSet                      0x000050a5   Thumb Code    12  uart.o(.text)
    UARTModemControlClear                    0x000050b1   Thumb Code    12  uart.o(.text)
    UARTModemControlGet                      0x000050bd   Thumb Code     8  uart.o(.text)
    UARTModemStatusGet                       0x000050c5   Thumb Code    10  uart.o(.text)
    UARTFlowControlSet                       0x000050cf   Thumb Code    12  uart.o(.text)
    UARTFlowControlGet                       0x000050db   Thumb Code     8  uart.o(.text)
    UARTTxIntModeSet                         0x000050e3   Thumb Code    12  uart.o(.text)
    UARTTxIntModeGet                         0x000050ef   Thumb Code     8  uart.o(.text)
    UARTCharsAvail                           0x000050f7   Thumb Code    10  uart.o(.text)
    UARTSpaceAvail                           0x00005101   Thumb Code    10  uart.o(.text)
    UARTCharGetNonBlocking                   0x0000510b   Thumb Code    16  uart.o(.text)
    UARTCharGet                              0x0000511b   Thumb Code    10  uart.o(.text)
    UARTCharPutNonBlocking                   0x00005125   Thumb Code    16  uart.o(.text)
    UARTCharPut                              0x00005135   Thumb Code    10  uart.o(.text)
    UARTBreakCtl                             0x0000513f   Thumb Code    20  uart.o(.text)
    UARTBusy                                 0x00005153   Thumb Code     8  uart.o(.text)
    UARTIntRegister                          0x0000515b   Thumb Code    26  uart.o(.text)
    UARTIntUnregister                        0x00005175   Thumb Code    22  uart.o(.text)
    UARTIntEnable                            0x0000518b   Thumb Code     8  uart.o(.text)
    UARTIntDisable                           0x00005193   Thumb Code     8  uart.o(.text)
    UARTIntStatus                            0x0000519b   Thumb Code    10  uart.o(.text)
    UARTIntClear                             0x000051a5   Thumb Code     4  uart.o(.text)
    UARTDMAEnable                            0x000051a9   Thumb Code     8  uart.o(.text)
    UARTDMADisable                           0x000051b1   Thumb Code     8  uart.o(.text)
    UARTRxErrorGet                           0x000051b9   Thumb Code     8  uart.o(.text)
    UARTRxErrorClear                         0x000051c1   Thumb Code     6  uart.o(.text)
    UARTClockSourceSet                       0x000051c7   Thumb Code     6  uart.o(.text)
    UARTClockSourceGet                       0x000051cd   Thumb Code     6  uart.o(.text)
    UART9BitEnable                           0x000051d3   Thumb Code    12  uart.o(.text)
    UART9BitDisable                          0x000051df   Thumb Code    12  uart.o(.text)
    UART9BitAddrSet                          0x000051eb   Thumb Code     8  uart.o(.text)
    UART9BitAddrSend                         0x000051f3   Thumb Code    38  uart.o(.text)
    UARTStdioConfig                          0x00005241   Thumb Code    70  uartstdio.o(.text)
    UARTwrite                                0x00005287   Thumb Code    46  uartstdio.o(.text)
    UARTgets                                 0x000052b5   Thumb Code   106  uartstdio.o(.text)
    UARTgetc                                 0x0000531f   Thumb Code    14  uartstdio.o(.text)
    UARTvprintf                              0x0000532d   Thumb Code   422  uartstdio.o(.text)
    UARTprintf                               0x000054d3   Thumb Code    18  uartstdio.o(.text)
    __aeabi_uldivmod                         0x00005501   Thumb Code    98  uldiv.o(.text)
    __aeabi_uidiv                            0x00005563   Thumb Code     0  uidiv.o(.text)
    __aeabi_uidivmod                         0x00005563   Thumb Code    44  uidiv.o(.text)
    __aeabi_llsl                             0x0000558f   Thumb Code    30  llshl.o(.text)
    _ll_shift_l                              0x0000558f   Thumb Code     0  llshl.o(.text)
    __aeabi_llsr                             0x000055ad   Thumb Code    32  llushr.o(.text)
    _ll_ushift_r                             0x000055ad   Thumb Code     0  llushr.o(.text)
    __scatterload                            0x000055cd   Thumb Code    28  init.o(.text)
    __scatterload_rt2                        0x000055cd   Thumb Code     0  init.o(.text)
    __decompress                             0x000055f1   Thumb Code     0  __dczerorl.o(.text)
    __decompress0                            0x000055f1   Thumb Code    58  __dczerorl.o(.text)
    __0sprintf$1                             0x0000562d   Thumb Code    34  printf1.o(i.__0sprintf$1)
    __1sprintf$1                             0x0000562d   Thumb Code     0  printf1.o(i.__0sprintf$1)
    __2sprintf                               0x0000562d   Thumb Code     0  printf1.o(i.__0sprintf$1)
    __scatterload_copy                       0x00005655   Thumb Code    14  handlers.o(i.__scatterload_copy)
    __scatterload_null                       0x00005663   Thumb Code     2  handlers.o(i.__scatterload_null)
    __scatterload_zeroinit                   0x00005665   Thumb Code    14  handlers.o(i.__scatterload_zeroinit)
    OSUnMapTbl                               0x00005968   Data         256  os_core.o(.constdata)
    Region$$Table$$Base                      0x00005da8   Number         0  anon$$obj.o(Region$$Table)
    Region$$Table$$Limit                     0x00005dc8   Number         0  anon$$obj.o(Region$$Table)
    can_recv_flag                            0x20000000   Data           4  app.o(.data)
    message1Data                             0x20000004   Data           8  app.o(.data)
    CPU_TS_TmrFreq_Hz                        0x2000000c   Data           4  cpu_core.o(.data)
    Mem_PoolTbl                              0x20000010   Data           4  lib_mem.o(.data)
    OSCPUUsage                               0x20000014   Data           1  os_core.o(.data)
    OSStatRdy                                0x20000015   Data           1  os_core.o(.data)
    OSIntNesting                             0x20000016   Data           1  os_core.o(.data)
    OSLockNesting                            0x20000017   Data           1  os_core.o(.data)
    OSPrioCur                                0x20000018   Data           1  os_core.o(.data)
    OSPrioHighRdy                            0x20000019   Data           1  os_core.o(.data)
    OSRdyGrp                                 0x2000001a   Data           1  os_core.o(.data)
    OSRunning                                0x2000001b   Data           1  os_core.o(.data)
    OSTaskCtr                                0x2000001c   Data           1  os_core.o(.data)
    OSTickStepState                          0x2000001d   Data           1  os_core.o(.data)
    OSTaskRegNextAvailID                     0x2000001e   Data           1  os_core.o(.data)
    OSCtxSwCtr                               0x20000020   Data           4  os_core.o(.data)
    OSEventFreeList                          0x20000024   Data           4  os_core.o(.data)
    OSIdleCtrMax                             0x20000028   Data           4  os_core.o(.data)
    OSIdleCtrRun                             0x2000002c   Data           4  os_core.o(.data)
    OSIdleCtr                                0x20000030   Data           4  os_core.o(.data)
    OSTCBCur                                 0x20000034   Data           4  os_core.o(.data)
    OSTCBFreeList                            0x20000038   Data           4  os_core.o(.data)
    OSTCBHighRdy                             0x2000003c   Data           4  os_core.o(.data)
    OSTCBList                                0x20000040   Data           4  os_core.o(.data)
    OSTime                                   0x20000044   Data           4  os_core.o(.data)
    OSRdyTbl                                 0x20000048   Data           8  os_core.o(.data)
    OSFlagFreeList                           0x20000050   Data           4  os_core.o(.data)
    OSMemFreeList                            0x20000054   Data           4  os_core.o(.data)
    OS_CPU_ExceptStkBase                     0x20000058   Data           4  os_cpu_c.o(.data)
    message1                                 0x20000e6c   Data          20  app.o(.bss)
    CPU_Name                                 0x20001040   Data          16  cpu_core.o(.bss)
    Mem_PoolHeap                             0x20001050   Data          72  lib_mem.o(.bss)
    Mem_Heap                                 0x20001098   Data        1024  lib_mem.o(.bss)
    OSEventTbl                               0x20001498   Data         240  os_core.o(.bss)
    OSTaskStatStk                            0x20001588   Data         512  os_core.o(.bss)
    OSTaskIdleStk                            0x20001788   Data         512  os_core.o(.bss)
    OSTCBPrioTbl                             0x20001988   Data         256  os_core.o(.bss)
    OSTCBTbl                                 0x20001a88   Data        1936  os_core.o(.bss)
    OSFlagTbl                                0x20002218   Data          80  os_core.o(.bss)
    OSMemTbl                                 0x20002268   Data         120  os_core.o(.bss)
    OS_CPU_ExceptStk                         0x200022e0   Data         512  os_cpu_c.o(.bss)
    __initial_sp                             0x200026e0   Data           0  cstartup.o(STACK)



==============================================================================

Memory Map of the image

  Image Entry point : 0x00000201

  Load Region LR_IROM1 (Base: 0x00000000, Size: 0x00006434, Max: 0x00040000, ABSOLUTE, COMPRESSED[0x00005dd8])

    Execution Region ER_IROM1 (Base: 0x00000000, Size: 0x00005dc8, Max: 0x00040000, ABSOLUTE)

    Base Addr    Size         Type   Attr      Idx    E Section Name        Object

    0x00000000   0x00000200   Data   RO          290    RESET               cstartup.o
    0x00000200   0x00000000   Code   RO         1060  * .ARM.Collect$$$$00000000  mc_w.l(entry.o)
    0x00000200   0x00000004   Code   RO         1326    .ARM.Collect$$$$00000001  mc_w.l(entry2.o)
    0x00000204   0x00000004   Code   RO         1329    .ARM.Collect$$$$00000004  mc_w.l(entry5.o)
    0x00000208   0x00000000   Code   RO         1331    .ARM.Collect$$$$00000008  mc_w.l(entry7b.o)
    0x00000208   0x00000000   Code   RO         1333    .ARM.Collect$$$$0000000A  mc_w.l(entry8b.o)
    0x00000208   0x00000008   Code   RO         1334    .ARM.Collect$$$$0000000B  mc_w.l(entry9a.o)
    0x00000210   0x00000000   Code   RO         1336    .ARM.Collect$$$$0000000D  mc_w.l(entry10a.o)
    0x00000210   0x00000000   Code   RO         1338    .ARM.Collect$$$$0000000F  mc_w.l(entry11a.o)
    0x00000210   0x00000004   Code   RO         1327    .ARM.Collect$$$$00002712  mc_w.l(entry2.o)
    0x00000214   0x00000026   Code   RO          664    .emb_text           cpu.o
    0x0000023a   0x00000002   PAD
    0x0000023c   0x00000006   Code   RO          892    .emb_text           sysctl.o
    0x00000242   0x00000002   PAD
    0x00000244   0x00000350   Code   RO            3    .text               app.o
    0x00000594   0x00000010   Code   RO          147    .text               app_hooks.o
    0x000005a4   0x000000a8   Code   RO          163    .text               bsp.o
    0x0000064c   0x00000248   Code   RO          209    .text               bsp_int.o
    0x00000894   0x000000c8   Code   RO          230    .text               bsp_led.o
    0x0000095c   0x00000010   Code   RO          251    .text               bsp_sys.o
    0x0000096c   0x00000058   Code   RO          266    .text               cpu_bsp.o
    0x000009c4   0x00000018   Code   RO          291    .text               cstartup.o
    0x000009dc   0x000001c0   Code   RO          295    .text               cpu_core.o
    0x00000b9c   0x00000034   Code   RO          317    .text               cpu_a.o
    0x00000bd0   0x00000374   Code   RO          320    .text               cpu_c.o
    0x00000f44   0x0000015a   Code   RO          336    .text               lib_ascii.o
    0x0000109e   0x00000002   PAD
    0x000010a0   0x00000954   Code   RO          383    .text               lib_mem.o
    0x000019f4   0x000005a0   Code   RO          402    .text               lib_str.o
    0x00001f94   0x00000220   Code   RO          420    .text               lib_mem_a.o
    0x000021b4   0x0000091c   Code   RO          423    .text               os_core.o
    0x00002ad0   0x0000058c   Code   RO          448    .text               os_flag.o
    0x0000305c   0x0000018c   Code   RO          473    .text               os_mem.o
    0x000031e8   0x000006f0   Code   RO          515    .text               os_task.o
    0x000038d8   0x0000015c   Code   RO          528    .text               os_time.o
    0x00003a34   0x000000dc   Code   RO          546    .text               os_cpu_a.o
    0x00003b10   0x00000268   Code   RO          549    .text               os_cpu_c.o
    0x00003d78   0x00000002   Code   RO          572    .text               os_dbg.o
    0x00003d7a   0x00000002   PAD
    0x00003d7c   0x00000510   Code   RO          629    .text               can.o
    0x0000428c   0x00000538   Code   RO          730    .text               gpio.o
    0x000047c4   0x00000268   Code   RO          789    .text               interrupt.o
    0x00004a2c   0x00000560   Code   RO          893    .text               sysctl.o
    0x00004f8c   0x000002b4   Code   RO          966    .text               uart.o
    0x00005240   0x000002c0   Code   RO         1038    .text               uartstdio.o
    0x00005500   0x00000062   Code   RO         1063    .text               mc_w.l(uldiv.o)
    0x00005562   0x0000002c   Code   RO         1343    .text               mc_w.l(uidiv.o)
    0x0000558e   0x0000001e   Code   RO         1345    .text               mc_w.l(llshl.o)
    0x000055ac   0x00000020   Code   RO         1347    .text               mc_w.l(llushr.o)
    0x000055cc   0x00000024   Code   RO         1360    .text               mc_w.l(init.o)
    0x000055f0   0x0000003a   Code   RO         1376    .text               mc_w.l(__dczerorl.o)
    0x0000562a   0x00000002   PAD
    0x0000562c   0x00000028   Code   RO         1112    i.__0sprintf$1      mc_w.l(printf1.o)
    0x00005654   0x0000000e   Code   RO         1370    i.__scatterload_copy  mc_w.l(handlers.o)
    0x00005662   0x00000002   Code   RO         1371    i.__scatterload_null  mc_w.l(handlers.o)
    0x00005664   0x0000000e   Code   RO         1372    i.__scatterload_zeroinit  mc_w.l(handlers.o)
    0x00005672   0x00000002   PAD
    0x00005674   0x00000154   Code   RO         1117    i._printf_core      mc_w.l(printf1.o)
    0x000057c8   0x0000000a   Code   RO         1119    i._sputc            mc_w.l(printf1.o)
    0x000057d2   0x00000100   Data   RO          297    .constdata          cpu_core.o
    0x000058d2   0x00000002   PAD
    0x000058d4   0x00000094   Data   RO          403    .constdata          lib_str.o
    0x00005968   0x00000100   Data   RO          427    .constdata          os_core.o
    0x00005a68   0x00000020   Data   RO          630    .constdata          can.o
    0x00005a88   0x00000138   Data   RO          731    .constdata          gpio.o
    0x00005bc0   0x0000010c   Data   RO          790    .constdata          interrupt.o
    0x00005ccc   0x0000006c   Data   RO          894    .constdata          sysctl.o
    0x00005d38   0x00000040   Data   RO          967    .constdata          uart.o
    0x00005d78   0x0000001c   Data   RO         1039    .constdata          uartstdio.o
    0x00005d94   0x00000011   Data   RO         1040    .conststring        uartstdio.o
    0x00005da5   0x00000003   PAD
    0x00005da8   0x00000020   Data   RO         1368    Region$$Table       anon$$obj.o


    Execution Region RW_IRAM1 (Base: 0x20000000, Size: 0x000026e0, Max: 0x00008000, ABSOLUTE, COMPRESSED[0x00000010])

    Base Addr    Size         Type   Attr      Idx    E Section Name        Object

    0x20000000   0x0000000c   Data   RW            5    .data               app.o
    0x2000000c   0x00000004   Data   RW          299    .data               cpu_core.o
    0x20000010   0x00000004   Data   RW          385    .data               lib_mem.o
    0x20000014   0x0000003c   Data   RW          428    .data               os_core.o
    0x20000050   0x00000004   Data   RW          429    .data               os_core.o
    0x20000054   0x00000004   Data   RW          430    .data               os_core.o
    0x20000058   0x00000004   Data   RW          551    .data               os_cpu_c.o
    0x2000005c   0x00000008   Data   RW         1041    .data               uartstdio.o
    0x20000064   0x0000039c   PAD
    0x20000400   0x0000026c   Data   RW          791    vtable              interrupt.o
    0x2000066c   0x00000814   Zero   RW            4    .bss                app.o
    0x20000e80   0x000001c0   Zero   RW          210    .bss                bsp_int.o
    0x20001040   0x00000010   Zero   RW          296    .bss                cpu_core.o
    0x20001050   0x00000448   Zero   RW          384    .bss                lib_mem.o
    0x20001498   0x00000d80   Zero   RW          424    .bss                os_core.o
    0x20002218   0x00000050   Zero   RW          425    .bss                os_core.o
    0x20002268   0x00000078   Zero   RW          426    .bss                os_core.o
    0x200022e0   0x00000200   Zero   RW          550    .bss                os_cpu_c.o
    0x200024e0   0x00000200   Zero   RW          288    STACK               cstartup.o


==============================================================================

Image component sizes


      Code (inc. data)   RO Data    RW Data    ZI Data      Debug   Object Name

       848        250          0         12       2068      28297   app.o
        16          0          0          0          0       9371   app_hooks.o
       168         62          0          0          0       8491   bsp.o
       584          8          0          0        448      14410   bsp_int.o
       200         18          0          0          0       1153   bsp_led.o
        16          6          0          0          0        652   bsp_sys.o
      1296         30         32          0          0       7612   can.o
        38          0          0          0          0        672   cpu.o
        52          0          0          0          0        408   cpu_a.o
        88         12          0          0          0       2552   cpu_bsp.o
       884         78          0          0          0       2873   cpu_c.o
       448         12        256          4         16       6613   cpu_core.o
        24          6        512          0        512        764   cstartup.o
      1336          8        312          0          0      10082   gpio.o
       616         26        268        620          0       4776   interrupt.o
       346          0          0          0          0      14986   lib_ascii.o
      2388         40          0          4       1096      20512   lib_mem.o
       544          0          0          0          0        556   lib_mem_a.o
      1440          6        148          0          0       9288   lib_str.o
      2332         86        256         68       3656      17359   os_core.o
       220         36          0          0          0        500   os_cpu_a.o
       616        134          0          4        512      12440   os_cpu_c.o
         2          0          0          0          0        642   os_dbg.o
      1420         38          0          0          0       5622   os_flag.o
       396         18          0          0          0       2736   os_mem.o
      1776         72          0          0          0       6734   os_task.o
       348         28          0          0          0       1726   os_time.o
      1382         82        108          0          0       8855   sysctl.o
       692          6         64          0          0       9306   uart.o
       704         28         45          8          0       3533   uartstdio.o

    ----------------------------------------------------------------------
     21228       1090       2038       1644       8308     213521   Object Totals
         0          0         32          0          0          0   (incl. Generated)
         8          0          5        924          0          0   (incl. Padding)

    ----------------------------------------------------------------------

      Code (inc. data)   RO Data    RW Data    ZI Data      Debug   Library Member Name

        58          0          0          0          0          0   __dczerorl.o
         0          0          0          0          0          0   entry.o
         0          0          0          0          0          0   entry10a.o
         0          0          0          0          0          0   entry11a.o
         8          4          0          0          0          0   entry2.o
         4          0          0          0          0          0   entry5.o
         0          0          0          0          0          0   entry7b.o
         0          0          0          0          0          0   entry8b.o
         8          4          0          0          0          0   entry9a.o
        30          0          0          0          0          0   handlers.o
        36          8          0          0          0         68   init.o
        30          0          0          0          0         68   llshl.o
        32          0          0          0          0         68   llushr.o
       390         12          0          0          0        248   printf1.o
        44          0          0          0          0         80   uidiv.o
        98          0          0          0          0         92   uldiv.o

    ----------------------------------------------------------------------
       742         28          0          0          0        624   Library Totals
         4          0          0          0          0          0   (incl. Padding)

    ----------------------------------------------------------------------

      Code (inc. data)   RO Data    RW Data    ZI Data      Debug   Library Name

       738         28          0          0          0        624   mc_w.l

    ----------------------------------------------------------------------
       742         28          0          0          0        624   Library Totals

    ----------------------------------------------------------------------

==============================================================================


      Code (inc. data)   RO Data    RW Data    ZI Data      Debug   

     21970       1118       2038       1644       8308     207485   Grand Totals
     21970       1118       2038         16       8308     207485   ELF Image Totals (compressed)
     21970       1118       2038         16          0          0   ROM Totals

==============================================================================

    Total RO  Size (Code + RO Data)                24008 (  23.45kB)
    Total RW  Size (RW Data + ZI Data)              9952 (   9.72kB)
    Total ROM Size (Code + RO Data + RW Data)      24024 (  23.46kB)

==============================================================================

